 libcurld

 Timestamp is 4fe81c75 (Mon Jun 25 16:08:21 2012)

 Preferred load address is 10000000

 Start         Length     Name                   Class
 0001:00000000 0004a9e8H .text                   CODE
 0002:00000000 000002a4H .idata$5                DATA
 0002:000002a4 00000004H .CRT$XCA                DATA
 0002:000002a8 00000004H .CRT$XCZ                DATA
 0002:000002ac 00000004H .CRT$XIA                DATA
 0002:000002b0 00000004H .CRT$XIAA               DATA
 0002:000002b4 00000004H .CRT$XIC                DATA
 0002:000002b8 00000004H .CRT$XIZ                DATA
 0002:000002c0 000013b0H .rdata                  DATA
 0002:00001670 00000081H .rdata$debug            DATA
 0002:00001700 00000004H .rdata$sxdata           DATA
 0002:00001704 00000004H .rtc$IAA                DATA
 0002:00001708 0000010cH .rtc$IMZ                DATA
 0002:00001814 00000004H .rtc$IZZ                DATA
 0002:00001818 00000004H .rtc$TAA                DATA
 0002:0000181c 0000010cH .rtc$TMZ                DATA
 0002:00001928 00000004H .rtc$TZZ                DATA
 0002:00001930 000000c4H .xdata$x                DATA
 0002:000019f4 00000050H .idata$2                DATA
 0002:00001a44 00000014H .idata$3                DATA
 0002:00001a58 000002a4H .idata$4                DATA
 0002:00001cfc 00000746H .idata$6                DATA
 0002:00002450 0000064aH .edata                  DATA
 0003:00000000 00006fd0H .data                   DATA
 0003:00006fd0 000004b8H .bss                    DATA
 0004:00000000 00000058H .rsrc$01                DATA
 0004:00000060 000003a8H .rsrc$02                DATA

  Address         Publics by Value              Rva+Base       Lib:Object

 0000:00000000       __except_list              00000000     <absolute>
 0000:00000001       ___safe_se_handler_count   00000001     <absolute>
 0000:00009876       __ldused                   00009876     <absolute>
 0000:00009876       __fltused                  00009876     <absolute>
 0000:00000000       ___ImageBase               10000000     <linker-defined>
 0001:00000000       _Curl_resolver_global_init 10001000 f   asyn-thread.obj
 0001:00000010       _Curl_resolver_global_cleanup 10001010 f   asyn-thread.obj
 0001:00000020       _Curl_resolver_init        10001020 f   asyn-thread.obj
 0001:00000030       _Curl_resolver_cleanup     10001030 f   asyn-thread.obj
 0001:00000040       _Curl_resolver_duphandle   10001040 f   asyn-thread.obj
 0001:00000050       _Curl_resolver_cancel      10001050 f   asyn-thread.obj
 0001:000001c0       _Curl_resolver_wait_resolv 100011c0 f   asyn-thread.obj
 0001:00000390       _Curl_resolver_is_resolved 10001390 f   asyn-thread.obj
 0001:00000520       _Curl_resolver_getsock     10001520 f   asyn-thread.obj
 0001:00000570       _Curl_resolver_getaddrinfo 10001570 f   asyn-thread.obj
 0001:00000af0       _Curl_base64_decode        10001af0 f   base64.obj
 0001:00000de0       _Curl_base64_encode        10001de0 f   base64.obj
 0001:000010b0       _Curl_timeleft             100020b0 f   connect.obj
 0001:00001210       _Curl_persistconninfo      10002210 f   connect.obj
 0001:00001290       _Curl_updateconninfo       10002290 f   connect.obj
 0001:00001590       _Curl_is_connected         10002590 f   connect.obj
 0001:00001b50       _Curl_sndbufset            10002b50 f   connect.obj
 0001:000028c0       _Curl_connecthost          100038c0 f   connect.obj
 0001:00002af0       _Curl_getconnectinfo       10003af0 f   connect.obj
 0001:00002c00       _Curl_closesocket          10003c00 f   connect.obj
 0001:00002c60       _Curl_cookie_loadfiles     10003c60 f   cookie.obj
 0001:00002d10       _Curl_cookie_add           10003d10 f   cookie.obj
 0001:000041a0       _Curl_cookie_init          100051a0 f   cookie.obj
 0001:00004400       _Curl_cookie_getlist       10005400 f   cookie.obj
 0001:00004790       _Curl_cookie_clearall      10005790 f   cookie.obj
 0001:000047d0       _Curl_cookie_freelist      100057d0 f   cookie.obj
 0001:00004840       _Curl_cookie_clearsess     10005840 f   cookie.obj
 0001:00004920       _Curl_cookie_cleanup       10005920 f   cookie.obj
 0001:000049b0       _Curl_cookie_list          100059b0 f   cookie.obj
 0001:00004bd0       _Curl_flush_cookies        10005bd0 f   cookie.obj
 0001:00004e60       _Curl_freeaddrinfo         10005e60 f   curl_addrinfo.obj
 0001:00004f00       _Curl_getaddrinfo_ex       10005f00 f   curl_addrinfo.obj
 0001:000051c0       _Curl_he2ai                100061c0 f   curl_addrinfo.obj
 0001:000053e0       _Curl_ip2addr              100063e0 f   curl_addrinfo.obj
 0001:00005570       _Curl_str2addr             10006570 f   curl_addrinfo.obj
 0001:00005600       _Curl_fnmatch              10006600 f   curl_fnmatch.obj
 0001:000064e0       _Curl_gethostname          100074e0 f   curl_gethostname.obj
 0001:00006570       _Curl_memrchr              10007570 f   curl_memrchr.obj
 0001:000065d0       _Curl_rand                 100075d0 f   curl_rand.obj
 0001:00006620       _Curl_srand                10007620 f   curl_rand.obj
 0001:00006680       _Curl_thread_create        10007680 f   curl_threads.obj
 0001:000066e0       _Curl_thread_destroy       100076e0 f   curl_threads.obj
 0001:00006710       _Curl_thread_join          10007710 f   curl_threads.obj
 0001:00006d90       _curl_global_init          10007d90 f   easy.obj
 0001:00006f70       _curl_global_init_mem      10007f70 f   easy.obj
 0001:00007010       _curl_global_cleanup       10008010 f   easy.obj
 0001:00007090       _curl_easy_init            10008090 f   easy.obj
 0001:00007130       _curl_easy_setopt          10008130 f   easy.obj
 0001:000071a0       _curl_easy_perform         100081a0 f   easy.obj
 0001:000072c0       _curl_easy_cleanup         100082c0 f   easy.obj
 0001:00007300       _Curl_easy_addmulti        10008300 f   easy.obj
 0001:00007330       _Curl_easy_initHandleData  10008330 f   easy.obj
 0001:00007370       _curl_easy_getinfo         10008370 f   easy.obj
 0001:000073d0       _curl_easy_duphandle       100083d0 f   easy.obj
 0001:00007760       _curl_easy_reset           10008760 f   easy.obj
 0001:00007890       _curl_easy_pause           10008890 f   easy.obj
 0001:00007a90       _curl_easy_recv            10008a90 f   easy.obj
 0001:00007bf0       _curl_easy_send            10008bf0 f   easy.obj
 0001:00007ce0       _curl_escape               10008ce0 f   escape.obj
 0001:00007d00       _curl_unescape             10008d00 f   escape.obj
 0001:00007d20       _curl_easy_escape          10008d20 f   escape.obj
 0001:00007f60       _curl_easy_unescape        10008f60 f   escape.obj
 0001:00008140       _curl_free                 10009140 f   escape.obj
 0001:000092c0       _Curl_fileinfo_alloc       1000a2c0 f   fileinfo.obj
 0001:00009310       _Curl_fileinfo_dtor        1000a310 f   fileinfo.obj
 0001:00009380       _curl_formadd              1000a380 f   formdata.obj
 0001:0000a180       _Curl_formclean            1000b180 f   formdata.obj
 0001:0000a210       _curl_formget              1000b210 f   formdata.obj
 0001:0000a420       _curl_formfree             1000b420 f   formdata.obj
 0001:0000a530       _Curl_getformdata          1000b530 f   formdata.obj
 0001:0000b100       _Curl_FormInit             1000c100 f   formdata.obj
 0001:0000b260       _Curl_FormReader           1000c260 f   formdata.obj
 0001:0000b3b0       _Curl_formpostheader       1000c3b0 f   formdata.obj
 0001:0000b410       _Curl_FormBoundary         1000c410 f   formdata.obj
 0001:0000b4b0       _Curl_GetFTPResponse       1000c4b0 f   ftp.obj
 0001:00011b60       _Curl_ftpsendf             10012b60 f   ftp.obj
 0001:00012a10       _Curl_ftp_parselist_data_alloc 10013a10 f   ftplistparser.obj
 0001:00012a40       _Curl_ftp_parselist_data_free 10013a40 f   ftplistparser.obj
 0001:00012a80       _Curl_ftp_parselist_geterror 10013a80 f   ftplistparser.obj
 0001:00012a90       _Curl_ftp_parselist        10013a90 f   ftplistparser.obj
 0001:00014790       _curl_getenv               10015790 f   getenv.obj
 0001:000148b0       _Curl_initinfo             100158b0 f   getinfo.obj
 0001:000149b0       _Curl_getinfo              100159b0 f   getinfo.obj
 0001:00015370       _Curl_hash_init            10016370 f   hash.obj
 0001:00015590       _Curl_hash_alloc           10016590 f   hash.obj
 0001:00015630       _Curl_hash_add             10016630 f   hash.obj
 0001:00015830       _Curl_hash_delete          10016830 f   hash.obj
 0001:00015910       _Curl_hash_pick            10016910 f   hash.obj
 0001:000159d0       _Curl_hash_clean           100169d0 f   hash.obj
 0001:00015a70       _Curl_hash_clean_with_criterium 10016a70 f   hash.obj
 0001:00015b40       _Curl_hash_destroy         10016b40 f   hash.obj
 0001:00015b80       _Curl_hash_str             10016b80 f   hash.obj
 0001:00015bf0       _Curl_str_key_compare      10016bf0 f   hash.obj
 0001:00015c60       _Curl_HMAC_init            10016c60 f   hmac.obj
 0001:00015ec0       _Curl_HMAC_update          10016ec0 f   hmac.obj
 0001:00015f00       _Curl_HMAC_final           10016f00 f   hmac.obj
 0001:00015fc0       _Curl_addrinfo_callback    10016fc0 f   hostasyn.obj
 0001:000160b0       _Curl_async_resolved       100170b0 f   hostasyn.obj
 0001:00016120       _Curl_getaddrinfo          10017120 f   hostasyn.obj
 0001:00016150       _Curl_global_host_cache_init 10017150 f   hostip.obj
 0001:000161c0       _Curl_global_host_cache_dtor 100171c0 f   hostip.obj
 0001:000161f0       _Curl_num_addresses        100171f0 f   hostip.obj
 0001:00016230       _Curl_printable_address    10017230 f   hostip.obj
 0001:000162a0       _Curl_hostcache_prune      100172a0 f   hostip.obj
 0001:000164b0       _Curl_cache_addr           100174b0 f   hostip.obj
 0001:00016640       _Curl_resolv               10017640 f   hostip.obj
 0001:00016970       _Curl_resolv_timeout       10017970 f   hostip.obj
 0001:000169c0       _Curl_resolv_unlock        100179c0 f   hostip.obj
 0001:00016ac0       _Curl_mk_dnscache          10017ac0 f   hostip.obj
 0001:00016af0       _Curl_ipvalid              10017af0 f   hostip4.obj
 0001:00016b10       _Curl_ipv4_resolve_r       10017b10 f   hostip4.obj
 0001:00016c90       _Curl_checkheaders         10017c90 f   http.obj
 0001:00016d10       _Curl_http_auth_act        10017d10 f   http.obj
 0001:00017330       _Curl_http_output_auth     10018330 f   http.obj
 0001:00017870       _Curl_http_input_auth      10018870 f   http.obj
 0001:00017bc0       _Curl_add_buffer_init      10018bc0 f   http.obj
 0001:00017bf0       _Curl_add_buffer_send      10018bf0 f   http.obj
 0001:000180c0       _Curl_add_bufferf          100190c0 f   http.obj
 0001:00018190       _Curl_add_buffer           10019190 f   http.obj
 0001:00018340       _Curl_compareheader        10019340 f   http.obj
 0001:00018490       _Curl_http_connect         10019490 f   http.obj
 0001:000185a0       _Curl_http_done            100195a0 f   http.obj
 0001:00018780       _Curl_add_custom_headers   10019780 f   http.obj
 0001:000189f0       _Curl_add_timecondition    100199f0 f   http.obj
 0001:00018b90       _Curl_http                 10019b90 f   http.obj
 0001:0001b070       _Curl_http_readwrite_headers 1001c070 f   http.obj
 0001:0001c920       _Curl_httpchunk_init       1001d920 f   http_chunks.obj
 0001:0001c960       _Curl_httpchunk_read       1001d960 f   http_chunks.obj
 0001:0001d010       _Curl_input_digest         1001e010 f   http_digest.obj
 0001:0001d7a0       _Curl_output_digest        1001e7a0 f   http_digest.obj
 0001:0001e270       _Curl_digest_cleanup       1001f270 f   http_digest.obj
 0001:0001e2a0       _Curl_proxyCONNECT         1001f2a0 f   http_proxy.obj
 0001:0001ef50       _Curl_if2ip                1001ff50 f   if2ip.obj
 0001:00020360       _Curl_inet_ntop            10021360 f   inet_ntop.obj
 0001:000204d0       _Curl_inet_pton            100214d0 f   inet_pton.obj
 0001:00021800       _Curl_llist_alloc          10022800 f   llist.obj
 0001:00021880       _Curl_llist_insert_next    10022880 f   llist.obj
 0001:00021990       _Curl_llist_remove         10022990 f   llist.obj
 0001:00021a90       _Curl_llist_destroy        10022a90 f   llist.obj
 0001:00021ae0       _Curl_llist_count          10022ae0 f   llist.obj
 0001:00021af0       _Curl_llist_move           10022af0 f   llist.obj
 0001:00022e70       _Curl_md5it                10023e70 f   md5.obj
 0001:00022f10       _curl_mvsnprintf           10023f10 f   mprintf.obj
 0001:00024ef0       _curl_msnprintf            10025ef0 f   mprintf.obj
 0001:00024f40       _curl_maprintf             10025f40 f   mprintf.obj
 0001:00025150       _curl_mvaprintf            10026150 f   mprintf.obj
 0001:00025240       _curl_msprintf             10026240 f   mprintf.obj
 0001:000252e0       _curl_mprintf              100262e0 f   mprintf.obj
 0001:00025340       _curl_mfprintf             10026340 f   mprintf.obj
 0001:00025390       _curl_mvsprintf            10026390 f   mprintf.obj
 0001:000253d0       _curl_mvprintf             100263d0 f   mprintf.obj
 0001:00025410       _curl_mvfprintf            10026410 f   mprintf.obj
 0001:00025440       _curl_multi_init           10026440 f   multi.obj
 0001:00025640       _curl_multi_add_handle     10026640 f   multi.obj
 0001:00025a20       _curl_multi_remove_handle  10026a20 f   multi.obj
 0001:00025da0       _Curl_multi_canPipeline    10026da0 f   multi.obj
 0001:00025db0       _Curl_multi_handlePipeBreak 10026db0 f   multi.obj
 0001:00025de0       _curl_multi_fdset          10026de0 f   multi.obj
 0001:000261f0       _curl_multi_perform        100271f0 f   multi.obj
 0001:00027850       _curl_multi_cleanup        10028850 f   multi.obj
 0001:00027a90       _curl_multi_info_read      10028a90 f   multi.obj
 0001:00028150       _curl_multi_setopt         10029150 f   multi.obj
 0001:00028290       _curl_multi_socket         10029290 f   multi.obj
 0001:00028650       _curl_multi_socket_action  10029650 f   multi.obj
 0001:000286a0       _curl_multi_socket_all     100296a0 f   multi.obj
 0001:000286f0       _curl_multi_timeout        100296f0 f   multi.obj
 0001:00028e80       _Curl_expire               10029e80 f   multi.obj
 0001:000291f0       _curl_multi_assign         1002a1f0 f   multi.obj
 0001:000294f0       _Curl_parsenetrc           1002a4f0 f   netrc.obj
 0001:000298d0       _curlx_nonblock            1002a8d0 f   nonblock.obj
 0001:00029950       _curl_getdate              1002a950 f   parsedate.obj
 0001:0002a3f0       _Curl_gmtime               1002b3f0 f   parsedate.obj
 0001:0002a470       _Curl_pp_state_timeout     1002b470 f   pingpong.obj
 0001:0002a560       _Curl_pp_multi_statemach   1002b560 f   pingpong.obj
 0001:0002a670       _Curl_pp_easy_statemach    1002b670 f   pingpong.obj
 0001:0002a7d0       _Curl_pp_init              1002b7d0 f   pingpong.obj
 0001:0002a830       _Curl_pp_vsendf            1002b830 f   pingpong.obj
 0001:0002aa50       _Curl_pp_sendf             1002ba50 f   pingpong.obj
 0001:0002aaa0       _Curl_pp_readresp          1002baa0 f   pingpong.obj
 0001:0002aef0       _Curl_pp_getsock           1002bef0 f   pingpong.obj
 0001:0002af40       _Curl_pp_flushsend         1002bf40 f   pingpong.obj
 0001:0002b060       _Curl_pp_disconnect        1002c060 f   pingpong.obj
 0001:0002c330       _Curl_pop3_write           1002d330 f   pop3.obj
 0001:0002c490       _Curl_pgrsDone             1002d490 f   progress.obj
 0001:0002c510       _Curl_pgrsResetTimes       1002d510 f   progress.obj
 0001:0002c550       _Curl_pgrsTime             1002d550 f   progress.obj
 0001:0002c6e0       _Curl_pgrsStartNow         1002d6e0 f   progress.obj
 0001:0002c730       _Curl_pgrsSetDownloadCounter 1002d730 f   progress.obj
 0001:0002c750       _Curl_pgrsSetUploadCounter 1002d750 f   progress.obj
 0001:0002c770       _Curl_pgrsSetDownloadSize  1002d770 f   progress.obj
 0001:0002c7d0       _Curl_pgrsSetUploadSize    1002d7d0 f   progress.obj
 0001:0002c830       _Curl_pgrsUpdate           1002d830 f   progress.obj
 0001:0002d9a0       _Curl_raw_toupper          1002e9a0 f   rawstr.obj
 0001:0002dab0       _Curl_raw_equal            1002eab0 f   rawstr.obj
 0001:0002db40       _Curl_raw_nequal           1002eb40 f   rawstr.obj
 0001:0002dbf0       _Curl_strntoupper          1002ebf0 f   rawstr.obj
 0001:0002dc80       _Curl_rtsp_connisdead      1002ec80 f   rtsp.obj
 0001:0002ef70       _Curl_rtsp_parseheader     1002ff70 f   rtsp.obj
 0001:0002f2c0       _Curl_wait_ms              100302c0 f   select.obj
 0001:0002f330       _Curl_socket_ready         10030330 f   select.obj
 0001:0002f880       _Curl_poll                 10030880 f   select.obj
 0001:0002ff20       _Curl_infof                10030f20 f   sendf.obj
 0001:00030000       _Curl_failf                10031000 f   sendf.obj
 0001:00030110       _Curl_sendf                10031110 f   sendf.obj
 0001:00030260       _Curl_write                10031260 f   sendf.obj
 0001:00030350       _Curl_send_plain           10031350 f   sendf.obj
 0001:00030430       _Curl_write_plain          10031430 f   sendf.obj
 0001:000304d0       _Curl_recv_plain           100314d0 f   sendf.obj
 0001:000305a0       _Curl_client_write         100315a0 f   sendf.obj
 0001:000308e0       _Curl_read_plain           100318e0 f   sendf.obj
 0001:00030960       _Curl_read                 10031960 f   sendf.obj
 0001:00030bf0       _Curl_debug                10031bf0 f   sendf.obj
 0001:00030e60       _curl_share_init           10031e60 f   share.obj
 0001:00030eb0       _curl_share_setopt         10031eb0 f   share.obj
 0001:00031110       _curl_share_cleanup        10032110 f   share.obj
 0001:00031220       _Curl_share_lock           10032220 f   share.obj
 0001:000312a0       _Curl_share_unlock         100322a0 f   share.obj
 0001:00031310       _curl_slist_append         10032310 f   slist.obj
 0001:00031420       _Curl_slist_duplicate      10032420 f   slist.obj
 0001:00031490       _curl_slist_free_all       10032490 f   slist.obj
 0001:00033bf0       _Curl_smtp_escape_eob      10034bf0 f   smtp.obj
 0001:00033de0       _Curl_blockread_all        10034de0 f   socks.obj
 0001:00033f10       _Curl_SOCKS4               10034f10 f   socks.obj
 0001:00034610       _Curl_SOCKS5               10035610 f   socks.obj
 0001:00035170       _Curl_speedinit            10036170 f   speedcheck.obj
 0001:000351a0       _Curl_speedcheck           100361a0 f   speedcheck.obj
 0001:00035320       _Curl_splay                10036320 f   splay.obj
 0001:000355b0       _Curl_splayinsert          100365b0 f   splay.obj
 0001:000357a0       _Curl_splaygetbest         100367a0 f   splay.obj
 0001:00035990       _Curl_splayremovebyaddr    10036990 f   splay.obj
 0001:00035b30       _Curl_ssl_config_matches   10036b30 f   sslgen.obj
 0001:00035c60       _Curl_clone_ssl_config     10036c60 f   sslgen.obj
 0001:00035df0       _Curl_free_ssl_config      10036df0 f   sslgen.obj
 0001:00035ef0       _curl_strequal             10036ef0 f   strequal.obj
 0001:00035f20       _curl_strnequal            10036f20 f   strequal.obj
 0001:00035f60       _Curl_strlcat              10036f60 f   strequal.obj
 0001:00036080       _curl_easy_strerror        10037080 f   strerror.obj
 0001:000364e0       _curl_multi_strerror       100374e0 f   strerror.obj
 0001:00036570       _curl_share_strerror       10037570 f   strerror.obj
 0001:000365e0       _Curl_strerror             100375e0 f   strerror.obj
 0001:00036ba0       _Curl_strtok_r             10037ba0 f   strtok.obj
 0001:0003c080       _curlx_tvnow               1003d080 f   timeval.obj
 0001:0003c110       _curlx_tvdiff              1003d110 f   timeval.obj
 0001:0003c140       _curlx_tvdiff_secs         1003d140 f   timeval.obj
 0001:0003c180       _Curl_tvlong               1003d180 f   timeval.obj
 0001:0003c190       _Curl_fillreadbuffer       1003d190 f   transfer.obj
 0001:0003c420       _Curl_readrewind           1003d420 f   transfer.obj
 0001:0003c5c0       _Curl_meets_timecondition  1003d5c0 f   transfer.obj
 0001:0003c6c0       _Curl_readwrite            1003d6c0 f   transfer.obj
 0001:0003dc10       _Curl_single_getsock       1003ec10 f   transfer.obj
 0001:0003dd50       _Curl_sleep_time           1003ed50 f   transfer.obj
 0001:0003deb0       _Curl_pretransfer          1003eeb0 f   transfer.obj
 0001:0003e280       _Curl_posttransfer         1003f280 f   transfer.obj
 0001:0003e290       _Curl_follow               1003f290 f   transfer.obj
 0001:0003ec10       _Curl_reconnect_request    1003fc10 f   transfer.obj
 0001:0003ed60       _Curl_retry_request        1003fd60 f   transfer.obj
 0001:0003eeb0       _Curl_perform              1003feb0 f   transfer.obj
 0001:0003f930       _Curl_setup_transfer       10040930 f   transfer.obj
 0001:0003faf0       _Curl_freeset              10040af0 f   url.obj
 0001:0003fb70       _Curl_dupset               10040b70 f   url.obj
 0001:0003fca0       _Curl_close                10040ca0 f   url.obj
 0001:00040100       _Curl_mk_connc             10041100 f   url.obj
 0001:000401f0       _Curl_ch_connc             100411f0 f   url.obj
 0001:00040360       _Curl_rm_connc             10041360 f   url.obj
 0001:00040420       _Curl_init_userdefined     10041420 f   url.obj
 0001:00040660       _Curl_open                 10041660 f   url.obj
 0001:00040850       _Curl_setopt               10041850 f   url.obj
 0001:00043730       _Curl_disconnect           10044730 f   url.obj
 0001:00043980       _Curl_isPipeliningEnabled  10044980 f   url.obj
 0001:000439c0       _Curl_addHandleToPipeline  100449c0 f   url.obj
 0001:000439f0       _Curl_removeHandleFromPipeline 100449f0 f   url.obj
 0001:00043a50       _Curl_getoff_all_pipelines 10044a50 f   url.obj
 0001:00043d80       _Curl_connected_proxy      10044d80 f   url.obj
 0001:00043e70       _Curl_verboseconnect       10044e70 f   url.obj
 0001:00043ef0       _Curl_protocol_getsock     10044ef0 f   url.obj
 0001:00043f40       _Curl_doing_getsock        10044f40 f   url.obj
 0001:00043f90       _Curl_protocol_connecting  10044f90 f   url.obj
 0001:00044010       _Curl_protocol_doing       10045010 f   url.obj
 0001:00044090       _Curl_protocol_connect     10045090 f   url.obj
 0001:000441a0       _Curl_setup_conn           100451a0 f   url.obj
 0001:00044570       _Curl_connect              10045570 f   url.obj
 0001:00047dc0       _Curl_done                 10048dc0 f   url.obj
 0001:000481b0       _Curl_do                   100491b0 f   url.obj
 0001:00048310       _Curl_do_more              10049310 f   url.obj
 0001:00048380       _Curl_reset_reqproto       10049380 f   url.obj
 0001:00048400       _curl_version              10049400 f   version.obj
 0001:000484b0       _curl_version_info         100494b0 f   version.obj
 0001:000484c0       _curlx_ultous              100494c0 f   warnless.obj
 0001:000484d0       _curlx_ultouc              100494d0 f   warnless.obj
 0001:000484e0       _curlx_uztosi              100494e0 f   warnless.obj
 0001:000484f0       _curlx_sltosi              100494f0 f   warnless.obj
 0001:00048510       _curlx_sltoui              10049510 f   warnless.obj
 0001:00048520       _curlx_sltous              10049520 f   warnless.obj
 0001:00048540       _curlx_uztosz              10049540 f   warnless.obj
 0001:00048550       _curlx_sotouz              10049550 f   warnless.obj
 0001:00048570       _curlx_sitouz              10049570 f   warnless.obj
 0001:00048580       _Curl_wildcard_init        10049580 f   wildcard.obj
 0001:000485c0       _Curl_wildcard_dtor        100495c0 f   wildcard.obj
 0001:000486a4       _closesocket@4             100496a4 f   ws2_32:WS2_32.dll
 0001:000486aa       _WSAGetLastError@0         100496aa f   ws2_32:WS2_32.dll
 0001:000486b0       _socket@12                 100496b0 f   ws2_32:WS2_32.dll
 0001:000486b6       _getsockname@12            100496b6 f   ws2_32:WS2_32.dll
 0001:000486bc       _getpeername@12            100496bc f   ws2_32:WS2_32.dll
 0001:000486c2       _ntohs@4                   100496c2 f   ws2_32:WS2_32.dll
 0001:000486c8       _WSASetLastError@4         100496c8 f   ws2_32:WS2_32.dll
 0001:000486ce       _getsockopt@20             100496ce f   ws2_32:WS2_32.dll
 0001:000486d4       _setsockopt@20             100496d4 f   ws2_32:WS2_32.dll
 0001:000486da       _connect@12                100496da f   ws2_32:WS2_32.dll
 0001:000486e0       _bind@12                   100496e0 f   ws2_32:WS2_32.dll
 0001:000486e6       _htons@4                   100496e6 f   ws2_32:WS2_32.dll
 0001:000486ec       _recv@16                   100496ec f   ws2_32:WS2_32.dll
 0001:000486f2       _freeaddrinfo@4            100496f2 f   ws2_32:WS2_32.dll
 0001:000486f8       _getaddrinfo@16            100496f8 f   ws2_32:WS2_32.dll
 0001:000486fe       _gethostname@8             100496fe f   ws2_32:WS2_32.dll
 0001:00048704       _WSACleanup@0              10049704 f   ws2_32:WS2_32.dll
 0001:0004870a       _WSAStartup@8              1004970a f   ws2_32:WS2_32.dll
 0001:00048710       _listen@8                  10049710 f   ws2_32:WS2_32.dll
 0001:00048716       _accept@12                 10049716 f   ws2_32:WS2_32.dll
 0001:0004871c       _ioctlsocket@12            1004971c f   ws2_32:WS2_32.dll
 0001:00048722       ___WSAFDIsSet@8            10049722 f   ws2_32:WS2_32.dll
 0001:00048728       _select@20                 10049728 f   ws2_32:WS2_32.dll
 0001:0004872e       _send@16                   1004972e f   ws2_32:WS2_32.dll
 0001:00048734       _sendto@24                 10049734 f   ws2_32:WS2_32.dll
 0001:0004873a       _recvfrom@24               1004973a f   ws2_32:WS2_32.dll
 0001:00048740       _ldap_unbind_s             10049740 f   wldap32:WLDAP32.dll
 0001:00048746       _ldap_msgfree              10049746 f   wldap32:WLDAP32.dll
 0001:0004874c       _ber_free                  1004974c f   wldap32:WLDAP32.dll
 0001:00048752       _ldap_memfree              10049752 f   wldap32:WLDAP32.dll
 0001:00048758       _ldap_value_free_len       10049758 f   wldap32:WLDAP32.dll
 0001:0004875e       _ldap_get_values_len       1004975e f   wldap32:WLDAP32.dll
 0001:00048764       _ldap_next_attribute       10049764 f   wldap32:WLDAP32.dll
 0001:0004876a       _ldap_first_attribute      1004976a f   wldap32:WLDAP32.dll
 0001:00048770       _ldap_get_dn               10049770 f   wldap32:WLDAP32.dll
 0001:00048776       _ldap_next_entry           10049776 f   wldap32:WLDAP32.dll
 0001:0004877c       _ldap_first_entry          1004977c f   wldap32:WLDAP32.dll
 0001:00048782       _ldap_search_s             10049782 f   wldap32:WLDAP32.dll
 0001:00048788       _ldap_simple_bind_s        10049788 f   wldap32:WLDAP32.dll
 0001:0004878e       _ldap_init                 1004978e f   wldap32:WLDAP32.dll
 0001:00048794       _ldap_set_option           10049794 f   wldap32:WLDAP32.dll
 0001:0004879a       _ldap_err2string           1004979a f   wldap32:WLDAP32.dll
 0001:000487a0       _DeleteCriticalSection@4   100497a0 f   kernel32:KERNEL32.dll
 0001:000487a6       _LeaveCriticalSection@4    100497a6 f   kernel32:KERNEL32.dll
 0001:000487ac       _EnterCriticalSection@4    100497ac f   kernel32:KERNEL32.dll
 0001:000487b2       _GetLastError@0            100497b2 f   kernel32:KERNEL32.dll
 0001:000487b8       _SetLastError@4            100497b8 f   kernel32:KERNEL32.dll
 0001:000487be       _InitializeCriticalSection@4 100497be f   kernel32:KERNEL32.dll
 0001:000487c4       _SleepEx@8                 100497c4 f   kernel32:KERNEL32.dll
 0001:000487ca       _CloseHandle@4             100497ca f   kernel32:KERNEL32.dll
 0001:000487d0       _WaitForSingleObject@8     100497d0 f   kernel32:KERNEL32.dll
 0001:000487d6       _ExpandEnvironmentStringsA@12 100497d6 f   kernel32:KERNEL32.dll
 0001:000487dc       _Sleep@4                   100497dc f   kernel32:KERNEL32.dll
 0001:000487e2       _FormatMessageA@28         100497e2 f   kernel32:KERNEL32.dll
 0001:000487e8       _ReadFile@20               100497e8 f   kernel32:KERNEL32.dll
 0001:000487ee       _PeekNamedPipe@24          100497ee f   kernel32:KERNEL32.dll
 0001:000487f4       _WaitForMultipleObjects@16 100497f4 f   kernel32:KERNEL32.dll
 0001:000487fa       _GetFileType@4             100497fa f   kernel32:KERNEL32.dll
 0001:00048800       _GetStdHandle@4            10049800 f   kernel32:KERNEL32.dll
 0001:00048806       _FreeLibrary@4             10049806 f   kernel32:KERNEL32.dll
 0001:0004880c       _GetProcAddress@8          1004980c f   kernel32:KERNEL32.dll
 0001:00048812       _LoadLibraryA@4            10049812 f   kernel32:KERNEL32.dll
 0001:00048818       _GetTickCount@0            10049818 f   kernel32:KERNEL32.dll
 0001:00048820       __RTC_InitBase             10049820 f   MSVCRTD:_init_.obj
 0001:00048850       __RTC_Shutdown             10049850 f   MSVCRTD:_init_.obj
 0001:00048870       __RTC_CheckEsp             10049870 f   MSVCRTD:_stack_.obj
 0001:000488a0       @_RTC_CheckStackVars@8     100498a0 f   MSVCRTD:_stack_.obj
 0001:00048900       @_RTC_AllocaHelper@12      10049900 f   MSVCRTD:_stack_.obj
 0001:00048940       @_RTC_CheckStackVars2@12   10049940 f   MSVCRTD:_stack_.obj
 0001:00048a16       _memset                    10049a16 f   MSVCRTD:MSVCR90D.dll
 0001:00048a20       @__security_check_cookie@4 10049a20 f   MSVCRTD:secchk.obj
 0001:00048a30       __errno                    10049a30 f   MSVCRTD:MSVCR90D.dll
 0001:00048a36       _strlen                    10049a36 f   MSVCRTD:MSVCR90D.dll
 0001:00048a3c       _memcpy                    10049a3c f   MSVCRTD:MSVCR90D.dll
 0001:00048a42       __strtoi64                 10049a42 f   MSVCRTD:MSVCR90D.dll
 0001:00048a48       _strcmp                    10049a48 f   MSVCRTD:MSVCR90D.dll
 0001:00048a4e       _strncmp                   10049a4e f   MSVCRTD:MSVCR90D.dll
 0001:00048a54       _strrchr                   10049a54 f   MSVCRTD:MSVCR90D.dll
 0001:00048a5a       _strtol                    10049a5a f   MSVCRTD:MSVCR90D.dll
 0001:00048a60       _sscanf                    10049a60 f   MSVCRTD:MSVCR90D.dll
 0001:00048a66       _strchr                    10049a66 f   MSVCRTD:MSVCR90D.dll
 0001:00048a6c       __time64                   10049a6c f   MSVCRTD:MSVCR90D.dll
 0001:00048a72       _fclose                    10049a72 f   MSVCRTD:MSVCR90D.dll
 0001:00048a78       _fgets                     10049a78 f   MSVCRTD:MSVCR90D.dll
 0001:00048a7e       _fopen                     10049a7e f   MSVCRTD:MSVCR90D.dll
 0001:00048a84       ___iob_func                10049a84 f   MSVCRTD:MSVCR90D.dll
 0001:00048a8a       _qsort                     10049a8a f   MSVCRTD:MSVCR90D.dll
 0001:00048a90       _fputs                     10049a90 f   MSVCRTD:MSVCR90D.dll
 0001:00048a96       _isgraph                   10049a96 f   MSVCRTD:MSVCR90D.dll
 0001:00048a9c       _islower                   10049a9c f   MSVCRTD:MSVCR90D.dll
 0001:00048aa2       _isupper                   10049aa2 f   MSVCRTD:MSVCR90D.dll
 0001:00048aa8       _isspace                   10049aa8 f   MSVCRTD:MSVCR90D.dll
 0001:00048aae       _isxdigit                  10049aae f   MSVCRTD:MSVCR90D.dll
 0001:00048ab4       _isdigit                   10049ab4 f   MSVCRTD:MSVCR90D.dll
 0001:00048aba       _isalpha                   10049aba f   MSVCRTD:MSVCR90D.dll
 0001:00048ac0       _isalnum                   10049ac0 f   MSVCRTD:MSVCR90D.dll
 0001:00048ac6       _isprint                   10049ac6 f   MSVCRTD:MSVCR90D.dll
 0001:00048acc       __beginthreadex            10049acc f   MSVCRTD:MSVCR90D.dll
 0001:00048ad2       _free                      10049ad2 f   MSVCRTD:MSVCR90D.dll
 0001:00048ad8       _malloc                    10049ad8 f   MSVCRTD:MSVCR90D.dll
 0001:00048ade       _calloc                    10049ade f   MSVCRTD:MSVCR90D.dll
 0001:00048ae4       _realloc                   10049ae4 f   MSVCRTD:MSVCR90D.dll
 0001:00048aea       _strtoul                   10049aea f   MSVCRTD:MSVCR90D.dll
 0001:00048af0       __lseeki64                 10049af0 f   MSVCRTD:MSVCR90D.dll
 0001:00048af6       __fstat64                  10049af6 f   MSVCRTD:MSVCR90D.dll
 0001:00048afc       _fwrite                    10049afc f   MSVCRTD:MSVCR90D.dll
 0001:00048b10       __chkstk                   10049b10 f   MSVCRTD:chkstk.obj
 0001:00048b10       __alloca_probe             10049b10     MSVCRTD:chkstk.obj
 0001:00048b3c       _fread                     10049b3c f   MSVCRTD:MSVCR90D.dll
 0001:00048b42       __stat64                   10049b42 f   MSVCRTD:MSVCR90D.dll
 0001:00048b48       _strcpy                    10049b48 f   MSVCRTD:MSVCR90D.dll
 0001:00048b4e       _strncpy                   10049b4e f   MSVCRTD:MSVCR90D.dll
 0001:00048b54       _strstr                    10049b54 f   MSVCRTD:MSVCR90D.dll
 0001:00048b5a       _strcat                    10049b5a f   MSVCRTD:MSVCR90D.dll
 0001:00048b60       _getenv                    10049b60 f   MSVCRTD:MSVCR90D.dll
 0001:00048b70       _memcmp                    10049b70 f   MSVCRTD:MSVCR90D.dll
 0001:00048b76       _memchr                    10049b76 f   MSVCRTD:MSVCR90D.dll
 0001:00048b7c       _memmove                   10049b7c f   MSVCRTD:MSVCR90D.dll
 0001:00048b82       _sprintf                   10049b82 f   MSVCRTD:MSVCR90D.dll
 0001:00048b90       __aulldiv                  10049b90 f   MSVCRTD:ulldiv.obj
 0001:00048c00       __aullrem                  10049c00 f   MSVCRTD:ullrem.obj
 0001:00048c76       _fputc                     10049c76 f   MSVCRTD:MSVCR90D.dll
 0001:00048c80       __allmul                   10049c80 f   MSVCRTD:llmul.obj
 0001:00048cb4       __gmtime64                 10049cb4 f   MSVCRTD:MSVCR90D.dll
 0001:00048cba       _fflush                    10049cba f   MSVCRTD:MSVCR90D.dll
 0001:00048cc0       __alldiv                   10049cc0 f   MSVCRTD:lldiv.obj
 0001:00048d70       __ftol2_sse                10049d70 f   MSVCRTD:ftol2.obj
 0001:00048d79       __ftol2_pentium4           10049d79 f   MSVCRTD:ftol2.obj
 0001:00048d8c       __ftol2_sse_excpt          10049d8c f   MSVCRTD:ftol2.obj
 0001:00048da6       __ftol2                    10049da6 f   MSVCRTD:ftol2.obj
 0001:00048e20       __allrem                   10049e20 f   MSVCRTD:llrem.obj
 0001:00048ed2       _strerror                  10049ed2 f   MSVCRTD:MSVCR90D.dll
 0001:00048ed8       ___sys_nerr                10049ed8 f   MSVCRTD:MSVCR90D.dll
 0001:00048ede       _fseek                     10049ede f   MSVCRTD:MSVCR90D.dll
 0001:00048ef0       __allshr                   10049ef0 f   MSVCRTD:llshr.obj
 0001:00048f12       _tolower                   10049f12 f   MSVCRTD:MSVCR90D.dll
 0001:00048fa0       __CRT_INIT@12              10049fa0 f   MSVCRTD:crtdll.obj
 0001:000492b0       _NtCurrentTeb              1004a2b0 f i MSVCRTD:crtdll.obj
 0001:000492c0       __DllMainCRTStartup@12     1004a2c0 f   MSVCRTD:crtdll.obj
 0001:000494c0       __RTC_NumErrors            1004a4c0 f   MSVCRTD:_userapi_.obj
 0001:000494d0       __RTC_GetErrDesc           1004a4d0 f   MSVCRTD:_userapi_.obj
 0001:000494f0       __RTC_SetErrorType         1004a4f0 f   MSVCRTD:_userapi_.obj
 0001:00049520       __RTC_SetErrorFunc         1004a520 f   MSVCRTD:_userapi_.obj
 0001:00049540       __RTC_SetErrorFuncW        1004a540 f   MSVCRTD:_userapi_.obj
 0001:00049560       ?_RTC_GetErrorFunc@@YAP6AHHPBDH00ZZPBX@Z 1004a560 f   MSVCRTD:_userapi_.obj
 0001:00049570       ?_RTC_GetErrorFuncW@@YAP6AHHPB_WH00ZZPBX@Z 1004a570 f   MSVCRTD:_userapi_.obj
 0001:00049576       __CRT_RTC_INITW            1004a576 f   MSVCRTD:MSVCR90D.dll
 0001:00049580       _DebuggerKnownHandle       1004a580 f   MSVCRTD:_error_.obj
 0001:00049640       ?_RTC_Failure@@YAXPAXH@Z   1004a640 f   MSVCRTD:_error_.obj
 0001:00049950       ?_RTC_StackFailure@@YAXPAXPBD@Z 1004a950 f   MSVCRTD:_error_.obj
 0001:00049a50       ?_RTC_AllocaFailure@@YAXPAXPAU_RTC_ALLOCA_NODE@@H@Z 1004aa50 f   MSVCRTD:_error_.obj
 0001:00049c00       __RTC_UninitUse            1004ac00 f   MSVCRTD:_error_.obj
 0001:00049cf0       ___report_gsfailure        1004acf0 f   MSVCRTD:gs_report.obj
 0001:00049e00       __get_sse2_info            1004ae00 f   MSVCRTD:cpu_disp.obj
 0001:00049f30       ___sse2_available_init     1004af30 f   MSVCRTD:cpu_disp.obj
 0001:00049f50       ___clean_type_info_names   1004af50 f   MSVCRTD:tncleanup.obj
 0001:00049f70       __onexit                   1004af70 f   MSVCRTD:atonexit.obj
 0001:0004a080       _atexit                    1004b080 f   MSVCRTD:atonexit.obj
 0001:0004a0a0       __RTC_Initialize           1004b0a0 f   MSVCRTD:_initsect_.obj
 0001:0004a0d0       __RTC_Terminate            1004b0d0 f   MSVCRTD:_initsect_.obj
 0001:0004a0f6       __encode_pointer           1004b0f6 f   MSVCRTD:MSVCR90D.dll
 0001:0004a0fc       __malloc_dbg               1004b0fc f   MSVCRTD:MSVCR90D.dll
 0001:0004a102       __free_dbg                 1004b102 f   MSVCRTD:MSVCR90D.dll
 0001:0004a108       __encoded_null             1004b108 f   MSVCRTD:MSVCR90D.dll
 0001:0004a10e       __decode_pointer           1004b10e f   MSVCRTD:MSVCR90D.dll
 0001:0004a114       __CrtSetCheckCount         1004b114 f   MSVCRTD:MSVCR90D.dll
 0001:0004a120       __ValidateImageBase        1004b120 f   MSVCRTD:pesect.obj
 0001:0004a180       __FindPESection            1004b180 f   MSVCRTD:pesect.obj
 0001:0004a200       __IsNonwritableInCurrentImage 1004b200 f   MSVCRTD:pesect.obj
 0001:0004a312       __initterm                 1004b312 f   MSVCRTD:MSVCR90D.dll
 0001:0004a318       __initterm_e               1004b318 f   MSVCRTD:MSVCR90D.dll
 0001:0004a31e       __amsg_exit                1004b31e f   MSVCRTD:MSVCR90D.dll
 0001:0004a330       ___security_init_cookie    1004b330 f   MSVCRTD:gs_support.obj
 0001:0004a40c       ___CppXcptFilter           1004b40c f   MSVCRTD:MSVCR90D.dll
 0001:0004a420       _DllMain@12                1004b420 f   MSVCRTD:dllmain.obj
 0001:0004a450       __except_handler4          1004b450 f   MSVCRTD:chandler4gs.obj
 0001:0004a480       ?_RTC_GetSrcLine@@YAHPAEPA_WKPAH1K@Z 1004b480 f   MSVCRTD:_pdblkup_.obj
 0001:0004a916       __crt_debugger_hook        1004b916 f   MSVCRTD:MSVCR90D.dll
 0001:0004a91c       ___clean_type_info_names_internal 1004b91c f   MSVCRTD:MSVCR90D.dll
 0001:0004a922       __unlock                   1004b922 f   MSVCRTD:MSVCR90D.dll
 0001:0004a928       ___dllonexit               1004b928 f   MSVCRTD:MSVCR90D.dll
 0001:0004a92e       __lock                     1004b92e f   MSVCRTD:MSVCR90D.dll
 0001:0004a934       __except_handler4_common   1004b934 f   MSVCRTD:MSVCR90D.dll
 0001:0004a93a       _InterlockedExchange@8     1004b93a f   kernel32:KERNEL32.dll
 0001:0004a940       _InterlockedCompareExchange@12 1004b940 f   kernel32:KERNEL32.dll
 0001:0004a946       _IsDebuggerPresent@0       1004b946 f   kernel32:KERNEL32.dll
 0001:0004a94c       _RaiseException@16         1004b94c f   kernel32:KERNEL32.dll
 0001:0004a952       _DebugBreak@0              1004b952 f   kernel32:KERNEL32.dll
 0001:0004a958       _WideCharToMultiByte@32    1004b958 f   kernel32:KERNEL32.dll
 0001:0004a95e       _MultiByteToWideChar@24    1004b95e f   kernel32:KERNEL32.dll
 0001:0004a964       _lstrlenA@4                1004b964 f   kernel32:KERNEL32.dll
 0001:0004a96a       _TerminateProcess@8        1004b96a f   kernel32:KERNEL32.dll
 0001:0004a970       _GetCurrentProcess@0       1004b970 f   kernel32:KERNEL32.dll
 0001:0004a976       _UnhandledExceptionFilter@4 1004b976 f   kernel32:KERNEL32.dll
 0001:0004a97c       _SetUnhandledExceptionFilter@4 1004b97c f   kernel32:KERNEL32.dll
 0001:0004a982       _QueryPerformanceCounter@4 1004b982 f   kernel32:KERNEL32.dll
 0001:0004a988       _GetCurrentThreadId@0      1004b988 f   kernel32:KERNEL32.dll
 0001:0004a98e       _GetCurrentProcessId@0     1004b98e f   kernel32:KERNEL32.dll
 0001:0004a994       _GetSystemTimeAsFileTime@4 1004b994 f   kernel32:KERNEL32.dll
 0001:0004a99a       _DisableThreadLibraryCalls@4 1004b99a f   kernel32:KERNEL32.dll
 0001:0004a9a0       _HeapFree@12               1004b9a0 f   kernel32:KERNEL32.dll
 0001:0004a9a6       _HeapAlloc@12              1004b9a6 f   kernel32:KERNEL32.dll
 0001:0004a9ac       _GetProcessHeap@0          1004b9ac f   kernel32:KERNEL32.dll
 0001:0004a9b2       _GetModuleFileNameW@12     1004b9b2 f   kernel32:KERNEL32.dll
 0001:0004a9b8       _VirtualQuery@12           1004b9b8 f   kernel32:KERNEL32.dll
 0001:0004a9be       _strdup                    1004b9be f   MSVCRTD:MSVCR90D.dll
 0001:0004a9be       __strdup                   1004b9be f   MSVCRTD:MSVCR90D.dll
 0001:0004a9c4       __open                     1004b9c4 f   MSVCRTD:MSVCR90D.dll
 0001:0004a9ca       __close                    1004b9ca f   MSVCRTD:MSVCR90D.dll
 0001:0004a9d0       __read                     1004b9d0 f   MSVCRTD:MSVCR90D.dll
 0001:0004a9d6       __fileno                   1004b9d6 f   MSVCRTD:MSVCR90D.dll
 0001:0004a9dc       __stricmp                  1004b9dc f   MSVCRTD:MSVCR90D.dll
 0001:0004a9e2       __strnicmp                 1004b9e2 f   MSVCRTD:MSVCR90D.dll
 0002:00000000       __imp__LoadLibraryA@4      1004c000     kernel32:KERNEL32.dll
 0002:00000004       __imp__GetProcAddress@8    1004c004     kernel32:KERNEL32.dll
 0002:00000008       __imp__FreeLibrary@4       1004c008     kernel32:KERNEL32.dll
 0002:0000000c       __imp__GetStdHandle@4      1004c00c     kernel32:KERNEL32.dll
 0002:00000010       __imp__GetFileType@4       1004c010     kernel32:KERNEL32.dll
 0002:00000014       __imp__WaitForMultipleObjects@16 1004c014     kernel32:KERNEL32.dll
 0002:00000018       __imp__VirtualQuery@12     1004c018     kernel32:KERNEL32.dll
 0002:0000001c       __imp__GetModuleFileNameW@12 1004c01c     kernel32:KERNEL32.dll
 0002:00000020       __imp__GetProcessHeap@0    1004c020     kernel32:KERNEL32.dll
 0002:00000024       __imp__HeapAlloc@12        1004c024     kernel32:KERNEL32.dll
 0002:00000028       __imp__HeapFree@12         1004c028     kernel32:KERNEL32.dll
 0002:0000002c       __imp__DisableThreadLibraryCalls@4 1004c02c     kernel32:KERNEL32.dll
 0002:00000030       __imp__GetSystemTimeAsFileTime@4 1004c030     kernel32:KERNEL32.dll
 0002:00000034       __imp__GetCurrentProcessId@0 1004c034     kernel32:KERNEL32.dll
 0002:00000038       __imp__GetCurrentThreadId@0 1004c038     kernel32:KERNEL32.dll
 0002:0000003c       __imp__QueryPerformanceCounter@4 1004c03c     kernel32:KERNEL32.dll
 0002:00000040       __imp__SetUnhandledExceptionFilter@4 1004c040     kernel32:KERNEL32.dll
 0002:00000044       __imp__UnhandledExceptionFilter@4 1004c044     kernel32:KERNEL32.dll
 0002:00000048       __imp__GetCurrentProcess@0 1004c048     kernel32:KERNEL32.dll
 0002:0000004c       __imp__TerminateProcess@8  1004c04c     kernel32:KERNEL32.dll
 0002:00000050       __imp__lstrlenA@4          1004c050     kernel32:KERNEL32.dll
 0002:00000054       __imp__MultiByteToWideChar@24 1004c054     kernel32:KERNEL32.dll
 0002:00000058       __imp__WideCharToMultiByte@32 1004c058     kernel32:KERNEL32.dll
 0002:0000005c       __imp__DebugBreak@0        1004c05c     kernel32:KERNEL32.dll
 0002:00000060       __imp__RaiseException@16   1004c060     kernel32:KERNEL32.dll
 0002:00000064       __imp__IsDebuggerPresent@0 1004c064     kernel32:KERNEL32.dll
 0002:00000068       __imp__InterlockedCompareExchange@12 1004c068     kernel32:KERNEL32.dll
 0002:0000006c       __imp__InterlockedExchange@8 1004c06c     kernel32:KERNEL32.dll
 0002:00000070       __imp__PeekNamedPipe@24    1004c070     kernel32:KERNEL32.dll
 0002:00000074       __imp__ReadFile@20         1004c074     kernel32:KERNEL32.dll
 0002:00000078       __imp__FormatMessageA@28   1004c078     kernel32:KERNEL32.dll
 0002:0000007c       __imp__GetTickCount@0      1004c07c     kernel32:KERNEL32.dll
 0002:00000080       __imp__Sleep@4             1004c080     kernel32:KERNEL32.dll
 0002:00000084       __imp__ExpandEnvironmentStringsA@12 1004c084     kernel32:KERNEL32.dll
 0002:00000088       __imp__WaitForSingleObject@8 1004c088     kernel32:KERNEL32.dll
 0002:0000008c       __imp__CloseHandle@4       1004c08c     kernel32:KERNEL32.dll
 0002:00000090       __imp__SleepEx@8           1004c090     kernel32:KERNEL32.dll
 0002:00000094       __imp__InitializeCriticalSection@4 1004c094     kernel32:KERNEL32.dll
 0002:00000098       __imp__SetLastError@4      1004c098     kernel32:KERNEL32.dll
 0002:0000009c       __imp__GetLastError@0      1004c09c     kernel32:KERNEL32.dll
 0002:000000a0       __imp__EnterCriticalSection@4 1004c0a0     kernel32:KERNEL32.dll
 0002:000000a4       __imp__LeaveCriticalSection@4 1004c0a4     kernel32:KERNEL32.dll
 0002:000000a8       __imp__DeleteCriticalSection@4 1004c0a8     kernel32:KERNEL32.dll
 0002:000000ac       \177KERNEL32_NULL_THUNK_DATA 1004c0ac     kernel32:KERNEL32.dll
 0002:000000b0       __imp___decode_pointer     1004c0b0     MSVCRTD:MSVCR90D.dll
 0002:000000b4       __imp___CrtSetCheckCount   1004c0b4     MSVCRTD:MSVCR90D.dll
 0002:000000b8       __imp___initterm           1004c0b8     MSVCRTD:MSVCR90D.dll
 0002:000000bc       __imp___initterm_e         1004c0bc     MSVCRTD:MSVCR90D.dll
 0002:000000c0       __imp___amsg_exit          1004c0c0     MSVCRTD:MSVCR90D.dll
 0002:000000c4       __imp___adjust_fdiv        1004c0c4     MSVCRTD:MSVCR90D.dll
 0002:000000c8       __imp____CppXcptFilter     1004c0c8     MSVCRTD:MSVCR90D.dll
 0002:000000cc       __imp___crt_debugger_hook  1004c0cc     MSVCRTD:MSVCR90D.dll
 0002:000000d0       __imp____clean_type_info_names_internal 1004c0d0     MSVCRTD:MSVCR90D.dll
 0002:000000d4       __imp___unlock             1004c0d4     MSVCRTD:MSVCR90D.dll
 0002:000000d8       __imp___lock               1004c0d8     MSVCRTD:MSVCR90D.dll
 0002:000000dc       __imp___onexit             1004c0dc     MSVCRTD:MSVCR90D.dll
 0002:000000e0       __imp___except_handler4_common 1004c0e0     MSVCRTD:MSVCR90D.dll
 0002:000000e4       __imp__strdup              1004c0e4     MSVCRTD:MSVCR90D.dll
 0002:000000e4       __imp___strdup             1004c0e4     MSVCRTD:MSVCR90D.dll
 0002:000000e8       __imp___open               1004c0e8     MSVCRTD:MSVCR90D.dll
 0002:000000e8       __imp__open                1004c0e8     MSVCRTD:MSVCR90D.dll
 0002:000000ec       __imp__close               1004c0ec     MSVCRTD:MSVCR90D.dll
 0002:000000ec       __imp___close              1004c0ec     MSVCRTD:MSVCR90D.dll
 0002:000000f0       __imp__read                1004c0f0     MSVCRTD:MSVCR90D.dll
 0002:000000f0       __imp___read               1004c0f0     MSVCRTD:MSVCR90D.dll
 0002:000000f4       __imp___fileno             1004c0f4     MSVCRTD:MSVCR90D.dll
 0002:000000f4       __imp__fileno              1004c0f4     MSVCRTD:MSVCR90D.dll
 0002:000000f8       __imp___stricmp            1004c0f8     MSVCRTD:MSVCR90D.dll
 0002:000000f8       __imp__stricmp             1004c0f8     MSVCRTD:MSVCR90D.dll
 0002:000000fc       __imp____dllonexit         1004c0fc     MSVCRTD:MSVCR90D.dll
 0002:00000100       __imp__isgraph             1004c100     MSVCRTD:MSVCR90D.dll
 0002:00000104       __imp__memset              1004c104     MSVCRTD:MSVCR90D.dll
 0002:00000108       __imp___errno              1004c108     MSVCRTD:MSVCR90D.dll
 0002:0000010c       __imp__strlen              1004c10c     MSVCRTD:MSVCR90D.dll
 0002:00000110       __imp__memcpy              1004c110     MSVCRTD:MSVCR90D.dll
 0002:00000114       __imp___strtoi64           1004c114     MSVCRTD:MSVCR90D.dll
 0002:00000118       __imp__strcmp              1004c118     MSVCRTD:MSVCR90D.dll
 0002:0000011c       __imp__strncmp             1004c11c     MSVCRTD:MSVCR90D.dll
 0002:00000120       __imp__strrchr             1004c120     MSVCRTD:MSVCR90D.dll
 0002:00000124       __imp__strtol              1004c124     MSVCRTD:MSVCR90D.dll
 0002:00000128       __imp__sscanf              1004c128     MSVCRTD:MSVCR90D.dll
 0002:0000012c       __imp__strchr              1004c12c     MSVCRTD:MSVCR90D.dll
 0002:00000130       __imp___time64             1004c130     MSVCRTD:MSVCR90D.dll
 0002:00000134       __imp__fclose              1004c134     MSVCRTD:MSVCR90D.dll
 0002:00000138       __imp__fgets               1004c138     MSVCRTD:MSVCR90D.dll
 0002:0000013c       __imp__fopen               1004c13c     MSVCRTD:MSVCR90D.dll
 0002:00000140       __imp____iob_func          1004c140     MSVCRTD:MSVCR90D.dll
 0002:00000144       __imp__qsort               1004c144     MSVCRTD:MSVCR90D.dll
 0002:00000148       __imp__fputs               1004c148     MSVCRTD:MSVCR90D.dll
 0002:0000014c       __imp__strnicmp            1004c14c     MSVCRTD:MSVCR90D.dll
 0002:0000014c       __imp___strnicmp           1004c14c     MSVCRTD:MSVCR90D.dll
 0002:00000150       __imp__islower             1004c150     MSVCRTD:MSVCR90D.dll
 0002:00000154       __imp__isupper             1004c154     MSVCRTD:MSVCR90D.dll
 0002:00000158       __imp__isspace             1004c158     MSVCRTD:MSVCR90D.dll
 0002:0000015c       __imp__isxdigit            1004c15c     MSVCRTD:MSVCR90D.dll
 0002:00000160       __imp__isdigit             1004c160     MSVCRTD:MSVCR90D.dll
 0002:00000164       __imp__isalpha             1004c164     MSVCRTD:MSVCR90D.dll
 0002:00000168       __imp__isalnum             1004c168     MSVCRTD:MSVCR90D.dll
 0002:0000016c       __imp__isprint             1004c16c     MSVCRTD:MSVCR90D.dll
 0002:00000170       __imp___beginthreadex      1004c170     MSVCRTD:MSVCR90D.dll
 0002:00000174       __imp__free                1004c174     MSVCRTD:MSVCR90D.dll
 0002:00000178       __imp__malloc              1004c178     MSVCRTD:MSVCR90D.dll
 0002:0000017c       __imp__calloc              1004c17c     MSVCRTD:MSVCR90D.dll
 0002:00000180       __imp__realloc             1004c180     MSVCRTD:MSVCR90D.dll
 0002:00000184       __imp__strtoul             1004c184     MSVCRTD:MSVCR90D.dll
 0002:00000188       __imp___lseeki64           1004c188     MSVCRTD:MSVCR90D.dll
 0002:0000018c       __imp___fstat64            1004c18c     MSVCRTD:MSVCR90D.dll
 0002:00000190       __imp__fwrite              1004c190     MSVCRTD:MSVCR90D.dll
 0002:00000194       __imp__fread               1004c194     MSVCRTD:MSVCR90D.dll
 0002:00000198       __imp___stat64             1004c198     MSVCRTD:MSVCR90D.dll
 0002:0000019c       __imp__strcpy              1004c19c     MSVCRTD:MSVCR90D.dll
 0002:000001a0       __imp__strncpy             1004c1a0     MSVCRTD:MSVCR90D.dll
 0002:000001a4       __imp__strstr              1004c1a4     MSVCRTD:MSVCR90D.dll
 0002:000001a8       __imp__strcat              1004c1a8     MSVCRTD:MSVCR90D.dll
 0002:000001ac       __imp__getenv              1004c1ac     MSVCRTD:MSVCR90D.dll
 0002:000001b0       __imp__memcmp              1004c1b0     MSVCRTD:MSVCR90D.dll
 0002:000001b4       __imp__memchr              1004c1b4     MSVCRTD:MSVCR90D.dll
 0002:000001b8       __imp__memmove             1004c1b8     MSVCRTD:MSVCR90D.dll
 0002:000001bc       __imp__sprintf             1004c1bc     MSVCRTD:MSVCR90D.dll
 0002:000001c0       __imp__fputc               1004c1c0     MSVCRTD:MSVCR90D.dll
 0002:000001c4       __imp___gmtime64           1004c1c4     MSVCRTD:MSVCR90D.dll
 0002:000001c8       __imp__fflush              1004c1c8     MSVCRTD:MSVCR90D.dll
 0002:000001cc       __imp__strerror            1004c1cc     MSVCRTD:MSVCR90D.dll
 0002:000001d0       __imp____sys_nerr          1004c1d0     MSVCRTD:MSVCR90D.dll
 0002:000001d4       __imp__fseek               1004c1d4     MSVCRTD:MSVCR90D.dll
 0002:000001d8       __imp__tolower             1004c1d8     MSVCRTD:MSVCR90D.dll
 0002:000001dc       __imp___CRT_RTC_INITW      1004c1dc     MSVCRTD:MSVCR90D.dll
 0002:000001e0       __imp___encode_pointer     1004c1e0     MSVCRTD:MSVCR90D.dll
 0002:000001e4       __imp___malloc_dbg         1004c1e4     MSVCRTD:MSVCR90D.dll
 0002:000001e8       __imp___free_dbg           1004c1e8     MSVCRTD:MSVCR90D.dll
 0002:000001ec       __imp___encoded_null       1004c1ec     MSVCRTD:MSVCR90D.dll
 0002:000001f0       \177MSVCR90D_NULL_THUNK_DATA 1004c1f0     MSVCRTD:MSVCR90D.dll
 0002:000001f4       __imp__ldap_err2string     1004c1f4     wldap32:WLDAP32.dll
 0002:000001f8       __imp__ldap_set_option     1004c1f8     wldap32:WLDAP32.dll
 0002:000001fc       __imp__ldap_init           1004c1fc     wldap32:WLDAP32.dll
 0002:00000200       __imp__ldap_simple_bind_s  1004c200     wldap32:WLDAP32.dll
 0002:00000204       __imp__ldap_search_s       1004c204     wldap32:WLDAP32.dll
 0002:00000208       __imp__ldap_first_entry    1004c208     wldap32:WLDAP32.dll
 0002:0000020c       __imp__ldap_next_entry     1004c20c     wldap32:WLDAP32.dll
 0002:00000210       __imp__ldap_get_dn         1004c210     wldap32:WLDAP32.dll
 0002:00000214       __imp__ldap_first_attribute 1004c214     wldap32:WLDAP32.dll
 0002:00000218       __imp__ldap_next_attribute 1004c218     wldap32:WLDAP32.dll
 0002:0000021c       __imp__ldap_get_values_len 1004c21c     wldap32:WLDAP32.dll
 0002:00000220       __imp__ldap_value_free_len 1004c220     wldap32:WLDAP32.dll
 0002:00000224       __imp__ldap_memfree        1004c224     wldap32:WLDAP32.dll
 0002:00000228       __imp__ber_free            1004c228     wldap32:WLDAP32.dll
 0002:0000022c       __imp__ldap_msgfree        1004c22c     wldap32:WLDAP32.dll
 0002:00000230       __imp__ldap_unbind_s       1004c230     wldap32:WLDAP32.dll
 0002:00000234       \177WLDAP32_NULL_THUNK_DATA 1004c234     wldap32:WLDAP32.dll
 0002:00000238       __imp__recvfrom@24         1004c238     ws2_32:WS2_32.dll
 0002:0000023c       __imp__sendto@24           1004c23c     ws2_32:WS2_32.dll
 0002:00000240       __imp__send@16             1004c240     ws2_32:WS2_32.dll
 0002:00000244       __imp__select@20           1004c244     ws2_32:WS2_32.dll
 0002:00000248       __imp____WSAFDIsSet@8      1004c248     ws2_32:WS2_32.dll
 0002:0000024c       __imp__ioctlsocket@12      1004c24c     ws2_32:WS2_32.dll
 0002:00000250       __imp__accept@12           1004c250     ws2_32:WS2_32.dll
 0002:00000254       __imp__listen@8            1004c254     ws2_32:WS2_32.dll
 0002:00000258       __imp__WSAStartup@8        1004c258     ws2_32:WS2_32.dll
 0002:0000025c       __imp__WSACleanup@0        1004c25c     ws2_32:WS2_32.dll
 0002:00000260       __imp__gethostname@8       1004c260     ws2_32:WS2_32.dll
 0002:00000264       __imp__getaddrinfo@16      1004c264     ws2_32:WS2_32.dll
 0002:00000268       __imp__freeaddrinfo@4      1004c268     ws2_32:WS2_32.dll
 0002:0000026c       __imp__recv@16             1004c26c     ws2_32:WS2_32.dll
 0002:00000270       __imp__htons@4             1004c270     ws2_32:WS2_32.dll
 0002:00000274       __imp__bind@12             1004c274     ws2_32:WS2_32.dll
 0002:00000278       __imp__connect@12          1004c278     ws2_32:WS2_32.dll
 0002:0000027c       __imp__setsockopt@20       1004c27c     ws2_32:WS2_32.dll
 0002:00000280       __imp__getsockopt@20       1004c280     ws2_32:WS2_32.dll
 0002:00000284       __imp__WSASetLastError@4   1004c284     ws2_32:WS2_32.dll
 0002:00000288       __imp__ntohs@4             1004c288     ws2_32:WS2_32.dll
 0002:0000028c       __imp__getpeername@12      1004c28c     ws2_32:WS2_32.dll
 0002:00000290       __imp__getsockname@12      1004c290     ws2_32:WS2_32.dll
 0002:00000294       __imp__socket@12           1004c294     ws2_32:WS2_32.dll
 0002:00000298       __imp__WSAGetLastError@0   1004c298     ws2_32:WS2_32.dll
 0002:0000029c       __imp__closesocket@4       1004c29c     ws2_32:WS2_32.dll
 0002:000002a0       \177WS2_32_NULL_THUNK_DATA 1004c2a0     ws2_32:WS2_32.dll
 0002:000002a4       ___xc_a                    1004c2a4     MSVCRTD:cinitexe.obj
 0002:000002a8       ___xc_z                    1004c2a8     MSVCRTD:cinitexe.obj
 0002:000002ac       ___xi_a                    1004c2ac     MSVCRTD:cinitexe.obj
 0002:000002b8       ___xi_z                    1004c2b8     MSVCRTD:cinitexe.obj
 0002:00000328       _Curl_handler_dict         1004c328     dict.obj
 0002:00000370       _Curl_handler_file         1004c370     file.obj
 0002:00000418       _Curl_handler_ftp          1004c418     ftp.obj
 0002:000004c0       __real@0000000000000000    1004c4c0     getinfo.obj
 0002:000004c8       __real@bff0000000000000    1004c4c8     getinfo.obj
 0002:000004d0       _Curl_handler_gopher       1004c4d0     gopher.obj
 0002:00000518       _Curl_handler_http         1004c518     http.obj
 0002:00000560       _Curl_handler_imap         1004c560     imap.obj
 0002:00000608       _Curl_handler_ldap         1004c608     ldap.obj
 0002:00000690       _Curl_HMAC_MD5             1004c690     md5.obj
 0002:00000710       _Curl_wkday                1004c710     parsedate.obj
 0002:00000748       _Curl_month                1004c748     parsedate.obj
 0002:00000ad8       _Curl_handler_pop3         1004cad8     pop3.obj
 0002:00000b68       __real@408f400000000000    1004cb68     progress.obj
 0002:00000b70       __real@3ff0000000000000    1004cb70     progress.obj
 0002:00000b78       __real@412e848000000000    1004cb78     progress.obj
 0002:00000b80       _Curl_handler_rtsp         1004cb80     rtsp.obj
 0002:00000be0       _Curl_handler_smtp         1004cbe0     smtp.obj
 0002:00000d60       _Curl_handler_telnet       1004cd60     telnet.obj
 0002:00000da8       _Curl_handler_tftp         1004cda8     tftp.obj
 0002:00000ea0       __pDefaultRawDllMain       1004cea0     MSVCRTD:crtdll.obj
 0002:00000ea0       __pRawDllMain              1004cea0     MSVCRTD:crtdll.obj
 0002:00000ea4       ??_C@_0DA@FJPPCPEH@f?3?2dd?2vctools?2crt_bld?2self_x86?2c@ 1004cea4     MSVCRTD:crtdll.obj
 0002:00000ed4       ??_C@_0BP@OGBCLIBO@Stack?5around?5_alloca?5corrupted?$AA@ 1004ced4     MSVCRTD:_userapi_.obj
 0002:00000ef4       ??_C@_0CK@CNLNOEPB@Local?5variable?5used?5before?5initi@ 1004cef4     MSVCRTD:_userapi_.obj
 0002:00000f20       ??_C@_0BI@CIGMDCBH@Stack?5memory?5corruption?$AA@ 1004cf20     MSVCRTD:_userapi_.obj
 0002:00000f38       ??_C@_0CK@FEGOIOPB@Cast?5to?5smaller?5type?5causing?5los@ 1004cf38     MSVCRTD:_userapi_.obj
 0002:00000f64       ??_C@_0BJ@HEGAHDFO@Stack?5pointer?5corruption?$AA@ 1004cf64     MSVCRTD:_userapi_.obj
 0002:00000f94       ??_C@_0BO@GNIAFIKK@Unknown?5Runtime?5Check?5Error?6?$AN?$AA@ 1004cf94     MSVCRTD:_error_.obj
 0002:00000fb4       ??_C@_0CM@NGINOKPC@Stack?5memory?5around?5_alloca?5was?5@ 1004cfb4     MSVCRTD:_error_.obj
 0002:00000fe0       ??_C@_0DG@HKJMLLLP@A?5local?5variable?5was?5used?5before@ 1004cfe0     MSVCRTD:_error_.obj
 0002:00001018       ??_C@_0BN@FFOINMNJ@Stack?5memory?5was?5corrupted?6?$AN?$AA@ 1004d018     MSVCRTD:_error_.obj
 0002:00001038       ??_C@_0BBN@GPMLNJCF@A?5cast?5to?5a?5smaller?5data?5type?5ha@ 1004d038     MSVCRTD:_error_.obj
 0002:00001158       ??_C@_0NN@NGPKDKPD@The?5value?5of?5ESP?5was?5not?5properl@ 1004d158     MSVCRTD:_error_.obj
 0002:000012d4       ??_C@_0CA@IODNCDPG@Run?9Time?5Check?5Failure?5?$CD?$CFd?5?9?5?$CFs?$AA@ 1004d2d4     MSVCRTD:_error_.obj
 0002:000012f4       ??_C@_0BE@GNBOBNCK@Unknown?5Module?5Name?$AA@ 1004d2f4     MSVCRTD:_error_.obj
 0002:00001308       ??_C@_0BB@PFFGGCJP@Unknown?5Filename?$AA@ 1004d308     MSVCRTD:_error_.obj
 0002:00001320       ??_C@_1EA@NFKNIFJP@?$AAR?$AAu?$AAn?$AA?9?$AAT?$AAi?$AAm?$AAe?$AA?5?$AAC?$AAh?$AAe?$AAc?$AAk?$AA?5?$AAF?$AAa?$AAi?$AAl?$AAu?$AAr?$AAe?$AA?5?$AA?$CD?$AA?$CF?$AAd?$AA?5?$AA?9?$AA?5?$AA?$CF?$AAs?$AA?$AA@ 1004d320     MSVCRTD:_error_.obj
 0002:00001360       ??_C@_1GM@OLMCBDMB@?$AAR?$AAu?$AAn?$AAt?$AAi?$AAm?$AAe?$AA?5?$AAC?$AAh?$AAe?$AAc?$AAk?$AA?5?$AAE?$AAr?$AAr?$AAo?$AAr?$AA?4?$AA?6?$AA?$AN?$AA?5?$AAU?$AAn?$AAa?$AAb?$AAl?$AAe?$AA?5?$AAt?$AAo@ 1004d360     MSVCRTD:_error_.obj
 0002:000013cc       ??_C@_0CG@IAFNJNEE@Stack?5corrupted?5near?5unknown?5var@ 1004d3cc     MSVCRTD:_error_.obj
 0002:000013f8       ??_C@_0EJ@LJKNEOLN@Stack?5area?5around?5_alloca?5memory@ 1004d3f8     MSVCRTD:_error_.obj
 0002:00001444       ??_C@_08KJEDNCKC@?$CFs?$CFs?$CFs?$CFs?$AA@ 1004d444     MSVCRTD:_error_.obj
 0002:00001450       ??_C@_02LLMPMKNF@?$DO?5?$AA@ 1004d450     MSVCRTD:_error_.obj
 0002:00001454       ??_C@_01EEMJAFIK@?6?$AA@   1004d454     MSVCRTD:_error_.obj
 0002:00001458       ??_C@_0BC@KIBAILCI@?$CFs?$CFs?$CFp?$CFs?$CFld?$CFs?$CFd?$CFs?$AA@ 1004d458     MSVCRTD:_error_.obj
 0002:00001470       ??_C@_0EI@CLEPFNGI@Stack?5area?5around?5_alloca?5memory@ 1004d470     MSVCRTD:_error_.obj
 0002:000014b8       ??_C@_0N@MHFFIMFG@?6Address?3?50x?$AA@ 1004d4b8     MSVCRTD:_error_.obj
 0002:000014c8       ??_C@_07DFDJCKFN@?6Size?3?5?$AA@ 1004d4c8     MSVCRTD:_error_.obj
 0002:000014d0       ??_C@_0CK@DKGBICFE@?6Allocation?5number?5within?5this?5f@ 1004d4d0     MSVCRTD:_error_.obj
 0002:000014fc       ??_C@_08OMAHNMHJ@?6Data?3?5?$DM?$AA@ 1004d4fc     MSVCRTD:_error_.obj
 0002:00001508       ??_C@_09FOPFMPEJ@wsprintfA?$AA@ 1004d508     MSVCRTD:_error_.obj
 0002:00001514       ??_C@_0L@GMPLCCII@user32?4dll?$AA@ 1004d514     MSVCRTD:_error_.obj
 0002:00001520       ??_C@_05MKKEDADM@?$CF?42X?5?$AA@ 1004d520     MSVCRTD:_error_.obj
 0002:00001528       ??_C@_0DE@OHJBPMBP@A?5variable?5is?5being?5used?5without@ 1004d528     MSVCRTD:_error_.obj
 0002:00001564       ?ProcessDetach@NativeDll@<CrtImplementationDetails>@@0IB 1004d564     MSVCRTD:tncleanup.obj
 0002:00001568       ?ProcessAttach@NativeDll@<CrtImplementationDetails>@@0IB 1004d568     MSVCRTD:tncleanup.obj
 0002:0000156c       ?ThreadAttach@NativeDll@<CrtImplementationDetails>@@0IB 1004d56c     MSVCRTD:tncleanup.obj
 0002:00001570       ?ThreadDetach@NativeDll@<CrtImplementationDetails>@@0IB 1004d570     MSVCRTD:tncleanup.obj
 0002:00001574       ?ProcessVerifier@NativeDll@<CrtImplementationDetails>@@0IB 1004d574     MSVCRTD:tncleanup.obj
 0002:00001578       ??_C@_0M@EKFFODEC@MSPDB80?4DLL?$AA@ 1004d578     MSVCRTD:_pdblkup_.obj
 0002:00001584       ??_C@_01KDCPPGHE@r?$AA@    1004d584     MSVCRTD:_pdblkup_.obj
 0002:00001588       ??_C@_0BB@KCIACLNC@PDBOpenValidate5?$AA@ 1004d588     MSVCRTD:_pdblkup_.obj
 0002:0000159c       ??_C@_0BF@BMIHBHCA@EnvironmentDirectory?$AA@ 1004d59c     MSVCRTD:_pdblkup_.obj
 0002:000015b4       ??_C@_0CN@JNNIHDGH@SOFTWARE?2Microsoft?2VisualStudio?2@ 1004d5b4     MSVCRTD:_pdblkup_.obj
 0002:000015e4       ??_C@_0M@HLOHPNFA@RegCloseKey?$AA@ 1004d5e4     MSVCRTD:_pdblkup_.obj
 0002:000015f0       ??_C@_0BB@HHEIPGME@RegQueryValueExA?$AA@ 1004d5f0     MSVCRTD:_pdblkup_.obj
 0002:00001604       ??_C@_0O@DCOGKJGG@RegOpenKeyExA?$AA@ 1004d604     MSVCRTD:_pdblkup_.obj
 0002:00001614       ??_C@_0N@JJPEKNFO@ADVAPI32?4DLL?$AA@ 1004d614     MSVCRTD:_pdblkup_.obj
 0002:00001628       __load_config_used         1004d628     MSVCRTD:loadcfg.obj
 0002:00001700       ___safe_se_handler_table   1004d700     <linker-defined>
 0002:00001704       ___rtc_iaa                 1004d704     MSVCRTD:_initsect_.obj
 0002:00001814       ___rtc_izz                 1004d814     MSVCRTD:_initsect_.obj
 0002:00001818       ___rtc_taa                 1004d818     MSVCRTD:_initsect_.obj
 0002:00001928       ___rtc_tzz                 1004d928     MSVCRTD:_initsect_.obj
 0002:000019f4       __IMPORT_DESCRIPTOR_WS2_32 1004d9f4     ws2_32:WS2_32.dll
 0002:00001a08       __IMPORT_DESCRIPTOR_WLDAP32 1004da08     wldap32:WLDAP32.dll
 0002:00001a1c       __IMPORT_DESCRIPTOR_KERNEL32 1004da1c     kernel32:KERNEL32.dll
 0002:00001a30       __IMPORT_DESCRIPTOR_MSVCR90D 1004da30     MSVCRTD:MSVCR90D.dll
 0002:00001a44       __NULL_IMPORT_DESCRIPTOR   1004da44     ws2_32:WS2_32.dll
 0003:00000800       _Curl_cmalloc              1004f800     easy.obj
 0003:00000804       _Curl_cfree                1004f804     easy.obj
 0003:00000808       _Curl_crealloc             1004f808     easy.obj
 0003:0000080c       _Curl_cstrdup              1004f80c     easy.obj
 0003:00000810       _Curl_ccalloc              1004f810     easy.obj
 0003:00006fa8       ___security_cookie         10055fa8     MSVCRTD:gs_cookie.obj
 0003:00006fac       ___security_cookie_complement 10055fac     MSVCRTD:gs_cookie.obj
 0003:00006fb0       ?_RTC_ErrorLevels@@3PAHA   10055fb0     MSVCRTD:_error_.obj
 0003:00006fc4       ___native_dllmain_reason   10055fc4     MSVCRTD:natstart.obj
 0003:00006fc8       ___native_vcclrit_reason   10055fc8     MSVCRTD:natstart.obj
 0003:00007128       ?wsprintffp@@3P6AHPADPBDZZA 10056128     MSVCRTD:_error_.obj
 0003:00007454       __forceCRTManifestRTM      10056454     MSVCRTD:crtmanifestrtm.obj
 0003:00007458       ?__type_info_root_node@@3U__type_info_node@@A 10056458     MSVCRTD:tncleanup.obj
 0003:0000746c       __adjust_fdiv              1005646c     <common>
 0003:00007470       ___native_startup_state    10056470     <common>
 0003:00007474       ___native_startup_lock     10056474     <common>
 0003:00007478       ___onexitend               10056478     <common>
 0003:0000747c       ___onexitbegin             1005647c     <common>
 0003:00007480       ___sse2_available          10056480     <common>
 0003:00007484       ___dyn_tls_init_callback   10056484     <common>

 entry point at        0001:000492c0

 Static symbols

 0001:00000070       _destroy_async_data        10001070 f   asyn-thread.obj
 0001:00000130       _destroy_thread_sync_data  10001130 f   asyn-thread.obj
 0001:000002c0       _getaddrinfo_complete      100012c0 f   asyn-thread.obj
 0001:00000320       _conn_thread_sync_data     10001320 f   asyn-thread.obj
 0001:00000340       _resolver_error            10001340 f   asyn-thread.obj
 0001:00000740       _init_resolve_thread       10001740 f   asyn-thread.obj
 0001:00000900       _init_thread_sync_data     10001900 f   asyn-thread.obj
 0001:000009b0       _getaddrinfo_thread@4      100019b0 f   asyn-thread.obj
 0001:00000cd0       _decodeQuantum             10001cd0 f   base64.obj
 0001:000014e0       _getaddressinfo            100024e0 f   connect.obj
 0001:00001870       _waitconnect               10002870 f   connect.obj
 0001:00001920       _verifyconnect             10002920 f   connect.obj
 0001:00001a20       _trynextip                 10002a20 f   connect.obj
 0001:00001c50       _singleipconnect           10002c50 f   connect.obj
 0001:00002260       _bindlocal                 10003260 f   connect.obj
 0001:000027e0       _tcpnodelay                100037e0 f   connect.obj
 0001:00003f90       _time                      10004f90 f   cookie.obj
 0001:00003fc0       _freecookie                10004fc0 f   cookie.obj
 0001:000040e0       _tailmatch                 100050e0 f   cookie.obj
 0001:00004150       _strstore                  10005150 f   cookie.obj
 0001:000046d0       _cookie_sort               100056d0 f   cookie.obj
 0001:00004a90       _get_netscape_format       10005a90 f   cookie.obj
 0001:00004ce0       _cookie_output             10005ce0 f   cookie.obj
 0001:00005630       _loop                      10006630 f   curl_fnmatch.obj
 0001:00005bb0       _setcharset                10006bb0 f   curl_fnmatch.obj
 0001:00006210       _parsekeyword              10007210 f   curl_fnmatch.obj
 0001:00006650       _time                      10007650 f   curl_rand.obj
 0001:00006770       _dict_do                   10007770 f   dict.obj
 0001:00006c40       _unescape_word             10007c40 f   dict.obj
 0001:00006e60       _win32_init                10007e60 f   easy.obj
 0001:00007070       _win32_cleanup             10008070 f   easy.obj
 0001:00007b70       _easy_connection           10008b70 f   easy.obj
 0001:00007ec0       _Curl_isunreserved         10008ec0 f   escape.obj
 0001:00008170       _file_connect              10009170 f   file.obj
 0001:000083b0       _file_done                 100093b0 f   file.obj
 0001:00008450       _file_disconnect           10009450 f   file.obj
 0001:000084f0       _file_do                   100094f0 f   file.obj
 0001:00008b80       _file_range                10009b80 f   file.obj
 0001:00008d90       _file_upload               10009d90 f   file.obj
 0001:000093d0       _FormAdd                   1000a3d0 f   formdata.obj
 0001:00009e00       _AddHttpPost               1000ae00 f   formdata.obj
 0001:00009f30       _AddFormInfo               1000af30 f   formdata.obj
 0001:00009fc0       _ContentTypeForFilename    1000afc0 f   formdata.obj
 0001:0000a0b0       _memdup                    1000b0b0 f   formdata.obj
 0001:0000ad10       _AddFormData               1000bd10 f   formdata.obj
 0001:0000aef0       _AddFormDataf              1000bef0 f   formdata.obj
 0001:0000afb0       _strippath                 1000bfb0 f   formdata.obj
 0001:0000b040       _Curl_basename             1000c040 f   formdata.obj
 0001:0000b140       _readfromfile              1000c140 f   formdata.obj
 0001:0000b6c0       _ftp_readresp              1000c6c0 f   ftp.obj
 0001:0000b770       _ftp_getsock               1000c770 f   ftp.obj
 0001:0000b7a0       _ftp_domore_getsock        1000c7a0 f   ftp.obj
 0001:0000b820       _ftp_multi_statemach       1000c820 f   ftp.obj
 0001:0000b870       _ftp_connect               1000c870 f   ftp.obj
 0001:0000ba50       _ftp_endofresp             1000ca50 f   ftp.obj
 0001:0000bb30       _state                     1000cb30 f   ftp.obj
 0001:0000bb60       _ftp_statemach_act         1000cb60 f   ftp.obj
 0001:0000c770       _ftp_state_user            1000d770 f   ftp.obj
 0001:0000c810       _ftp_state_pwd             1000d810 f   ftp.obj
 0001:0000c860       _ftp_state_use_pasv        1000d860 f   ftp.obj
 0001:0000c930       _ftp_state_post_cwd        1000d930 f   ftp.obj
 0001:0000c9e0       _ftp_state_post_mdtm       1000d9e0 f   ftp.obj
 0001:0000cab0       _ftp_state_post_type       1000dab0 f   ftp.obj
 0001:0000cb60       _ftp_state_post_size       1000db60 f   ftp.obj
 0001:0000cc10       _ftp_state_post_rest       1000dc10 f   ftp.obj
 0001:0000cdc0       _ftp_state_use_port        1000ddc0 f   ftp.obj
 0001:0000dac0       _ftp_state_quote           1000eac0 f   ftp.obj
 0001:0000dd10       _ftp_state_cwd             1000ed10 f   ftp.obj
 0001:0000de50       _ftp_state_ul_setup        1000ee50 f   ftp.obj
 0001:0000e1f0       _ftp_state_pasv_resp       1000f1f0 f   ftp.obj
 0001:0000ea80       _ftp_state_port_resp       1000fa80 f   ftp.obj
 0001:0000eb60       _ftp_state_mdtm_resp       1000fb60 f   ftp.obj
 0001:0000f050       _time                      10010050 f   ftp.obj
 0001:0000f080       _ftp_state_type_resp       10010080 f   ftp.obj
 0001:0000f160       _ftp_state_post_listtype   10010160 f   ftp.obj
 0001:0000f390       _ftp_state_post_retrtype   10010390 f   ftp.obj
 0001:0000f3d0       _ftp_state_post_stortype   100103d0 f   ftp.obj
 0001:0000f410       _ftp_state_post_retr_size  10010410 f   ftp.obj
 0001:0000f740       _ftp_state_size_resp       10010740 f   ftp.obj
 0001:0000f8b0       _ftp_state_rest_resp       100108b0 f   ftp.obj
 0001:0000f9f0       _ftp_state_stor_resp       100109f0 f   ftp.obj
 0001:0000fb40       _AllowServerConnect        10010b40 f   ftp.obj
 0001:0000fd10       _ftp_state_get_resp        10010d10 f   ftp.obj
 0001:00010060       _ftp_state_user_resp       10011060 f   ftp.obj
 0001:00010240       _ftp_state_loggedin        10011240 f   ftp.obj
 0001:000102c0       _ftp_state_acct_resp       100112c0 f   ftp.obj
 0001:00010330       _ftp_easy_statemach        10011330 f   ftp.obj
 0001:000103a0       _ftp_init                  100113a0 f   ftp.obj
 0001:000104b0       _isBadFtpString            100114b0 f   ftp.obj
 0001:00010520       _ftp_done                  10011520 f   ftp.obj
 0001:00010c50       _freedirs                  10011c50 f   ftp.obj
 0001:00010d30       _ftp_sendquote             10011d30 f   ftp.obj
 0001:00010e80       _ftp_need_type             10011e80 f   ftp.obj
 0001:00010eb0       _ftp_nb_type               10011eb0 f   ftp.obj
 0001:00010f70       _ftp_pasv_verbose          10011f70 f   ftp.obj
 0001:00011020       _ftp_nextconnect           10012020 f   ftp.obj
 0001:00011190       _ftp_range                 10012190 f   ftp.obj
 0001:00011390       _ftp_do                    10012390 f   ftp.obj
 0001:00011460       _wc_statemach              10012460 f   ftp.obj
 0001:00011880       _init_wc_data              10012880 f   ftp.obj
 0001:00011b00       _wc_data_dtor              10012b00 f   ftp.obj
 0001:00011d20       _ftp_disconnect            10012d20 f   ftp.obj
 0001:00011e40       _ftp_quit                  10012e40 f   ftp.obj
 0001:00011f00       _ftp_parse_url_path        10012f00 f   ftp.obj
 0001:00012540       _ftp_doing                 10013540 f   ftp.obj
 0001:000125a0       _ftp_dophase_done          100135a0 f   ftp.obj
 0001:00012680       _ftp_regular_transfer      10013680 f   ftp.obj
 0001:000127c0       _ftp_perform               100137c0 f   ftp.obj
 0001:000128a0       _ftp_setup_connection      100138a0 f   ftp.obj
 0001:00014280       _ftp_pl_get_permission     10015280 f   ftplistparser.obj
 0001:00014500       _PL_ERROR                  10015500 f   ftplistparser.obj
 0001:00014570       _ftp_pl_gettime            10015570 f   ftplistparser.obj
 0001:00014580       _ftp_pl_insert_finfo       10015580 f   ftplistparser.obj
 0001:000147b0       _GetEnv                    100157b0 f   getenv.obj
 0001:00015090       _gopher_do                 10016090 f   gopher.obj
 0001:000154e0       _hash_element_dtor         100164e0 f   hash.obj
 0001:00015780       _mk_hash_element           10016780 f   hash.obj
 0001:00016360       _time                      10017360 f   hostip.obj
 0001:00016390       _hostcache_prune           10017390 f   hostip.obj
 0001:00016430       _hostcache_timestamp_remove 10017430 f   hostip.obj
 0001:00016610       _create_hostcache_id       10017610 f   hostip.obj
 0001:00016890       _remove_entry_if_stale     10017890 f   hostip.obj
 0001:00016a60       _freednsentry              10017a60 f   hostip.obj
 0001:00016fe0       _pickoneauth               10017fe0 f   http.obj
 0001:00017090       _http_perhapsrewind        10018090 f   http.obj
 0001:000174d0       _output_auth_headers       100184d0 f   http.obj
 0001:000176a0       _http_output_basic         100186a0 f   http.obj
 0001:00017ad0       _http_should_fail          10018ad0 f   http.obj
 0001:00017f10       _readmoredata              10018f10 f   http.obj
 0001:00018580       _http_getsock_do           10019580 f   http.obj
 0001:0001add0       _copy_header_value         1001bdd0 f   http.obj
 0001:0001af60       _use_http_1_1              1001bf60 f   http.obj
 0001:0001afc0       _expect100                 1001bfc0 f   http.obj
 0001:0001c630       _time                      1001d630 f   http.obj
 0001:0001c660       _checkhttpprefix           1001d660 f   http.obj
 0001:0001c710       _checkprotoprefix          1001d710 f   http.obj
 0001:0001c760       _checkrtspprefix           1001d760 f   http.obj
 0001:0001c7a0       _header_append             1001d7a0 f   http.obj
 0001:0001cfb0       _Curl_isxdigit             1001dfb0 f   http_chunks.obj
 0001:0001d570       _get_pair                  1001e570 f   http_digest.obj
 0001:0001e0d0       _md5_to_ascii              1001f0d0 f   http_digest.obj
 0001:0001e130       _digest_cleanup_one        1001f130 f   http_digest.obj
 0001:0001ef60       _imap_getsock              1001ff60 f   imap.obj
 0001:0001ef90       _imap_multi_statemach      1001ff90 f   imap.obj
 0001:0001f010       _imap_connect              10020010 f   imap.obj
 0001:0001f200       _imap_endofresp            10020200 f   imap.obj
 0001:0001f2e0       _state                     100202e0 f   imap.obj
 0001:0001f310       _imap_statemach_act        10020310 f   imap.obj
 0001:0001f560       _imapsendf                 10020560 f   imap.obj
 0001:0001f5d0       _getcmdid                  100205d0 f   imap.obj
 0001:0001f610       _imap_state_login          10020610 f   imap.obj
 0001:0001f6d0       _imap_state_starttls_resp  100206d0 f   imap.obj
 0001:0001f780       _imap_state_upgrade_tls    10020780 f   imap.obj
 0001:0001f7f0       _imap_state_login_resp     100207f0 f   imap.obj
 0001:0001f860       _imap_state_fetch_resp     10020860 f   imap.obj
 0001:0001fae0       _imap_state_select_resp    10020ae0 f   imap.obj
 0001:0001fb50       _imap_fetch                10020b50 f   imap.obj
 0001:0001fbc0       _imap_easy_statemach       10020bc0 f   imap.obj
 0001:0001fc30       _imap_init                 10020c30 f   imap.obj
 0001:0001fce0       _imap_done                 10020ce0 f   imap.obj
 0001:0001fd50       _imap_do                   10020d50 f   imap.obj
 0001:0001fdd0       _imap_disconnect           10020dd0 f   imap.obj
 0001:0001fe50       _imap_logout               10020e50 f   imap.obj
 0001:0001fee0       _imap_parse_url_path       10020ee0 f   imap.obj
 0001:0001ffa0       _imap_doing                10020fa0 f   imap.obj
 0001:0001fff0       _imap_dophase_done         10020ff0 f   imap.obj
 0001:00020040       _imap_regular_transfer     10021040 f   imap.obj
 0001:00020150       _imap_perform              10021150 f   imap.obj
 0001:00020220       _imap_select               10021220 f   imap.obj
 0001:000202c0       _imap_setup_connection     100212c0 f   imap.obj
 0001:000203c0       _inet_ntop4                100213c0 f   inet_ntop.obj
 0001:00020530       _inet_pton4                10021530 f   inet_pton.obj
 0001:000206b0       _Curl_ldap                 100216b0 f   ldap.obj
 0001:00020fb0       __ldap_url_parse           10021fb0 f   ldap.obj
 0001:00021040       __ldap_url_parse2          10022040 f   ldap.obj
 0001:00021350       _str2scope                 10022350 f   ldap.obj
 0001:000213f0       _split_str                 100223f0 f   ldap.obj
 0001:00021520       _unescape_elements         10022520 f   ldap.obj
 0001:000216b0       __ldap_free_urldesc        100226b0 f   ldap.obj
 0001:00021850       _llist_init                10022850 f   llist.obj
 0001:00021c10       _MD5_Init                  10022c10 f   md5.obj
 0001:00021c50       _MD5_Update                10022c50 f   md5.obj
 0001:00021d70       _MD5_Final                 10022d70 f   md5.obj
 0001:00021e80       _MD5Transform              10022e80 f   md5.obj
 0001:00022d30       _Encode                    10023d30 f   md5.obj
 0001:00022de0       _Decode                    10023de0 f   md5.obj
 0001:00022fc0       _dprintf_formatf           10023fc0 f   mprintf.obj
 0001:00024370       _dprintf_DollarString      10025370 f   mprintf.obj
 0001:00024420       _dprintf_Pass1             10025420 f   mprintf.obj
 0001:00024dd0       _dprintf_IsQualifierNoDollar 10025dd0 f   mprintf.obj
 0001:00024e80       _addbyter                  10025e80 f   mprintf.obj
 0001:00025040       _alloc_addbyter            10026040 f   mprintf.obj
 0001:000252a0       _storebuffer               100262a0 f   mprintf.obj
 0001:00025580       _sh_init                   10026580 f   multi.obj
 0001:000255b0       _sh_freeentry              100265b0 f   multi.obj
 0001:000255f0       _fd_key_compare            100265f0 f   multi.obj
 0001:00025610       _hash_fd                   10026610 f   multi.obj
 0001:00025630       _multi_freeamsg            10026630 f   multi.obj
 0001:000259d0       _multistate                100269d0 f   multi.obj
 0001:00026010       _multi_getsock             10027010 f   multi.obj
 0001:00026160       _waitconnect_getsock       10027160 f   multi.obj
 0001:000261a0       _domore_getsock            100271a0 f   multi.obj
 0001:000263b0       _multi_runsingle           100273b0 f   multi.obj
 0001:00027810       _multi_addmsg              10028810 f   multi.obj
 0001:00027b40       _singlesocket              10028b40 f   multi.obj
 0001:00027f40       _sh_addentry               10028f40 f   multi.obj
 0001:00027ff0       _sh_delentry               10028ff0 f   multi.obj
 0001:00028040       _add_next_timeout          10029040 f   multi.obj
 0001:000282e0       _multi_socket              100292e0 f   multi.obj
 0001:00028740       _multi_timeout             10029740 f   multi.obj
 0001:00028890       _update_timer              10029890 f   multi.obj
 0001:00028a90       _addHandleToSendOrPendPipeline 10029a90 f   multi.obj
 0001:00028b90       _checkPendPipeline         10029b90 f   multi.obj
 0001:00028cf0       _moveHandleFromSendToRecvPipeline 10029cf0 f   multi.obj
 0001:00028da0       _moveHandleFromRecvToDonePipeline 10029da0 f   multi.obj
 0001:00028e20       _isHandleAtHead            10029e20 f   multi.obj
 0001:00028e50       _multi_freetimeout         10029e50 f   multi.obj
 0001:000290e0       _multi_addtimeout          1002a0e0 f   multi.obj
 0001:00029260       _multi_connc_remove_handle 1002a260 f   multi.obj
 0001:00029350       _add_closure               1002a350 f   multi.obj
 0001:000299e0       _parsedate                 1002a9e0 f   parsedate.obj
 0001:0002a040       _checkday                  1002b040 f   parsedate.obj
 0001:0002a0e0       _checkmonth                1002b0e0 f   parsedate.obj
 0001:0002a170       _checktz                   1002b170 f   parsedate.obj
 0001:0002a210       _skip                      1002b210 f   parsedate.obj
 0001:0002a260       _my_timegm                 1002b260 f   parsedate.obj
 0001:0002a440       _gmtime                    1002b440 f   parsedate.obj
 0001:0002b0a0       _pop3_getsock              1002c0a0 f   pop3.obj
 0001:0002b0d0       _pop3_multi_statemach      1002c0d0 f   pop3.obj
 0001:0002b120       _pop3_connect              1002c120 f   pop3.obj
 0001:0002b300       _pop3_endofresp            1002c300 f   pop3.obj
 0001:0002b390       _state                     1002c390 f   pop3.obj
 0001:0002b3c0       _pop3_statemach_act        1002c3c0 f   pop3.obj
 0001:0002b620       _pop3_state_user           1002c620 f   pop3.obj
 0001:0002b6b0       _pop3_state_starttls_resp  1002c6b0 f   pop3.obj
 0001:0002b750       _pop3_state_user_resp      1002c750 f   pop3.obj
 0001:0002b810       _pop3_state_pass_resp      1002c810 f   pop3.obj
 0001:0002b880       _pop3_state_retr_resp      1002c880 f   pop3.obj
 0001:0002b980       _pop3_state_list_resp      1002c980 f   pop3.obj
 0001:0002ba80       _pop3_state_list_single_resp 1002ca80 f   pop3.obj
 0001:0002baf0       _pop3_easy_statemach       1002caf0 f   pop3.obj
 0001:0002bb60       _pop3_init                 1002cb60 f   pop3.obj
 0001:0002bc10       _pop3_done                 1002cc10 f   pop3.obj
 0001:0002bcd0       _pop3_do                   1002ccd0 f   pop3.obj
 0001:0002bd50       _pop3_disconnect           1002cd50 f   pop3.obj
 0001:0002bda0       _pop3_quit                 1002cda0 f   pop3.obj
 0001:0002be10       _pop3_parse_url_path       1002ce10 f   pop3.obj
 0001:0002be90       _pop3_doing                1002ce90 f   pop3.obj
 0001:0002bee0       _pop3_dophase_done         1002cee0 f   pop3.obj
 0001:0002bf30       _pop3_regular_transfer     1002cf30 f   pop3.obj
 0001:0002c040       _pop3_perform              1002d040 f   pop3.obj
 0001:0002c160       _pop3_retr                 1002d160 f   pop3.obj
 0001:0002c1d0       _pop3_list                 1002d1d0 f   pop3.obj
 0001:0002c290       _pop3_setup_connection     1002d290 f   pop3.obj
 0001:0002d5b0       _time2str                  1002e5b0 f   progress.obj
 0001:0002d770       _max5data                  1002e770 f   progress.obj
 0001:0002dc60       _rtsp_getsock_do           1002ec60 f   rtsp.obj
 0001:0002dd20       _rtsp_connect              1002ed20 f   rtsp.obj
 0001:0002dda0       _rtsp_disconnect           1002eda0 f   rtsp.obj
 0001:0002ddf0       _rtsp_done                 1002edf0 f   rtsp.obj
 0001:0002dee0       _rtsp_do                   1002eee0 f   rtsp.obj
 0001:0002eac0       _rtsp_rtp_readwrite        1002fac0 f   rtsp.obj
 0001:0002ee80       _rtp_client_write          1002fe80 f   rtsp.obj
 0001:00030830       _pausewrite                10031830 f   sendf.obj
 0001:00030d90       _showit                    10031d90 f   sendf.obj
 0001:000313e0       _slist_get_last            100323e0 f   slist.obj
 0001:00031520       _smtp_getsock              10032520 f   smtp.obj
 0001:00031550       _smtp_multi_statemach      10032550 f   smtp.obj
 0001:000315d0       _smtp_connect              100325d0 f   smtp.obj
 0001:000318b0       _smtp_endofresp            100328b0 f   smtp.obj
 0001:00031c10       _state                     10032c10 f   smtp.obj
 0001:00031c40       _smtp_statemach_act        10032c40 f   smtp.obj
 0001:00031f70       _smtp_state_ehlo           10032f70 f   smtp.obj
 0001:00031ff0       _smtp_state_starttls_resp  10032ff0 f   smtp.obj
 0001:000320c0       _smtp_authenticate         100330c0 f   smtp.obj
 0001:00032300       _smtp_auth_plain_data      10033300 f   smtp.obj
 0001:00032490       _smtp_auth_login_user      10033490 f   smtp.obj
 0001:00032530       _smtp_state_upgrade_tls    10033530 f   smtp.obj
 0001:00032590       _smtp_state_ehlo_resp      10033590 f   smtp.obj
 0001:00032680       _smtp_state_helo           10033680 f   smtp.obj
 0001:000326f0       _smtp_state_helo_resp      100336f0 f   smtp.obj
 0001:00032760       _smtp_state_authplain_resp 10033760 f   smtp.obj
 0001:000328a0       _smtp_state_authlogin_resp 100338a0 f   smtp.obj
 0001:000329e0       _smtp_state_authpasswd_resp 100339e0 f   smtp.obj
 0001:00032b70       _smtp_state_authcram_resp  10033b70 f   smtp.obj
 0001:00032f30       _smtp_state_auth_resp      10033f30 f   smtp.obj
 0001:00032fa0       _smtp_state_mail_resp      10033fa0 f   smtp.obj
 0001:00033050       _smtp_rcpt_to              10034050 f   smtp.obj
 0001:00033100       _smtp_state_rcpt_resp      10034100 f   smtp.obj
 0001:00033200       _smtp_state_data_resp      10034200 f   smtp.obj
 0001:00033290       _smtp_state_postdata_resp  10034290 f   smtp.obj
 0001:000332e0       _smtp_easy_statemach       100342e0 f   smtp.obj
 0001:00033350       _smtp_init                 10034350 f   smtp.obj
 0001:00033400       _smtp_done                 10034400 f   smtp.obj
 0001:00033520       _smtp_do                   10034520 f   smtp.obj
 0001:00033590       _smtp_disconnect           10034590 f   smtp.obj
 0001:00033620       _smtp_quit                 10034620 f   smtp.obj
 0001:00033690       _smtp_doing                10034690 f   smtp.obj
 0001:000336e0       _smtp_dophase_done         100346e0 f   smtp.obj
 0001:00033770       _smtp_regular_transfer     10034770 f   smtp.obj
 0001:00033880       _smtp_perform              10034880 f   smtp.obj
 0001:00033950       _smtp_mail                 10034950 f   smtp.obj
 0001:00033b50       _smtp_setup_connection     10034b50 f   smtp.obj
 0001:00035c00       _safe_strequal             10036c00 f   sslgen.obj
 0001:00036790       _get_winsock_error         10037790 f   strerror.obj
 0001:00036c80       _telnet_done               10037c80 f   telnet.obj
 0001:00036d00       _telnet_do                 10037d00 f   telnet.obj
 0001:00037590       _check_wsock2              10038590 f   telnet.obj
 0001:000376c0       _init_telnet               100386c0 f   telnet.obj
 0001:00037770       _negotiate                 10038770 f   telnet.obj
 0001:00037800       _set_remote_option         10038800 f   telnet.obj
 0001:000379a0       _send_negotiation          100389a0 f   telnet.obj
 0001:00037a80       _printoption               10038a80 f   telnet.obj
 0001:00037c10       _set_local_option          10038c10 f   telnet.obj
 0001:00037da0       _check_telnet_options      10038da0 f   telnet.obj
 0001:00038110       _telrcv                    10039110 f   telnet.obj
 0001:00038760       _rec_will                  10039760 f   telnet.obj
 0001:000388e0       _rec_wont                  100398e0 f   telnet.obj
 0001:00038a30       _rec_do                    10039a30 f   telnet.obj
 0001:00038b90       _rec_dont                  10039b90 f   telnet.obj
 0001:00038cd0       _suboption                 10039cd0 f   telnet.obj
 0001:000391d0       _printsub                  1003a1d0 f   telnet.obj
 0001:000395c0       _send_telnet_data          1003a5c0 f   telnet.obj
 0001:00039740       _tftp_disconnect           1003a740 f   tftp.obj
 0001:00039800       _tftp_connect              1003a800 f   tftp.obj
 0001:00039a50       _tftp_set_timeouts         1003aa50 f   tftp.obj
 0001:00039c80       _time                      1003ac80 f   tftp.obj
 0001:00039cb0       _tftp_done                 1003acb0 f   tftp.obj
 0001:00039d10       _tftp_translate_code       1003ad10 f   tftp.obj
 0001:00039e60       _tftp_getsock              1003ae60 f   tftp.obj
 0001:00039e90       _tftp_multi_statemach      1003ae90 f   tftp.obj
 0001:0003a080       _tftp_state_machine        1003b080 f   tftp.obj
 0001:0003a170       _tftp_send_first           1003b170 f   tftp.obj
 0001:0003a630       _setpacketevent            1003b630 f   tftp.obj
 0001:0003a660       _tftp_option_add           1003b660 f   tftp.obj
 0001:0003a6b0       _tftp_connect_for_tx       1003b6b0 f   tftp.obj
 0001:0003a730       _tftp_connect_for_rx       1003b730 f   tftp.obj
 0001:0003a7b0       _tftp_rx                   1003b7b0 f   tftp.obj
 0001:0003abc0       _setpacketblock            1003bbc0 f   tftp.obj
 0001:0003abf0       _getrpacketblock           1003bbf0 f   tftp.obj
 0001:0003ac10       _tftp_tx                   1003bc10 f   tftp.obj
 0001:0003b0e0       _tftp_receive_packet       1003c0e0 f   tftp.obj
 0001:0003b4a0       _getrpacketevent           1003c4a0 f   tftp.obj
 0001:0003b4c0       _tftp_parse_option_ack     1003c4c0 f   tftp.obj
 0001:0003b790       _tftp_option_get           1003c790 f   tftp.obj
 0001:0003b830       _Curl_strnlen              1003c830 f   tftp.obj
 0001:0003b890       _tftp_state_timeout        1003c890 f   tftp.obj
 0001:0003b9b0       _tftp_doing                1003c9b0 f   tftp.obj
 0001:0003b9f0       _tftp_do                   1003c9f0 f   tftp.obj
 0001:0003ba90       _tftp_perform              1003ca90 f   tftp.obj
 0001:0003bb40       _tftp_easy_statemach       1003cb40 f   tftp.obj
 0001:0003bfa0       _tftp_setup_connection     1003cfa0 f   tftp.obj
 0001:0003cb40       _readwrite_data            1003db40 f   transfer.obj
 0001:0003d660       _data_pending              1003e660 f   transfer.obj
 0001:0003d6a0       _read_rewind               1003e6a0 f   transfer.obj
 0001:0003d6d0       _readwrite_upload          1003e6d0 f   transfer.obj
 0001:0003e070       _loadhostpairs             1003f070 f   transfer.obj
 0001:0003e6a0       _strlen_url                1003f6a0 f   transfer.obj
 0001:0003e730       _strcpy_url                1003f730 f   transfer.obj
 0001:0003e800       _is_absolute_url           1003f800 f   transfer.obj
 0001:0003e8b0       _concat_url                1003f8b0 f   transfer.obj
 0001:0003ef80       _Curl_do_perform           1003ff80 f   transfer.obj
 0001:0003f340       _Transfer                  10040340 f   transfer.obj
 0001:0003f810       _connect_host              10040810 f   transfer.obj
 0001:0003fc20       _setstropt                 10040c20 f   url.obj
 0001:000400d0       _close_connections         100410d0 f   url.obj
 0001:00043050       _setstropt_userpwd         10044050 f   url.obj
 0001:000431e0       _conn_free                 100441e0 f   url.obj
 0001:00043b70       _gethandleathead           10044b70 f   url.obj
 0001:00043ba0       _signalPipeClose           10044ba0 f   url.obj
 0001:00043c30       _ConnectionKillOne         10044c30 f   url.obj
 0001:00044420       _ConnectPlease             10045420 f   url.obj
 0001:00044630       _create_conn               10045630 f   url.obj
 0001:00044fe0       _ConnectionExists          10045fe0 f   url.obj
 0001:000455b0       _SocketIsDead              100465b0 f   url.obj
 0001:00045600       _IsPipeliningPossible      10046600 f   url.obj
 0001:00045670       _ConnectionStore           10046670 f   url.obj
 0001:00045760       _allocate_conn             10046760 f   url.obj
 0001:00045be0       _llist_dtor                10046be0 f   url.obj
 0001:00045bf0       _parseurlandfillconn       10046bf0 f   url.obj
 0001:00046160       _findprotocol              10047160 f   url.obj
 0001:00046230       _setup_range               10047230 f   url.obj
 0001:00046390       _setup_connection_internals 10047390 f   url.obj
 0001:00046440       _check_noproxy             10047440 f   url.obj
 0001:00046610       _detect_proxy              10047610 f   url.obj
 0001:00046840       _parse_proxy               10047840 f   url.obj
 0001:00046d70       _parse_proxy_auth          10047d70 f   url.obj
 0001:00046f20       _parse_url_userpass        10047f20 f   url.obj
 0001:000470f0       _parse_remote_port         100480f0 f   url.obj
 0001:000474b0       _override_userpass         100484b0 f   url.obj
 0001:000475b0       _set_userpass              100485b0 f   url.obj
 0001:000476c0       _resolve_server            100486c0 f   url.obj
 0001:000478e0       _fix_hostname              100488e0 f   url.obj
 0001:00047920       _is_ASCII_name             10048920 f   url.obj
 0001:00047980       _reuse_conn                10048980 f   url.obj
 0001:00048040       _ConnectionDone            10049040 f   url.obj
 0001:00048050       _do_init                   10049050 f   url.obj
 0001:000482b0       _do_complete               100492b0 f   url.obj
 0001:00048f20       _pre_c_init                10049f20 f   MSVCRTD:crtdll.obj
 0001:000492f0       ___DllMainCRTStartup       1004a2f0 f   MSVCRTD:crtdll.obj
 0001:000495b0       ?DebuggerProbe@@YAHK@Z     1004a5b0 f   MSVCRTD:_error_.obj
 0001:000496a0       ?failwithmessage@@YAXPAXHHPBD@Z 1004a6a0 f   MSVCRTD:_error_.obj
 0001:000498b0       ?DebuggerRuntime@@YAHKHPAXPB_W@Z 1004a8b0 f   MSVCRTD:_error_.obj
 0001:00049b90       ?_getMemBlockDataString@@YAXPAD00I@Z 1004ab90 f   MSVCRTD:_error_.obj
 0001:00049e80       _has_osfxsr_set            1004ae80 f   MSVCRTD:cpu_disp.obj
 0001:0004a740       ?GetPdbDll@@YAPAUHINSTANCE__@@XZ 1004b740 f   MSVCRTD:_pdblkup_.obj
