 test

 Timestamp is 4ffa3307 (Mon Jul 09 09:25:27 2012)

 Preferred load address is 00400000

 Start         Length     Name                   Class
 0001:00000000 0000080eH .text                   CODE
 0002:00000000 000000a8H .idata$5                DATA
 0002:000000a8 00000004H .CRT$XCA                DATA
 0002:000000ac 00000004H .CRT$XCAA               DATA
 0002:000000b0 00000004H .CRT$XCZ                DATA
 0002:000000b4 00000004H .CRT$XIA                DATA
 0002:000000b8 00000004H .CRT$XIAA               DATA
 0002:000000bc 00000004H .CRT$XIY                DATA
 0002:000000c0 00000004H .CRT$XIZ                DATA
 0002:000000d0 00000080H .rdata                  DATA
 0002:00000150 00000069H .rdata$debug            DATA
 0002:000001c0 00000004H .rdata$sxdata           DATA
 0002:000001c4 00000004H .rtc$IAA                DATA
 0002:000001c8 00000004H .rtc$IZZ                DATA
 0002:000001cc 00000004H .rtc$TAA                DATA
 0002:000001d0 00000004H .rtc$TZZ                DATA
 0002:000001d8 0000005cH .xdata$x                DATA
 0002:00000234 00000028H .idata$2                DATA
 0002:0000025c 00000014H .idata$3                DATA
 0002:00000270 000000a8H .idata$4                DATA
 0002:00000318 000002d0H .idata$6                DATA
 0002:000005e8 00000000H .edata                  DATA
 0003:00000000 00000018H .data                   DATA
 0003:00000018 00000374H .bss                    DATA

  Address         Publics by Value              Rva+Base       Lib:Object

 0000:00000001       ___safe_se_handler_count   00000001     <absolute>
 0000:00000000       ___ImageBase               00400000     <linker-defined>
 0001:00000000       _main                      00401000 f   test.obj
 0001:00000011       @__security_check_cookie@4 00401011 f   MSVCRT:secchk.obj
 0001:000002c2       _mainCRTStartup            004012c2 f   MSVCRT:crtexe.obj
 0001:000002cc       ___report_gsfailure        004012cc f   MSVCRT:gs_report.obj
 0001:000003d2       ?__CxxUnhandledExceptionFilter@@YGJPAU_EXCEPTION_POINTERS@@@Z 004013d2 f   MSVCRT:unhandld.obj
 0001:00000414       ___CxxSetUnhandledExceptionFilter 00401414 f   MSVCRT:unhandld.obj
 0001:00000422       __amsg_exit                00401422 f   MSVCRT:MSVCR90.dll
 0001:00000428       __onexit                   00401428 f   MSVCRT:atonexit.obj
 0001:000004cd       _atexit                    004014cd f   MSVCRT:atonexit.obj
 0001:000004e4       __RTC_Initialize           004014e4 f   MSVCRT:_initsect_.obj
 0001:0000050a       __RTC_Terminate            0040150a f   MSVCRT:_initsect_.obj
 0001:00000530       __XcptFilter               00401530 f   MSVCRT:MSVCR90.dll
 0001:00000540       __ValidateImageBase        00401540 f   MSVCRT:pesect.obj
 0001:00000580       __FindPESection            00401580 f   MSVCRT:pesect.obj
 0001:000005d0       __IsNonwritableInCurrentImage 004015d0 f   MSVCRT:pesect.obj
 0001:0000068e       __initterm                 0040168e f   MSVCRT:MSVCR90.dll
 0001:00000694       __initterm_e               00401694 f   MSVCRT:MSVCR90.dll
 0001:0000069c       __SEH_prolog4              0040169c f   MSVCRT:sehprolg4.obj
 0001:000006e1       __SEH_epilog4              004016e1 f   MSVCRT:sehprolg4.obj
 0001:000006f5       __except_handler4          004016f5 f   MSVCRT:chandler4gs.obj
 0001:0000071a       __setdefaultprecision      0040171a f   MSVCRT:fp8.obj
 0001:00000745       __setargv                  00401745 f   MSVCRT:dllargv.obj
 0001:00000745       __matherr                  00401745 f   MSVCRT:merr.obj
 0001:00000748       ___security_init_cookie    00401748 f   MSVCRT:gs_support.obj
 0001:000007de       __crt_debugger_hook        004017de f   MSVCRT:MSVCR90.dll
 0001:000007e4       ?terminate@@YAXXZ          004017e4 f   MSVCRT:MSVCR90.dll
 0001:000007ea       __unlock                   004017ea f   MSVCRT:MSVCR90.dll
 0001:000007f0       ___dllonexit               004017f0 f   MSVCRT:MSVCR90.dll
 0001:000007f6       __lock                     004017f6 f   MSVCRT:MSVCR90.dll
 0001:000007fc       __except_handler4_common   004017fc f   MSVCRT:MSVCR90.dll
 0001:00000802       __invoke_watson            00401802 f   MSVCRT:MSVCR90.dll
 0001:00000808       __controlfp_s              00401808 f   MSVCRT:MSVCR90.dll
 0002:00000000       __imp__GetCurrentProcessId@0 00402000     kernel32:KERNEL32.dll
 0002:00000004       __imp__GetCurrentThreadId@0 00402004     kernel32:KERNEL32.dll
 0002:00000008       __imp__GetTickCount@0      00402008     kernel32:KERNEL32.dll
 0002:0000000c       __imp__QueryPerformanceCounter@4 0040200c     kernel32:KERNEL32.dll
 0002:00000010       __imp__IsDebuggerPresent@0 00402010     kernel32:KERNEL32.dll
 0002:00000014       __imp__SetUnhandledExceptionFilter@4 00402014     kernel32:KERNEL32.dll
 0002:00000018       __imp__UnhandledExceptionFilter@4 00402018     kernel32:KERNEL32.dll
 0002:0000001c       __imp__GetCurrentProcess@0 0040201c     kernel32:KERNEL32.dll
 0002:00000020       __imp__TerminateProcess@8  00402020     kernel32:KERNEL32.dll
 0002:00000024       __imp__InterlockedCompareExchange@12 00402024     kernel32:KERNEL32.dll
 0002:00000028       __imp__Sleep@4             00402028     kernel32:KERNEL32.dll
 0002:0000002c       __imp__InterlockedExchange@8 0040202c     kernel32:KERNEL32.dll
 0002:00000030       __imp__GetSystemTimeAsFileTime@4 00402030     kernel32:KERNEL32.dll
 0002:00000034       \177KERNEL32_NULL_THUNK_DATA 00402034     kernel32:KERNEL32.dll
 0002:00000038       __imp____p__fmode          00402038     MSVCRT:MSVCR90.dll
 0002:0000003c       __imp___encode_pointer     0040203c     MSVCRT:MSVCR90.dll
 0002:00000040       __imp____set_app_type      00402040     MSVCRT:MSVCR90.dll
 0002:00000044       __imp___crt_debugger_hook  00402044     MSVCRT:MSVCR90.dll
 0002:00000048       __imp_?terminate@@YAXXZ    00402048     MSVCRT:MSVCR90.dll
 0002:0000004c       __imp____p__commode        0040204c     MSVCRT:MSVCR90.dll
 0002:00000050       __imp____dllonexit         00402050     MSVCRT:MSVCR90.dll
 0002:00000054       __imp___lock               00402054     MSVCRT:MSVCR90.dll
 0002:00000058       __imp___onexit             00402058     MSVCRT:MSVCR90.dll
 0002:0000005c       __imp___decode_pointer     0040205c     MSVCRT:MSVCR90.dll
 0002:00000060       __imp___except_handler4_common 00402060     MSVCRT:MSVCR90.dll
 0002:00000064       __imp___invoke_watson      00402064     MSVCRT:MSVCR90.dll
 0002:00000068       __imp___controlfp_s        00402068     MSVCRT:MSVCR90.dll
 0002:0000006c       __imp___adjust_fdiv        0040206c     MSVCRT:MSVCR90.dll
 0002:00000070       __imp____setusermatherr    00402070     MSVCRT:MSVCR90.dll
 0002:00000074       __imp___configthreadlocale 00402074     MSVCRT:MSVCR90.dll
 0002:00000078       __imp___initterm_e         00402078     MSVCRT:MSVCR90.dll
 0002:0000007c       __imp___initterm           0040207c     MSVCRT:MSVCR90.dll
 0002:00000080       __imp____initenv           00402080     MSVCRT:MSVCR90.dll
 0002:00000084       __imp__exit                00402084     MSVCRT:MSVCR90.dll
 0002:00000088       __imp___XcptFilter         00402088     MSVCRT:MSVCR90.dll
 0002:0000008c       __imp___exit               0040208c     MSVCRT:MSVCR90.dll
 0002:00000090       __imp___cexit              00402090     MSVCRT:MSVCR90.dll
 0002:00000094       __imp____getmainargs       00402094     MSVCRT:MSVCR90.dll
 0002:00000098       __imp___amsg_exit          00402098     MSVCRT:MSVCR90.dll
 0002:0000009c       __imp___unlock             0040209c     MSVCRT:MSVCR90.dll
 0002:000000a0       __imp__printf              004020a0     MSVCRT:MSVCR90.dll
 0002:000000a4       \177MSVCR90_NULL_THUNK_DATA 004020a4     MSVCRT:MSVCR90.dll
 0002:000000a8       ___xc_a                    004020a8     MSVCRT:cinitexe.obj
 0002:000000b0       ___xc_z                    004020b0     MSVCRT:cinitexe.obj
 0002:000000b4       ___xi_a                    004020b4     MSVCRT:cinitexe.obj
 0002:000000c0       ___xi_z                    004020c0     MSVCRT:cinitexe.obj
 0002:000000f4       ??_C@_0P@GOCENLAO@TestDebug1?4cpp?$AA@ 004020f4     test.obj
 0002:00000108       __load_config_used         00402108     MSVCRT:loadcfg.obj
 0002:000001c0       ___safe_se_handler_table   004021c0     <linker-defined>
 0002:000001c4       ___rtc_iaa                 004021c4     MSVCRT:_initsect_.obj
 0002:000001c8       ___rtc_izz                 004021c8     MSVCRT:_initsect_.obj
 0002:000001cc       ___rtc_taa                 004021cc     MSVCRT:_initsect_.obj
 0002:000001d0       ___rtc_tzz                 004021d0     MSVCRT:_initsect_.obj
 0002:00000234       __IMPORT_DESCRIPTOR_MSVCR90 00402234     MSVCRT:MSVCR90.dll
 0002:00000248       __IMPORT_DESCRIPTOR_KERNEL32 00402248     kernel32:KERNEL32.dll
 0002:0000025c       __NULL_IMPORT_DESCRIPTOR   0040225c     MSVCRT:MSVCR90.dll
 0003:00000000       ___security_cookie         00403000     MSVCRT:gs_cookie.obj
 0003:00000004       ___security_cookie_complement 00403004     MSVCRT:gs_cookie.obj
 0003:00000008       ___native_dllmain_reason   00403008     MSVCRT:natstart.obj
 0003:0000000c       ___native_vcclrit_reason   0040300c     MSVCRT:natstart.obj
 0003:00000010       ___globallocalestatus      00403010     MSVCRT:xthdloc.obj
 0003:00000014       ___defaultmatherr          00403014     MSVCRT:merr.obj
 0003:0000035c       __forceCRTManifestRTM      0040335c     MSVCRT:crtmanifestrtm.obj
 0003:00000360       __dowildcard               00403360     MSVCRT:wildcard.obj
 0003:00000364       __newmode                  00403364     MSVCRT:_newmode.obj
 0003:00000368       __commode                  00403368     MSVCRT:xncommod.obj
 0003:0000036c       __fmode                    0040336c     MSVCRT:xtxtmode.obj
 0003:00000370       ___@@_PchSym_@00@UerhfzoLhgfwrlLkilqvxghUehCAAIUgvhgPwriUgvhgPwvyftUgvhgwvyftBUgvhgUivovzhvUhgwzucOlyq@ 00403370     stdafx.obj
 0003:00000374       __adjust_fdiv              00403374     <common>
 0003:00000378       ___native_startup_state    00403378     <common>
 0003:0000037c       ___native_startup_lock     0040337c     <common>
 0003:00000380       ___onexitend               00403380     <common>
 0003:00000384       ___onexitbegin             00403384     <common>
 0003:00000388       ___dyn_tls_init_callback   00403388     <common>

 entry point at        0001:000002c2

 Static symbols

 0001:00000020       _pre_cpp_init              00401020 f   MSVCRT:crtexe.obj
 0001:0000006b       ___tmainCRTStartup         0040106b f   MSVCRT:crtexe.obj
 0001:000001e1       _pre_c_init                004011e1 f   MSVCRT:crtexe.obj
