 libcurld

 Timestamp is 50a2f4bc (Wed Nov 14 09:32:44 2012)

 Preferred load address is 10000000

 Start         Length     Name                   Class
 0001:00000000 0009d817H .text                   CODE
 0001:0009d820 00000109H .text$x                 CODE
 0002:00000000 00000264H .idata$5                DATA
 0002:00000264 00000004H .CRT$XCA                DATA
 0002:00000268 00000004H .CRT$XCZ                DATA
 0002:0000026c 00000004H .CRT$XIA                DATA
 0002:00000270 00000010H .CRT$XIC                DATA
 0002:00000280 00000004H .CRT$XIZ                DATA
 0002:00000284 00000004H .CRT$XPA                DATA
 0002:00000288 00000008H .CRT$XPX                DATA
 0002:00000290 00000004H .CRT$XPXA               DATA
 0002:00000294 00000004H .CRT$XPZ                DATA
 0002:00000298 00000004H .CRT$XTA                DATA
 0002:0000029c 00000004H .CRT$XTZ                DATA
 0002:000002a0 0000f158H .rdata                  DATA
 0002:0000f3f8 0000005cH .rdata$debug            DATA
 0002:0000f454 000001c4H .rdata$r                DATA
 0002:0000f620 0000002cH .rdata$sxdata           DATA
 0002:0000f64c 00000004H .rtc$IAA                DATA
 0002:0000f650 00000110H .rtc$IMZ                DATA
 0002:0000f760 00000004H .rtc$IZZ                DATA
 0002:0000f764 00000004H .rtc$TAA                DATA
 0002:0000f768 00000110H .rtc$TMZ                DATA
 0002:0000f878 00000004H .rtc$TZZ                DATA
 0002:0000f880 00000ec0H .xdata$x                DATA
 0002:00010740 0000003cH .idata$2                DATA
 0002:0001077c 00000014H .idata$3                DATA
 0002:00010790 00000264H .idata$4                DATA
 0002:000109f4 0000082eH .idata$6                DATA
 0002:00011230 0000064aH .edata                  DATA
 0003:00000000 00008b0cH .data                   DATA
 0003:00008b20 00002124H .bss                    DATA
 0004:00000000 00000058H .rsrc$01                DATA
 0004:00000060 000003a8H .rsrc$02                DATA

  Address         Publics by Value              Rva+Base       Lib:Object

 0000:00000000       __except_list              00000000     <absolute>
 0000:0000000b       ___safe_se_handler_count   0000000b     <absolute>
 0000:00000000       ___ImageBase               10000000     <linker-defined>
 0001:00000000       _Curl_resolver_global_init 10001000 f   asyn-thread.obj
 0001:00000010       _Curl_resolver_global_cleanup 10001010 f   asyn-thread.obj
 0001:00000020       _Curl_resolver_init        10001020 f   asyn-thread.obj
 0001:00000030       _Curl_resolver_cleanup     10001030 f   asyn-thread.obj
 0001:00000040       _Curl_resolver_duphandle   10001040 f   asyn-thread.obj
 0001:00000050       _Curl_resolver_cancel      10001050 f   asyn-thread.obj
 0001:000001a0       _Curl_resolver_wait_resolv 100011a0 f   asyn-thread.obj
 0001:00000370       _Curl_resolver_is_resolved 10001370 f   asyn-thread.obj
 0001:00000500       _Curl_resolver_getsock     10001500 f   asyn-thread.obj
 0001:00000510       _Curl_resolver_getaddrinfo 10001510 f   asyn-thread.obj
 0001:00000a50       _Curl_set_dns_servers      10001a50 f   asyn-thread.obj
 0001:00000a60       _Curl_base64_decode        10001a60 f   base64.obj
 0001:00000d70       _Curl_base64_encode        10001d70 f   base64.obj
 0001:00001040       _Curl_timeleft             10002040 f   connect.obj
 0001:000011a0       _Curl_persistconninfo      100021a0 f   connect.obj
 0001:00001220       _Curl_updateconninfo       10002220 f   connect.obj
 0001:00001520       _Curl_is_connected         10002520 f   connect.obj
 0001:00001b10       _Curl_sndbufset            10002b10 f   connect.obj
 0001:00002980       _Curl_connecthost          10003980 f   connect.obj
 0001:00002bb0       _Curl_getconnectinfo       10003bb0 f   connect.obj
 0001:00002cc0       _Curl_closesocket          10003cc0 f   connect.obj
 0001:00002d40       _Curl_socket               10003d40 f   connect.obj
 0001:00002ec0       _Curl_cookie_loadfiles     10003ec0 f   cookie.obj
 0001:00002f70       _Curl_cookie_add           10003f70 f   cookie.obj
 0001:00004370       _Curl_cookie_init          10005370 f   cookie.obj
 0001:000045a0       _Curl_cookie_getlist       100055a0 f   cookie.obj
 0001:00004910       _Curl_cookie_clearall      10005910 f   cookie.obj
 0001:00004950       _Curl_cookie_freelist      10005950 f   cookie.obj
 0001:000049c0       _Curl_cookie_clearsess     100059c0 f   cookie.obj
 0001:00004aa0       _Curl_cookie_cleanup       10005aa0 f   cookie.obj
 0001:00004b30       _Curl_cookie_list          10005b30 f   cookie.obj
 0001:00004d50       _Curl_flush_cookies        10005d50 f   cookie.obj
 0001:00004fb0       _Curl_freeaddrinfo         10005fb0 f   curl_addrinfo.obj
 0001:00005050       _Curl_getaddrinfo_ex       10006050 f   curl_addrinfo.obj
 0001:00005310       _Curl_he2ai                10006310 f   curl_addrinfo.obj
 0001:00005530       _Curl_ip2addr              10006530 f   curl_addrinfo.obj
 0001:000056c0       _Curl_str2addr             100066c0 f   curl_addrinfo.obj
 0001:00005750       _Curl_fnmatch              10006750 f   curl_fnmatch.obj
 0001:00006510       _Curl_gethostname          10007510 f   curl_gethostname.obj
 0001:00006590       _Curl_memrchr              10007590 f   curl_memrchr.obj
 0001:000065f0       _Curl_rand                 100075f0 f   curl_rand.obj
 0001:00006640       _Curl_srand                10007640 f   curl_rand.obj
 0001:00006690       _Curl_sasl_create_plain_message 10007690 f   curl_sasl.obj
 0001:00006800       _Curl_sasl_create_login_message 10007800 f   curl_sasl.obj
 0001:00006890       _Curl_sasl_create_cram_md5_message 10007890 f   curl_sasl.obj
 0001:00006ae0       _Curl_sasl_create_digest_md5_message 10007ae0 f   curl_sasl.obj
 0001:000074f0       _Curl_sasl_cleanup         100084f0 f   curl_sasl.obj
 0001:00007500       _Curl_thread_create        10008500 f   curl_threads.obj
 0001:00007550       _Curl_thread_destroy       10008550 f   curl_threads.obj
 0001:00007580       _Curl_thread_join          10008580 f   curl_threads.obj
 0001:00007b80       _curl_global_init          10008b80 f   easy.obj
 0001:00007d60       _curl_global_init_mem      10008d60 f   easy.obj
 0001:00007e00       _curl_global_cleanup       10008e00 f   easy.obj
 0001:00007e80       _curl_easy_init            10008e80 f   easy.obj
 0001:00007f20       _curl_easy_setopt          10008f20 f   easy.obj
 0001:00007f90       _curl_easy_perform         10008f90 f   easy.obj
 0001:000080b0       _curl_easy_cleanup         100090b0 f   easy.obj
 0001:000080f0       _Curl_easy_addmulti        100090f0 f   easy.obj
 0001:00008120       _Curl_easy_initHandleData  10009120 f   easy.obj
 0001:00008160       _curl_easy_getinfo         10009160 f   easy.obj
 0001:000081c0       _curl_easy_duphandle       100091c0 f   easy.obj
 0001:00008550       _curl_easy_reset           10009550 f   easy.obj
 0001:00008680       _curl_easy_pause           10009680 f   easy.obj
 0001:00008880       _curl_easy_recv            10009880 f   easy.obj
 0001:000089e0       _curl_easy_send            100099e0 f   easy.obj
 0001:00008ad0       _curl_escape               10009ad0 f   escape.obj
 0001:00008af0       _curl_unescape             10009af0 f   escape.obj
 0001:00008b10       _curl_easy_escape          10009b10 f   escape.obj
 0001:00008d50       _Curl_urldecode            10009d50 f   escape.obj
 0001:00008f50       _curl_easy_unescape        10009f50 f   escape.obj
 0001:00009020       _curl_free                 1000a020 f   escape.obj
 0001:0000a0c0       _Curl_fileinfo_alloc       1000b0c0 f   fileinfo.obj
 0001:0000a110       _Curl_fileinfo_dtor        1000b110 f   fileinfo.obj
 0001:0000a180       _curl_formadd              1000b180 f   formdata.obj
 0001:0000b230       _Curl_formclean            1000c230 f   formdata.obj
 0001:0000b2c0       _curl_formget              1000c2c0 f   formdata.obj
 0001:0000b4c0       _curl_formfree             1000c4c0 f   formdata.obj
 0001:0000b5d0       _Curl_getformdata          1000c5d0 f   formdata.obj
 0001:0000c160       _Curl_FormInit             1000d160 f   formdata.obj
 0001:0000c2a0       _Curl_FormReader           1000d2a0 f   formdata.obj
 0001:0000c3f0       _Curl_formpostheader       1000d3f0 f   formdata.obj
 0001:0000c450       _Curl_FormBoundary         1000d450 f   formdata.obj
 0001:0000c4f0       _Curl_GetFTPResponse       1000d4f0 f   ftp.obj
 0001:00013150       _Curl_ftpsendf             10014150 f   ftp.obj
 0001:00014050       _Curl_ftp_parselist_data_alloc 10015050 f   ftplistparser.obj
 0001:00014080       _Curl_ftp_parselist_data_free 10015080 f   ftplistparser.obj
 0001:000140c0       _Curl_ftp_parselist_geterror 100150c0 f   ftplistparser.obj
 0001:000140d0       _Curl_ftp_parselist        100150d0 f   ftplistparser.obj
 0001:00015d10       _curl_getenv               10016d10 f   getenv.obj
 0001:00015e20       _Curl_initinfo             10016e20 f   getinfo.obj
 0001:00015f30       _Curl_getinfo              10016f30 f   getinfo.obj
 0001:000169c0       _Curl_hash_init            100179c0 f   hash.obj
 0001:00016be0       _Curl_hash_alloc           10017be0 f   hash.obj
 0001:00016c80       _Curl_hash_add             10017c80 f   hash.obj
 0001:00016e80       _Curl_hash_delete          10017e80 f   hash.obj
 0001:00016f60       _Curl_hash_pick            10017f60 f   hash.obj
 0001:00017020       _Curl_hash_clean           10018020 f   hash.obj
 0001:000170c0       _Curl_hash_clean_with_criterium 100180c0 f   hash.obj
 0001:00017190       _Curl_hash_destroy         10018190 f   hash.obj
 0001:000171d0       _Curl_hash_str             100181d0 f   hash.obj
 0001:00017240       _Curl_str_key_compare      10018240 f   hash.obj
 0001:000172b0       _Curl_HMAC_init            100182b0 f   hmac.obj
 0001:00017510       _Curl_HMAC_update          10018510 f   hmac.obj
 0001:00017550       _Curl_HMAC_final           10018550 f   hmac.obj
 0001:00017610       _Curl_addrinfo_callback    10018610 f   hostasyn.obj
 0001:00017700       _Curl_async_resolved       10018700 f   hostasyn.obj
 0001:00017770       _Curl_getaddrinfo          10018770 f   hostasyn.obj
 0001:000177a0       _Curl_global_host_cache_init 100187a0 f   hostip.obj
 0001:00017810       _Curl_global_host_cache_dtor 10018810 f   hostip.obj
 0001:00017840       _Curl_num_addresses        10018840 f   hostip.obj
 0001:00017880       _Curl_printable_address    10018880 f   hostip.obj
 0001:000178f0       _Curl_hostcache_prune      100188f0 f   hostip.obj
 0001:00017af0       _Curl_cache_addr           10018af0 f   hostip.obj
 0001:00017cd0       _Curl_resolv               10018cd0 f   hostip.obj
 0001:00018000       _Curl_resolv_timeout       10019000 f   hostip.obj
 0001:00018050       _Curl_resolv_unlock        10019050 f   hostip.obj
 0001:00018150       _Curl_mk_dnscache          10019150 f   hostip.obj
 0001:00018180       _Curl_hostcache_destroy    10019180 f   hostip.obj
 0001:00018210       _Curl_loadhostpairs        10019210 f   hostip.obj
 0001:000184c0       _Curl_ipvalid              100194c0 f   hostip4.obj
 0001:000184e0       _Curl_ipv4_resolve_r       100194e0 f   hostip4.obj
 0001:00018660       _Curl_checkheaders         10019660 f   http.obj
 0001:000186e0       _Curl_http_auth_act        100196e0 f   http.obj
 0001:00018d00       _Curl_http_output_auth     10019d00 f   http.obj
 0001:00019240       _Curl_http_input_auth      1001a240 f   http.obj
 0001:00019570       _Curl_add_buffer_init      1001a570 f   http.obj
 0001:000195a0       _Curl_add_buffer_send      1001a5a0 f   http.obj
 0001:00019a70       _Curl_add_bufferf          1001aa70 f   http.obj
 0001:00019b40       _Curl_add_buffer           1001ab40 f   http.obj
 0001:00019cf0       _Curl_compareheader        1001acf0 f   http.obj
 0001:00019e10       _Curl_http_connect         1001ae10 f   http.obj
 0001:00019f00       _Curl_http_done            1001af00 f   http.obj
 0001:0001a0d0       _Curl_add_custom_headers   1001b0d0 f   http.obj
 0001:0001a310       _Curl_add_timecondition    1001b310 f   http.obj
 0001:0001a4b0       _Curl_http                 1001b4b0 f   http.obj
 0001:0001c9b0       _Curl_http_readwrite_headers 1001d9b0 f   http.obj
 0001:0001e2f0       _Curl_httpchunk_init       1001f2f0 f   http_chunks.obj
 0001:0001e330       _Curl_httpchunk_read       1001f330 f   http_chunks.obj
 0001:0001e9d0       _Curl_input_digest         1001f9d0 f   http_digest.obj
 0001:0001f140       _Curl_output_digest        10020140 f   http_digest.obj
 0001:0001fc10       _Curl_digest_cleanup       10020c10 f   http_digest.obj
 0001:0001fc40       _Curl_proxy_connect        10020c40 f   http_proxy.obj
 0001:0001fd30       _Curl_proxyCONNECT         10020d30 f   http_proxy.obj
 0001:00020b00       _Curl_if_is_interface_name 10021b00 f   if2ip.obj
 0001:00020b10       _Curl_if2ip                10021b10 f   if2ip.obj
 0001:00021e80       _Curl_inet_ntop            10022e80 f   inet_ntop.obj
 0001:00021ff0       _Curl_inet_pton            10022ff0 f   inet_pton.obj
 0001:000232f0       _Curl_llist_alloc          100242f0 f   llist.obj
 0001:00023370       _Curl_llist_insert_next    10024370 f   llist.obj
 0001:00023480       _Curl_llist_remove         10024480 f   llist.obj
 0001:00023580       _Curl_llist_destroy        10024580 f   llist.obj
 0001:000235d0       _Curl_llist_count          100245d0 f   llist.obj
 0001:000235e0       _Curl_llist_move           100245e0 f   llist.obj
 0001:00024960       _Curl_md5it                10025960 f   md5.obj
 0001:00024a10       _Curl_MD5_init             10025a10 f   md5.obj
 0001:00024aa0       _Curl_MD5_update           10025aa0 f   md5.obj
 0001:00024ae0       _Curl_MD5_final            10025ae0 f   md5.obj
 0001:00024b30       _curl_mvsnprintf           10025b30 f   mprintf.obj
 0001:00026ae0       _curl_msnprintf            10027ae0 f   mprintf.obj
 0001:00026b30       _curl_maprintf             10027b30 f   mprintf.obj
 0001:00026d40       _curl_mvaprintf            10027d40 f   mprintf.obj
 0001:00026e30       _curl_msprintf             10027e30 f   mprintf.obj
 0001:00026ed0       _curl_mprintf              10027ed0 f   mprintf.obj
 0001:00026f30       _curl_mfprintf             10027f30 f   mprintf.obj
 0001:00026f80       _curl_mvsprintf            10027f80 f   mprintf.obj
 0001:00026fc0       _curl_mvprintf             10027fc0 f   mprintf.obj
 0001:00026ff0       _curl_mvfprintf            10027ff0 f   mprintf.obj
 0001:00027020       _curl_multi_init           10028020 f   multi.obj
 0001:00027220       _curl_multi_add_handle     10028220 f   multi.obj
 0001:00027600       _curl_multi_remove_handle  10028600 f   multi.obj
 0001:00027980       _Curl_multi_canPipeline    10028980 f   multi.obj
 0001:00027990       _Curl_multi_handlePipeBreak 10028990 f   multi.obj
 0001:000279c0       _curl_multi_fdset          100289c0 f   multi.obj
 0001:00027dd0       _curl_multi_perform        10028dd0 f   multi.obj
 0001:00029460       _curl_multi_cleanup        1002a460 f   multi.obj
 0001:000296a0       _curl_multi_info_read      1002a6a0 f   multi.obj
 0001:00029d60       _curl_multi_setopt         1002ad60 f   multi.obj
 0001:00029ea0       _curl_multi_socket         1002aea0 f   multi.obj
 0001:0002a260       _curl_multi_socket_action  1002b260 f   multi.obj
 0001:0002a2b0       _curl_multi_socket_all     1002b2b0 f   multi.obj
 0001:0002a300       _curl_multi_timeout        1002b300 f   multi.obj
 0001:0002aa90       _Curl_expire               1002ba90 f   multi.obj
 0001:0002ae00       _curl_multi_assign         1002be00 f   multi.obj
 0001:0002b100       _Curl_parsenetrc           1002c100 f   netrc.obj
 0001:0002b4a0       _curlx_nonblock            1002c4a0 f   nonblock.obj
 0001:0002b520       _curl_getdate              1002c520 f   parsedate.obj
 0001:0002c010       _Curl_gmtime               1002d010 f   parsedate.obj
 0001:0002c080       _Curl_pp_state_timeout     1002d080 f   pingpong.obj
 0001:0002c170       _Curl_pp_multi_statemach   1002d170 f   pingpong.obj
 0001:0002c290       _Curl_pp_easy_statemach    1002d290 f   pingpong.obj
 0001:0002c3f0       _Curl_pp_init              1002d3f0 f   pingpong.obj
 0001:0002c450       _Curl_pp_vsendf            1002d450 f   pingpong.obj
 0001:0002c670       _Curl_pp_sendf             1002d670 f   pingpong.obj
 0001:0002c6c0       _Curl_pp_readresp          1002d6c0 f   pingpong.obj
 0001:0002cb10       _Curl_pp_getsock           1002db10 f   pingpong.obj
 0001:0002cb60       _Curl_pp_flushsend         1002db60 f   pingpong.obj
 0001:0002cc80       _Curl_pp_disconnect        1002dc80 f   pingpong.obj
 0001:0002f0d0       _Curl_pop3_write           100300d0 f   pop3.obj
 0001:0002f380       _Curl_pgrsDone             10030380 f   progress.obj
 0001:0002f420       _Curl_pgrsResetTimesSizes  10030420 f   progress.obj
 0001:0002f480       _Curl_pgrsTime             10030480 f   progress.obj
 0001:0002f670       _Curl_pgrsStartNow         10030670 f   progress.obj
 0001:0002f6c0       _Curl_pgrsSetDownloadCounter 100306c0 f   progress.obj
 0001:0002f6e0       _Curl_pgrsSetUploadCounter 100306e0 f   progress.obj
 0001:0002f700       _Curl_pgrsSetDownloadSize  10030700 f   progress.obj
 0001:0002f760       _Curl_pgrsSetUploadSize    10030760 f   progress.obj
 0001:0002f7c0       _Curl_pgrsUpdate           100307c0 f   progress.obj
 0001:00030930       _Curl_raw_toupper          10031930 f   rawstr.obj
 0001:00030a40       _Curl_raw_equal            10031a40 f   rawstr.obj
 0001:00030ad0       _Curl_raw_nequal           10031ad0 f   rawstr.obj
 0001:00030b80       _Curl_strntoupper          10031b80 f   rawstr.obj
 0001:00030c10       _Curl_rtsp_connisdead      10031c10 f   rtsp.obj
 0001:00031f00       _Curl_rtsp_parseheader     10032f00 f   rtsp.obj
 0001:000321d0       _Curl_wait_ms              100331d0 f   select.obj
 0001:00032240       _Curl_socket_check         10033240 f   select.obj
 0001:00032900       _Curl_poll                 10033900 f   select.obj
 0001:00032fa0       _Curl_infof                10033fa0 f   sendf.obj
 0001:00033080       _Curl_failf                10034080 f   sendf.obj
 0001:00033190       _Curl_sendf                10034190 f   sendf.obj
 0001:000332e0       _Curl_write                100342e0 f   sendf.obj
 0001:000333d0       _Curl_send_plain           100343d0 f   sendf.obj
 0001:000334b0       _Curl_write_plain          100344b0 f   sendf.obj
 0001:00033550       _Curl_recv_plain           10034550 f   sendf.obj
 0001:00033620       _Curl_client_write         10034620 f   sendf.obj
 0001:00033960       _Curl_read_plain           10034960 f   sendf.obj
 0001:000339e0       _Curl_read                 100349e0 f   sendf.obj
 0001:00033c70       _Curl_debug                10034c70 f   sendf.obj
 0001:00033ec0       _curl_share_init           10034ec0 f   share.obj
 0001:00033f10       _curl_share_setopt         10034f10 f   share.obj
 0001:00034170       _curl_share_cleanup        10035170 f   share.obj
 0001:00034280       _Curl_share_lock           10035280 f   share.obj
 0001:00034300       _Curl_share_unlock         10035300 f   share.obj
 0001:00034370       _curl_slist_append         10035370 f   slist.obj
 0001:00034480       _Curl_slist_duplicate      10035480 f   slist.obj
 0001:000344f0       _curl_slist_free_all       100354f0 f   slist.obj
 0001:00036bf0       _Curl_smtp_escape_eob      10037bf0 f   smtp.obj
 0001:00036e20       _Curl_blockread_all        10037e20 f   socks.obj
 0001:00036f60       _Curl_SOCKS4               10037f60 f   socks.obj
 0001:00037650       _Curl_SOCKS5               10038650 f   socks.obj
 0001:000381a0       _Curl_speedinit            100391a0 f   speedcheck.obj
 0001:000381d0       _Curl_speedcheck           100391d0 f   speedcheck.obj
 0001:00038350       _Curl_splay                10039350 f   splay.obj
 0001:000385e0       _Curl_splayinsert          100395e0 f   splay.obj
 0001:000387d0       _Curl_splaygetbest         100397d0 f   splay.obj
 0001:000389c0       _Curl_splayremovebyaddr    100399c0 f   splay.obj
 0001:00038b60       _Curl_ssl_config_matches   10039b60 f   sslgen.obj
 0001:00038c90       _Curl_clone_ssl_config     10039c90 f   sslgen.obj
 0001:00038e20       _Curl_free_ssl_config      10039e20 f   sslgen.obj
 0001:00038f20       _curl_strequal             10039f20 f   strequal.obj
 0001:00038f50       _curl_strnequal            10039f50 f   strequal.obj
 0001:00038f80       _Curl_strlcat              10039f80 f   strequal.obj
 0001:000390a0       _curl_easy_strerror        1003a0a0 f   strerror.obj
 0001:00039520       _curl_multi_strerror       1003a520 f   strerror.obj
 0001:000395b0       _curl_share_strerror       1003a5b0 f   strerror.obj
 0001:00039620       _Curl_strerror             1003a620 f   strerror.obj
 0001:00039ba0       _Curl_strtok_r             1003aba0 f   strtok.obj
 0001:0003f6c0       _curlx_tvnow               100406c0 f   timeval.obj
 0001:0003f750       _curlx_tvdiff              10040750 f   timeval.obj
 0001:0003f780       _curlx_tvdiff_secs         10040780 f   timeval.obj
 0001:0003f7e0       _Curl_tvlong               100407e0 f   timeval.obj
 0001:0003f7f0       _Curl_fillreadbuffer       100407f0 f   transfer.obj
 0001:0003fa80       _Curl_readrewind           10040a80 f   transfer.obj
 0001:0003fc10       _Curl_meets_timecondition  10040c10 f   transfer.obj
 0001:0003fd10       _Curl_readwrite            10040d10 f   transfer.obj
 0001:00041260       _Curl_single_getsock       10042260 f   transfer.obj
 0001:000413a0       _Curl_sleep_time           100423a0 f   transfer.obj
 0001:00041500       _Curl_pretransfer          10042500 f   transfer.obj
 0001:000416c0       _Curl_posttransfer         100426c0 f   transfer.obj
 0001:000416d0       _Curl_follow               100426d0 f   transfer.obj
 0001:00042000       _Curl_reconnect_request    10043000 f   transfer.obj
 0001:00042150       _Curl_retry_request        10043150 f   transfer.obj
 0001:000422a0       _Curl_perform              100432a0 f   transfer.obj
 0001:00042d20       _Curl_setup_transfer       10043d20 f   transfer.obj
 0001:00042ee0       _Curl_freeset              10043ee0 f   url.obj
 0001:00042fc0       _Curl_dupset               10043fc0 f   url.obj
 0001:000430f0       _Curl_close                100440f0 f   url.obj
 0001:00043540       _Curl_mk_connc             10044540 f   url.obj
 0001:00043630       _Curl_ch_connc             10044630 f   url.obj
 0001:000437a0       _Curl_rm_connc             100447a0 f   url.obj
 0001:00043860       _Curl_init_userdefined     10044860 f   url.obj
 0001:00043aa0       _Curl_open                 10044aa0 f   url.obj
 0001:00043c90       _Curl_setopt               10044c90 f   url.obj
 0001:00046ce0       _Curl_disconnect           10047ce0 f   url.obj
 0001:00046f30       _Curl_isPipeliningEnabled  10047f30 f   url.obj
 0001:00046f70       _Curl_addHandleToPipeline  10047f70 f   url.obj
 0001:00046fa0       _Curl_removeHandleFromPipeline 10047fa0 f   url.obj
 0001:00047000       _Curl_getoff_all_pipelines 10048000 f   url.obj
 0001:00047330       _Curl_connected_proxy      10048330 f   url.obj
 0001:00047420       _Curl_verboseconnect       10048420 f   url.obj
 0001:000474a0       _Curl_protocol_getsock     100484a0 f   url.obj
 0001:000474f0       _Curl_doing_getsock        100484f0 f   url.obj
 0001:00047540       _Curl_protocol_connecting  10048540 f   url.obj
 0001:000475c0       _Curl_protocol_doing       100485c0 f   url.obj
 0001:00047640       _Curl_protocol_connect     10048640 f   url.obj
 0001:00047760       _Curl_setup_conn           10048760 f   url.obj
 0001:00047b30       _Curl_connect              10048b30 f   url.obj
 0001:0004b230       _Curl_done                 1004c230 f   url.obj
 0001:0004b620       _Curl_do                   1004c620 f   url.obj
 0001:0004b7a0       _Curl_do_more              1004c7a0 f   url.obj
 0001:0004b820       _Curl_reset_reqproto       1004c820 f   url.obj
 0001:0004b8a0       _curl_version              1004c8a0 f   version.obj
 0001:0004b950       _curl_version_info         1004c950 f   version.obj
 0001:0004b960       _curlx_ultous              1004c960 f   warnless.obj
 0001:0004b980       _curlx_ultouc              1004c980 f   warnless.obj
 0001:0004b9a0       _curlx_ultosi              1004c9a0 f   warnless.obj
 0001:0004b9c0       _curlx_uztosi              1004c9c0 f   warnless.obj
 0001:0004b9e0       _curlx_uztoul              1004c9e0 f   warnless.obj
 0001:0004b9f0       _curlx_uztoui              1004c9f0 f   warnless.obj
 0001:0004ba00       _curlx_sltosi              1004ca00 f   warnless.obj
 0001:0004ba20       _curlx_sltoui              1004ca20 f   warnless.obj
 0001:0004ba30       _curlx_sltous              1004ca30 f   warnless.obj
 0001:0004ba50       _curlx_uztosz              1004ca50 f   warnless.obj
 0001:0004ba70       _curlx_sotouz              1004ca70 f   warnless.obj
 0001:0004ba90       _curlx_sztosi              1004ca90 f   warnless.obj
 0001:0004bab0       _curlx_sitouz              1004cab0 f   warnless.obj
 0001:0004bac0       _Curl_wildcard_init        1004cac0 f   wildcard.obj
 0001:0004bb00       _Curl_wildcard_dtor        1004cb00 f   wildcard.obj
 0001:0004bbe4       _WSAGetLastError@0         1004cbe4 f   ws2_32:WS2_32.dll
 0001:0004bbea       _getsockname@12            1004cbea f   ws2_32:WS2_32.dll
 0001:0004bbf0       _getpeername@12            1004cbf0 f   ws2_32:WS2_32.dll
 0001:0004bbf6       _ntohs@4                   1004cbf6 f   ws2_32:WS2_32.dll
 0001:0004bbfc       _WSASetLastError@4         1004cbfc f   ws2_32:WS2_32.dll
 0001:0004bc02       _getsockopt@20             1004cc02 f   ws2_32:WS2_32.dll
 0001:0004bc08       _setsockopt@20             1004cc08 f   ws2_32:WS2_32.dll
 0001:0004bc0e       _connect@12                1004cc0e f   ws2_32:WS2_32.dll
 0001:0004bc14       _bind@12                   1004cc14 f   ws2_32:WS2_32.dll
 0001:0004bc1a       _htons@4                   1004cc1a f   ws2_32:WS2_32.dll
 0001:0004bc20       _recv@16                   1004cc20 f   ws2_32:WS2_32.dll
 0001:0004bc26       _closesocket@4             1004cc26 f   ws2_32:WS2_32.dll
 0001:0004bc2c       _socket@12                 1004cc2c f   ws2_32:WS2_32.dll
 0001:0004bc32       _freeaddrinfo@4            1004cc32 f   ws2_32:WS2_32.dll
 0001:0004bc38       _getaddrinfo@16            1004cc38 f   ws2_32:WS2_32.dll
 0001:0004bc3e       _gethostname@8             1004cc3e f   ws2_32:WS2_32.dll
 0001:0004bc44       _WSACleanup@0              1004cc44 f   ws2_32:WS2_32.dll
 0001:0004bc4a       _WSAStartup@8              1004cc4a f   ws2_32:WS2_32.dll
 0001:0004bc50       _listen@8                  1004cc50 f   ws2_32:WS2_32.dll
 0001:0004bc56       _accept@12                 1004cc56 f   ws2_32:WS2_32.dll
 0001:0004bc5c       _ioctlsocket@12            1004cc5c f   ws2_32:WS2_32.dll
 0001:0004bc62       ___WSAFDIsSet@8            1004cc62 f   ws2_32:WS2_32.dll
 0001:0004bc68       _select@20                 1004cc68 f   ws2_32:WS2_32.dll
 0001:0004bc6e       _send@16                   1004cc6e f   ws2_32:WS2_32.dll
 0001:0004bc74       _sendto@24                 1004cc74 f   ws2_32:WS2_32.dll
 0001:0004bc7a       _recvfrom@24               1004cc7a f   ws2_32:WS2_32.dll
 0001:0004bc80       _ldap_unbind_s             1004cc80 f   wldap32:WLDAP32.dll
 0001:0004bc86       _ldap_msgfree              1004cc86 f   wldap32:WLDAP32.dll
 0001:0004bc8c       _ber_free                  1004cc8c f   wldap32:WLDAP32.dll
 0001:0004bc92       _ldap_memfree              1004cc92 f   wldap32:WLDAP32.dll
 0001:0004bc98       _ldap_value_free_len       1004cc98 f   wldap32:WLDAP32.dll
 0001:0004bc9e       _ldap_get_values_len       1004cc9e f   wldap32:WLDAP32.dll
 0001:0004bca4       _ldap_next_attribute       1004cca4 f   wldap32:WLDAP32.dll
 0001:0004bcaa       _ldap_first_attribute      1004ccaa f   wldap32:WLDAP32.dll
 0001:0004bcb0       _ldap_get_dn               1004ccb0 f   wldap32:WLDAP32.dll
 0001:0004bcb6       _ldap_next_entry           1004ccb6 f   wldap32:WLDAP32.dll
 0001:0004bcbc       _ldap_first_entry          1004ccbc f   wldap32:WLDAP32.dll
 0001:0004bcc2       _ldap_search_s             1004ccc2 f   wldap32:WLDAP32.dll
 0001:0004bcc8       _ldap_simple_bind_s        1004ccc8 f   wldap32:WLDAP32.dll
 0001:0004bcce       _ldap_init                 1004ccce f   wldap32:WLDAP32.dll
 0001:0004bcd4       _ldap_set_option           1004ccd4 f   wldap32:WLDAP32.dll
 0001:0004bcda       _ldap_err2string           1004ccda f   wldap32:WLDAP32.dll
 0001:0004bce0       _DeleteCriticalSection@4   1004cce0 f   kernel32:KERNEL32.dll
 0001:0004bce6       _LeaveCriticalSection@4    1004cce6 f   kernel32:KERNEL32.dll
 0001:0004bcec       _EnterCriticalSection@4    1004ccec f   kernel32:KERNEL32.dll
 0001:0004bcf2       _GetLastError@0            1004ccf2 f   kernel32:KERNEL32.dll
 0001:0004bcf8       _SetLastError@4            1004ccf8 f   kernel32:KERNEL32.dll
 0001:0004bcfe       _InitializeCriticalSection@4 1004ccfe f   kernel32:KERNEL32.dll
 0001:0004bd04       _SleepEx@8                 1004cd04 f   kernel32:KERNEL32.dll
 0001:0004bd0a       _CloseHandle@4             1004cd0a f   kernel32:KERNEL32.dll
 0001:0004bd10       _WaitForSingleObject@8     1004cd10 f   kernel32:KERNEL32.dll
 0001:0004bd16       _ExpandEnvironmentStringsA@12 1004cd16 f   kernel32:KERNEL32.dll
 0001:0004bd1c       _Sleep@4                   1004cd1c f   kernel32:KERNEL32.dll
 0001:0004bd22       _FormatMessageA@28         1004cd22 f   kernel32:KERNEL32.dll
 0001:0004bd28       _ReadFile@20               1004cd28 f   kernel32:KERNEL32.dll
 0001:0004bd2e       _PeekNamedPipe@24          1004cd2e f   kernel32:KERNEL32.dll
 0001:0004bd34       _WaitForMultipleObjects@16 1004cd34 f   kernel32:KERNEL32.dll
 0001:0004bd3a       _GetFileType@4             1004cd3a f   kernel32:KERNEL32.dll
 0001:0004bd40       _GetStdHandle@4            1004cd40 f   kernel32:KERNEL32.dll
 0001:0004bd46       _FreeLibrary@4             1004cd46 f   kernel32:KERNEL32.dll
 0001:0004bd4c       _GetProcAddress@8          1004cd4c f   kernel32:KERNEL32.dll
 0001:0004bd52       _LoadLibraryA@4            1004cd52 f   kernel32:KERNEL32.dll
 0001:0004bd58       _GetTickCount@0            1004cd58 f   kernel32:KERNEL32.dll
 0001:0004bd60       __RTC_InitBase             1004cd60 f   LIBCMTD:_init_.obj
 0001:0004bd90       __RTC_Shutdown             1004cd90 f   LIBCMTD:_init_.obj
 0001:0004bdb0       __RTC_CheckEsp             1004cdb0 f   LIBCMTD:_stack_.obj
 0001:0004bde0       @_RTC_CheckStackVars@8     1004cde0 f   LIBCMTD:_stack_.obj
 0001:0004be50       @_RTC_AllocaHelper@12      1004ce50 f   LIBCMTD:_stack_.obj
 0001:0004be90       @_RTC_CheckStackVars2@12   1004ce90 f   LIBCMTD:_stack_.obj
 0001:0004bf70       _memset                    1004cf70 f   LIBCMTD:memset.obj
 0001:0004bff0       @__security_check_cookie@4 1004cff0 f   LIBCMTD:secchk.obj
 0001:0004c000       __dosmaperr                1004d000 f   LIBCMTD:dosmap.obj
 0001:0004c030       __get_errno_from_oserr     1004d030 f   LIBCMTD:dosmap.obj
 0001:0004c0b0       __set_errno                1004d0b0 f   LIBCMTD:dosmap.obj
 0001:0004c0e0       __get_errno                1004d0e0 f   LIBCMTD:dosmap.obj
 0001:0004c160       __set_doserrno             1004d160 f   LIBCMTD:dosmap.obj
 0001:0004c190       __get_doserrno             1004d190 f   LIBCMTD:dosmap.obj
 0001:0004c210       __errno                    1004d210 f   LIBCMTD:dosmap.obj
 0001:0004c240       ___doserrno                1004d240 f   LIBCMTD:dosmap.obj
 0001:0004c270       _strlen                    1004d270 f   LIBCMTD:strlen.obj
 0001:0004c300       _memcpy                    1004d300 f   LIBCMTD:memcpy.obj
 0001:0004c670       _strncmp                   1004d670 f   LIBCMTD:strncmp.obj
 0001:0004c7f0       __strtoi64                 1004d7f0 f   LIBCMTD:strtoq.obj
 0001:0004cd60       ??0_LocaleUpdate@@QAE@PAUlocaleinfo_struct@@@Z 1004dd60 f i LIBCMTD:strtoq.obj
 0001:0004ce40       ??1_LocaleUpdate@@QAE@XZ   1004de40 f i LIBCMTD:strtoq.obj
 0001:0004ce70       ?GetLocaleT@_LocaleUpdate@@QAEPAUlocaleinfo_struct@@XZ 1004de70 f i LIBCMTD:strtoq.obj
 0001:0004ce80       __strtoi64_l               1004de80 f   LIBCMTD:strtoq.obj
 0001:0004ceb0       __strtoui64                1004deb0 f   LIBCMTD:strtoq.obj
 0001:0004cf00       __strtoui64_l              1004df00 f   LIBCMTD:strtoq.obj
 0001:0004cf30       _strcmp                    1004df30 f   LIBCMTD:strcmp.obj
 0001:0004cfc0       _strrchr                   1004dfc0 f   LIBCMTD:strrchr.obj
 0001:0004cff0       _strtol                    1004dff0 f   LIBCMTD:strtol.obj
 0001:0004d520       __strtol_l                 1004e520 f   LIBCMTD:strtol.obj
 0001:0004d550       _strtoul                   1004e550 f   LIBCMTD:strtol.obj
 0001:0004d5a0       __strtoul_l                1004e5a0 f   LIBCMTD:strtol.obj
 0001:0004d5d0       _sscanf                    1004e5d0 f   LIBCMTD:sscanf.obj
 0001:0004d760       __sscanf_l                 1004e760 f   LIBCMTD:sscanf.obj
 0001:0004d790       _sscanf_s                  1004e790 f   LIBCMTD:sscanf.obj
 0001:0004d7c0       __sscanf_s_l               1004e7c0 f   LIBCMTD:sscanf.obj
 0001:0004d800       _strchr                    1004e800 f   LIBCMTD:strchr.obj
 0001:0004d806       ___from_strstr_to_strchr   1004e806     LIBCMTD:strchr.obj
 0001:0004d8c0       __time64                   1004e8c0 f   LIBCMTD:time64.obj
 0001:0004d940       _fclose                    1004e940 f   LIBCMTD:fclose.obj
 0001:0004da50       __fclose_nolock            1004ea50 f   LIBCMTD:fclose.obj
 0001:0004db50       _fgets                     1004eb50 f   LIBCMTD:fgets.obj
 0001:0004dee0       __fsopen                   1004eee0 f   LIBCMTD:fopen.obj
 0001:0004e0f0       _fopen                     1004f0f0 f   LIBCMTD:fopen.obj
 0001:0004e110       _fopen_s                   1004f110 f   LIBCMTD:fopen.obj
 0001:0004e1b0       ___iob_func                1004f1b0 f   LIBCMTD:_file.obj
 0001:0004e1c0       ___initstdio               1004f1c0 f   LIBCMTD:_file.obj
 0001:0004e310       ___endstdio                1004f310 f   LIBCMTD:_file.obj
 0001:0004e340       __lock_file                1004f340 f   LIBCMTD:_file.obj
 0001:0004e3a0       __lock_file2               1004f3a0 f   LIBCMTD:_file.obj
 0001:0004e3e0       __unlock_file              1004f3e0 f   LIBCMTD:_file.obj
 0001:0004e440       __unlock_file2             1004f440 f   LIBCMTD:_file.obj
 0001:0004e480       _qsort                     1004f480 f   LIBCMTD:qsort.obj
 0001:0004ea30       _fputs                     1004fa30 f   LIBCMTD:fputs.obj
 0001:0004ecd0       __isalpha_l                1004fcd0 f i LIBCMTD:_ctype.obj
 0001:0004ed60       _isalpha                   1004fd60 f i LIBCMTD:_ctype.obj
 0001:0004eda0       __isupper_l                1004fda0 f i LIBCMTD:_ctype.obj
 0001:0004ee20       _isupper                   1004fe20 f i LIBCMTD:_ctype.obj
 0001:0004ee50       __islower_l                1004fe50 f i LIBCMTD:_ctype.obj
 0001:0004eed0       _islower                   1004fed0 f i LIBCMTD:_ctype.obj
 0001:0004ef00       __isdigit_l                1004ff00 f i LIBCMTD:_ctype.obj
 0001:0004ef80       _isdigit                   1004ff80 f i LIBCMTD:_ctype.obj
 0001:0004efb0       __isxdigit_l               1004ffb0 f i LIBCMTD:_ctype.obj
 0001:0004f040       _isxdigit                  10050040 f i LIBCMTD:_ctype.obj
 0001:0004f080       __isspace_l                10050080 f i LIBCMTD:_ctype.obj
 0001:0004f100       _isspace                   10050100 f i LIBCMTD:_ctype.obj
 0001:0004f130       __ispunct_l                10050130 f i LIBCMTD:_ctype.obj
 0001:0004f1b0       _ispunct                   100501b0 f i LIBCMTD:_ctype.obj
 0001:0004f1e0       __isalnum_l                100501e0 f i LIBCMTD:_ctype.obj
 0001:0004f270       _isalnum                   10050270 f i LIBCMTD:_ctype.obj
 0001:0004f2b0       __isprint_l                100502b0 f i LIBCMTD:_ctype.obj
 0001:0004f340       _isprint                   10050340 f i LIBCMTD:_ctype.obj
 0001:0004f380       __isgraph_l                10050380 f i LIBCMTD:_ctype.obj
 0001:0004f410       _isgraph                   10050410 f i LIBCMTD:_ctype.obj
 0001:0004f450       __iscntrl_l                10050450 f i LIBCMTD:_ctype.obj
 0001:0004f4d0       _iscntrl                   100504d0 f i LIBCMTD:_ctype.obj
 0001:0004f500       ___isascii                 10050500 f i LIBCMTD:_ctype.obj
 0001:0004f520       ___toascii                 10050520 f i LIBCMTD:_ctype.obj
 0001:0004f530       __iscsymf_l                10050530 f i LIBCMTD:_ctype.obj
 0001:0004f570       ___iscsymf                 10050570 f i LIBCMTD:_ctype.obj
 0001:0004f5b0       __iscsym_l                 100505b0 f i LIBCMTD:_ctype.obj
 0001:0004f5f0       ___iscsym                  100505f0 f i LIBCMTD:_ctype.obj
 0001:0004f630       _strcpy                    10050630 f   LIBCMTD:strcat.obj
 0001:0004f640       _strcat                    10050640 f   LIBCMTD:strcat.obj
 0001:0004f730       _strstr                    10050730 f   LIBCMTD:strstr.obj
 0001:0004f7c0       __beginthreadex            100507c0 f   LIBCMTD:threadex.obj
 0001:0004fa40       __endthreadex              10050a40 f   LIBCMTD:threadex.obj
 0001:0004fa70       _free                      10050a70 f   LIBCMTD:dbgfree.obj
 0001:0004fa90       _malloc                    10050a90 f   LIBCMTD:dbgmalloc.obj
 0001:0004fac0       _calloc                    10050ac0 f   LIBCMTD:dbgcalloc.obj
 0001:0004faf0       _realloc                   10050af0 f   LIBCMTD:dbgrealloc.obj
 0001:0004fb20       __lseeki64                 10050b20 f   LIBCMTD:lseeki64.obj
 0001:0004fd70       __lseeki64_nolock          10050d70 f   LIBCMTD:lseeki64.obj
 0001:0004fe60       __fstat64                  10050e60 f   LIBCMTD:fstat64.obj
 0001:000504f0       _fwrite                    100514f0 f   LIBCMTD:fwrite.obj
 0001:00050600       __fwrite_nolock            10051600 f   LIBCMTD:fwrite.obj
 0001:000509d0       __chkstk                   100519d0 f   LIBCMTD:chkstk.obj
 0001:000509d0       __alloca_probe             100519d0     LIBCMTD:chkstk.obj
 0001:00050a00       _fread_s                   10051a00 f   LIBCMTD:fread.obj
 0001:00050b30       __fread_nolock_s           10051b30 f   LIBCMTD:fread.obj
 0001:00051110       _fread                     10052110 f   LIBCMTD:fread.obj
 0001:00051140       __fread_nolock             10052140 f   LIBCMTD:fread.obj
 0001:00051170       __stat64                   10052170 f   LIBCMTD:stat64.obj
 0001:000519b0       _strncpy                   100529b0 f   LIBCMTD:strncpy.obj
 0001:00051ae0       _getenv                    10052ae0 f   LIBCMTD:getenv.obj
 0001:00051c30       __getenv_helper_nolock     10052c30 f   LIBCMTD:getenv.obj
 0001:00051d50       _getenv_s                  10052d50 f   LIBCMTD:getenv.obj
 0001:00051f80       __invoke_watson_if_error   10052f80 f i LIBCMTD:getenv.obj
 0001:00051fb0       __dupenv_s                 10052fb0 f   LIBCMTD:getenv.obj
 0001:00051fe0       __dupenv_s_dbg             10052fe0 f   LIBCMTD:getenv.obj
 0001:00052230       __fpmath                   10053230 f   LIBCMTD:_fpinit_.obj
 0001:00052250       __cfltcvt_init             10053250 f   LIBCMTD:_fpinit_.obj
 0001:000522c0       ___setfflag                100532c0 f   LIBCMTD:_fpinit_.obj
 0001:000522e0       _memcmp                    100532e0 f   LIBCMTD:memcmp.obj
 0001:00052d50       __tolower                  10053d50 f   LIBCMTD:tolower.obj
 0001:00052d60       __tolower_l                10053d60 f   LIBCMTD:tolower.obj
 0001:00052f40       _tolower                   10053f40 f   LIBCMTD:tolower.obj
 0001:00052f90       _memmove                   10053f90 f   LIBCMTD:memmove.obj
 0001:00053300       _memchr                    10054300 f   LIBCMTD:memchr.obj
 0001:000533b0       _sprintf                   100543b0 f   LIBCMTD:sprintf.obj
 0001:00053550       __sprintf_l                10054550 f   LIBCMTD:sprintf.obj
 0001:00053580       _sprintf_s                 10054580 f   LIBCMTD:sprintf.obj
 0001:000535b0       __sprintf_s_l              100545b0 f   LIBCMTD:sprintf.obj
 0001:000535e0       __snprintf_s               100545e0 f   LIBCMTD:sprintf.obj
 0001:00053610       __snprintf_s_l             10054610 f   LIBCMTD:sprintf.obj
 0001:00053640       __sprintf_p                10054640 f   LIBCMTD:sprintf.obj
 0001:00053670       __sprintf_p_l              10054670 f   LIBCMTD:sprintf.obj
 0001:000536a0       __scprintf                 100546a0 f   LIBCMTD:sprintf.obj
 0001:000536c0       __scprintf_p               100546c0 f   LIBCMTD:sprintf.obj
 0001:000536e0       __scprintf_l               100546e0 f   LIBCMTD:sprintf.obj
 0001:00053710       __scprintf_p_l             10054710 f   LIBCMTD:sprintf.obj
 0001:00053740       __aulldiv                  10054740 f   LIBCMTD:ulldiv.obj
 0001:000537b0       __aullrem                  100547b0 f   LIBCMTD:ullrem.obj
 0001:00053830       _fputc                     10054830 f   LIBCMTD:fputc.obj
 0001:00053a90       _putc                      10054a90 f   LIBCMTD:fputc.obj
 0001:00053cf0       __allmul                   10054cf0 f   LIBCMTD:llmul.obj
 0001:00053d30       __gmtime64_s               10054d30 f   LIBCMTD:gmtime64.obj
 0001:00054130       __gmtime64                 10055130 f   LIBCMTD:gmtime64.obj
 0001:00054170       _fflush                    10055170 f   LIBCMTD:fflush.obj
 0001:00054210       __fflush_nolock            10055210 f   LIBCMTD:fflush.obj
 0001:00054270       __flush                    10055270 f   LIBCMTD:fflush.obj
 0001:00054330       __flushall                 10055330 f   LIBCMTD:fflush.obj
 0001:00054500       __alldiv                   10055500 f   LIBCMTD:lldiv.obj
 0001:000545b0       __ftol2_sse                100555b0 f   LIBCMTD:ftol2.obj
 0001:000545b9       __ftol2_pentium4           100555b9 f   LIBCMTD:ftol2.obj
 0001:000545cc       __ftol2_sse_excpt          100555cc f   LIBCMTD:ftol2.obj
 0001:000545e6       __ftol2                    100555e6 f   LIBCMTD:ftol2.obj
 0001:00054660       __allrem                   10055660 f   LIBCMTD:llrem.obj
 0001:00054720       _strerror                  10055720 f   LIBCMTD:strerror.obj
 0001:000547d0       __get_sys_err_msg          100557d0 f i LIBCMTD:strerror.obj
 0001:00054810       _strerror_s                10055810 f   LIBCMTD:strerror.obj
 0001:00054930       ___sys_nerr                10055930 f   LIBCMTD:syserr.obj
 0001:00054940       ___sys_errlist             10055940 f   LIBCMTD:syserr.obj
 0001:00054950       _atol                      10055950 f   LIBCMTD:atox.obj
 0001:00054970       __atol_l                   10055970 f   LIBCMTD:atox.obj
 0001:00054990       _atoi                      10055990 f   LIBCMTD:atox.obj
 0001:000549b0       __atoi_l                   100559b0 f   LIBCMTD:atox.obj
 0001:000549d0       __atoi64                   100559d0 f   LIBCMTD:atox.obj
 0001:000549f0       __atoi64_l                 100559f0 f   LIBCMTD:atox.obj
 0001:00054a10       _fseek                     10055a10 f   LIBCMTD:fseek.obj
 0001:00054b80       __fseek_nolock             10055b80 f   LIBCMTD:fseek.obj
 0001:00054c60       __allshr                   10055c60 f   LIBCMTD:llshr.obj
 0001:00054c90       __CRT_INIT@12              10055c90 f   LIBCMTD:dllcrt0.obj
 0001:00054eb0       __DllMainCRTStartup@12     10055eb0 f   LIBCMTD:dllcrt0.obj
 0001:000550a0       __RTC_NumErrors            100560a0 f   LIBCMTD:_userapi_.obj
 0001:000550b0       __RTC_GetErrDesc           100560b0 f   LIBCMTD:_userapi_.obj
 0001:000550d0       __RTC_SetErrorType         100560d0 f   LIBCMTD:_userapi_.obj
 0001:00055100       __RTC_SetErrorFunc         10056100 f   LIBCMTD:_userapi_.obj
 0001:00055120       __RTC_SetErrorFuncW        10056120 f   LIBCMTD:_userapi_.obj
 0001:00055140       ?_RTC_GetErrorFunc@@YAP6AHHPBDH00ZZPBX@Z 10056140 f   LIBCMTD:_userapi_.obj
 0001:00055150       ?_RTC_GetErrorFuncW@@YAP6AHHPB_WH00ZZPBX@Z 10056150 f   LIBCMTD:_userapi_.obj
 0001:00055160       __chkesp                   10056160 f   LIBCMTD:chkesp.obj
 0001:000551a0       __CRT_RTC_INIT             100561a0 f   LIBCMTD:chkesp.obj
 0001:000551b0       __CRT_RTC_INITW            100561b0 f   LIBCMTD:chkesp.obj
 0001:000551c0       ?_RTC_Failure@@YAXPAXH@Z   100561c0 f   LIBCMTD:_error_.obj
 0001:00055570       ?_RTC_StackFailure@@YAXPAXPBD@Z 10056570 f   LIBCMTD:_error_.obj
 0001:00055670       ?_RTC_AllocaFailure@@YAXPAXPAU_RTC_ALLOCA_NODE@@H@Z 10056670 f   LIBCMTD:_error_.obj
 0001:00055820       __RTC_UninitUse            10056820 f   LIBCMTD:_error_.obj
 0001:00055910       __VEC_memzero              10056910 f   LIBCMTD:p4_memset.obj
 0001:000559d0       ___sse2_available_init     100569d0 f   LIBCMTD:cpu_disp.obj
 0001:000559f0       ___report_gsfailure        100569f0 f   LIBCMTD:gs_report.obj
 0001:00055b00       __encoded_null             10056b00 f   LIBCMTD:tidtable.obj
 0001:00055b10       ___crtTlsAlloc@4           10056b10 f   LIBCMTD:tidtable.obj
 0001:00055b20       ___fls_getvalue@4          10056b20 f   LIBCMTD:tidtable.obj
 0001:00055b40       ___get_flsindex            10056b40 f   LIBCMTD:tidtable.obj
 0001:00055b50       ___set_flsgetvalue         10056b50 f   LIBCMTD:tidtable.obj
 0001:00055ba0       ___fls_setvalue@8          10056ba0 f   LIBCMTD:tidtable.obj
 0001:00055bc0       __mtinit                   10056bc0 f   LIBCMTD:tidtable.obj
 0001:00055dc0       __mtterm                   10056dc0 f   LIBCMTD:tidtable.obj
 0001:00055e20       __initptd                  10056e20 f   LIBCMTD:tidtable.obj
 0001:00055f50       __getptd_noexit            10056f50 f   LIBCMTD:tidtable.obj
 0001:00056010       __getptd                   10057010 f   LIBCMTD:tidtable.obj
 0001:00056040       __freefls@4                10057040 f   LIBCMTD:tidtable.obj
 0001:00056250       __freeptd                  10057250 f   LIBCMTD:tidtable.obj
 0001:000562d0       ___threadid                100572d0 f   LIBCMTD:tidtable.obj
 0001:000562e0       ___threadhandle            100572e0 f   LIBCMTD:tidtable.obj
 0001:000562f0       __initp_misc_invarg        100572f0 f   LIBCMTD:invarg.obj
 0001:00056300       __invalid_parameter        10057300 f   LIBCMTD:invarg.obj
 0001:00056360       __invoke_watson            10057360 f   LIBCMTD:invarg.obj
 0001:00056390       __call_reportfault         10057390 f   LIBCMTD:invarg.obj
 0001:000564e0       __set_invalid_parameter_handler 100574e0 f   LIBCMTD:invarg.obj
 0001:00056520       __get_invalid_parameter_handler 10057520 f   LIBCMTD:invarg.obj
 0001:00056550       ?_invalid_parameter@@YAXPBG00II@Z 10057550 f   LIBCMTD:invarg.obj
 0001:00056580       ?_invoke_watson@@YAXPBG00II@Z 10057580 f   LIBCMTD:invarg.obj
 0001:000565a0       __CrtSetReportHookW2       100575a0 f   LIBCMTD:dbgrptw.obj
 0001:000568d0       __CrtDbgReportW            100578d0 f   LIBCMTD:dbgrptw.obj
 0001:00056910       __CrtDbgReportWV           10057910 f i LIBCMTD:dbgrptw.obj
 0001:00056940       ___crtMessageWindowW       10057940 f   LIBCMTD:dbgrptw.obj
 0001:00056d40       __invoke_watson_if_oneof   10057d40 f i LIBCMTD:dbgrptw.obj
 0001:00056d80       ?_CrtDbgReportW@@YAHHPBGH00ZZ 10057d80 f   LIBCMTD:dbgrptw.obj
 0001:00056dc0       __VEC_memcpy               10057dc0 f   LIBCMTD:p4_memcpy.obj
 0001:00056ed0       ____setlc_active_func      10057ed0 f   LIBCMTD:setlocal.obj
 0001:00056ee0       ____unguarded_readlc_active_add_func 10057ee0 f   LIBCMTD:setlocal.obj
 0001:00056ef0       __configthreadlocale       10057ef0 f   LIBCMTD:setlocal.obj
 0001:00057000       __locterm                  10058000 f   LIBCMTD:setlocal.obj
 0001:000570a0       __free_locale              100580a0 f   LIBCMTD:setlocal.obj
 0001:000571e0       ___free_locale             100581e0 f   LIBCMTD:setlocal.obj
 0001:00057200       __create_locale            10058200 f   LIBCMTD:setlocal.obj
 0001:00057430       ___create_locale           10058430 f   LIBCMTD:setlocal.obj
 0001:00057450       __get_current_locale       10058450 f   LIBCMTD:setlocal.obj
 0001:00057570       ___get_current_locale      10058570 f   LIBCMTD:setlocal.obj
 0001:00057580       _setlocale                 10058580 f   LIBCMTD:setlocal.obj
 0001:00058430       __expandlocale             10059430 f   LIBCMTD:setlocal.obj
 0001:000586e0       ___init_dummy              100596e0 f   LIBCMTD:setlocal.obj
 0001:000586f0       __strcats                  100596f0 f   LIBCMTD:setlocal.obj
 0001:00058770       ___lc_strtolc              10059770 f   LIBCMTD:setlocal.obj
 0001:00058970       ___lc_lctostr              10059970 f   LIBCMTD:setlocal.obj
 0001:00058a10       __chvalidator              10059a10 f   LIBCMTD:isctype.obj
 0001:00058a60       __chvalidator_l            10059a60 f   LIBCMTD:isctype.obj
 0001:00058b10       __isctype_l                10059b10 f   LIBCMTD:isctype.obj
 0001:00058c30       __isctype                  10059c30 f   LIBCMTD:isctype.obj
 0001:00058c70       ?_JumpToContinuation@@YGXPAXPAUEHRegistrationNode@@@Z 10059c70 f   LIBCMTD:_trnsctrl_.obj
 0001:00058cb0       ?_CallMemberFunction0@@YGXPAX0@Z 10059cb0 f   LIBCMTD:_trnsctrl_.obj
 0001:00058cc0       ?_CallMemberFunction1@@YGXPAX00@Z 10059cc0 f   LIBCMTD:_trnsctrl_.obj
 0001:00058cd0       ?_CallMemberFunction2@@YGXPAX00H@Z 10059cd0 f   LIBCMTD:_trnsctrl_.obj
 0001:00058ce0       ?_UnwindNestedFrames@@YGXPAUEHRegistrationNode@@PAUEHExceptionRecord@@@Z 10059ce0 f   LIBCMTD:_trnsctrl_.obj
 0001:00058d40       ___CxxFrameHandler         10059d40 f   LIBCMTD:_trnsctrl_.obj
 0001:00058d80       ___CxxFrameHandler3        10059d80 f   LIBCMTD:_trnsctrl_.obj
 0001:00058dc0       ___CxxFrameHandler2        10059dc0 f   LIBCMTD:_trnsctrl_.obj
 0001:00058e00       ___CxxLongjmpUnwind@4      10059e00 f   LIBCMTD:_trnsctrl_.obj
 0001:00058e30       ?_CallCatchBlock2@@YAPAXPAUEHRegistrationNode@@PBU_s_FuncInfo@@PAXHK@Z 10059e30 f   LIBCMTD:_trnsctrl_.obj
 0001:00058ef0       ?_CallSETranslator@@YAHPAUEHExceptionRecord@@PAUEHRegistrationNode@@PAX2PBU_s_FuncInfo@@H1@Z 10059ef0 f   LIBCMTD:_trnsctrl_.obj
 0001:00059090       ?_GetRangeOfTrysToCheck@@YAPBU_s_TryBlockMapEntry@@PBU_s_FuncInfo@@HHPAI1@Z 1005a090 f   LIBCMTD:_trnsctrl_.obj
 0001:00059110       __CreateFrameInfo          1005a110 f   LIBCMTD:_trnsctrl_.obj
 0001:00059140       __IsExceptionObjectToBeDestroyed 1005a140 f   LIBCMTD:_trnsctrl_.obj
 0001:00059170       __FindAndUnlinkFrame       1005a170 f   LIBCMTD:_trnsctrl_.obj
 0001:000591d0       ___updatetmbcinfo          1005a1d0 f   LIBCMTD:mbctype.obj
 0001:000592e0       __setmbcp                  1005a2e0 f   LIBCMTD:mbctype.obj
 0001:00059690       __setmbcp_nolock           1005a690 f   LIBCMTD:mbctype.obj
 0001:00059e80       __getmbcp                  1005ae80 f   LIBCMTD:mbctype.obj
 0001:00059ef0       ___initmbctable            1005aef0 f   LIBCMTD:mbctype.obj
 0001:00059f20       ___addlocaleref            1005af20 f   LIBCMTD:localref.obj
 0001:0005a040       ___removelocaleref         1005b040 f   LIBCMTD:localref.obj
 0001:0005a170       ___freetlocinfo            1005b170 f   LIBCMTD:localref.obj
 0001:0005a450       __updatetlocinfoEx_nolock  1005b450 f   LIBCMTD:localref.obj
 0001:0005a4d0       ___updatetlocinfo          1005b4d0 f   LIBCMTD:localref.obj
 0001:0005a5a0       __input_l                  1005b5a0 f   LIBCMTD:input.obj
 0001:0005be20       __INTRN_LOCALE_CONV        1005ce20 f i LIBCMTD:input.obj
 0001:0005bf50       __input_s_l                1005cf50 f   LIBCMTD:inputs.obj
 0001:0005dc90       __except_handler4          1005ec90 f   LIBCMTD:chandler4.obj
 0001:0005deb0       __malloc_dbg               1005eeb0 f   LIBCMTD:dbgheap.obj
 0001:0005dee0       __nh_malloc                1005eee0 f   LIBCMTD:dbgheap.obj
 0001:0005df00       __nh_malloc_dbg            1005ef00 f   LIBCMTD:dbgheap.obj
 0001:0005dfe0       __heap_alloc               1005efe0 f   LIBCMTD:dbgheap.obj
 0001:0005e3c0       __heap_alloc_dbg           1005f3c0 f   LIBCMTD:dbgheap.obj
 0001:0005e420       __calloc_dbg_impl          1005f420 f   LIBCMTD:dbgheap.obj
 0001:0005e4a0       __calloc_dbg               1005f4a0 f   LIBCMTD:dbgheap.obj
 0001:0005e500       __recalloc                 1005f500 f   LIBCMTD:dbgheap.obj
 0001:0005e530       __realloc_dbg              1005f530 f   LIBCMTD:dbgheap.obj
 0001:0005ebd0       __recalloc_dbg             1005fbd0 f   LIBCMTD:dbgheap.obj
 0001:0005ec80       __expand                   1005fc80 f   LIBCMTD:dbgheap.obj
 0001:0005ecb0       __expand_dbg               1005fcb0 f   LIBCMTD:dbgheap.obj
 0001:0005edc0       __free_nolock              1005fdc0 f   LIBCMTD:dbgheap.obj
 0001:0005ede0       __free_dbg                 1005fde0 f   LIBCMTD:dbgheap.obj
 0001:0005ee60       __free_dbg_nolock          1005fe60 f   LIBCMTD:dbgheap.obj
 0001:0005f340       __msize                    10060340 f   LIBCMTD:dbgheap.obj
 0001:0005f360       __msize_dbg                10060360 f   LIBCMTD:dbgheap.obj
 0001:0005f550       __CrtSetBreakAlloc         10060550 f   LIBCMTD:dbgheap.obj
 0001:0005f570       __CrtSetDbgBlockType       10060570 f   LIBCMTD:dbgheap.obj
 0001:0005f660       __CrtSetAllocHook          10060660 f   LIBCMTD:dbgheap.obj
 0001:0005f680       __CrtGetAllocHook          10060680 f   LIBCMTD:dbgheap.obj
 0001:0005f6d0       __CrtCheckMemory           100606d0 f   LIBCMTD:dbgheap.obj
 0001:0005fb30       __CrtSetDbgFlag            10060b30 f   LIBCMTD:dbgheap.obj
 0001:0005fc80       __CrtDoForAllClientObjects 10060c80 f   LIBCMTD:dbgheap.obj
 0001:0005fda0       __CrtIsValidPointer        10060da0 f   LIBCMTD:dbgheap.obj
 0001:0005fdb0       __CrtIsValidHeapPointer    10060db0 f   LIBCMTD:dbgheap.obj
 0001:0005fe00       __CrtIsMemoryBlock         10060e00 f   LIBCMTD:dbgheap.obj
 0001:0005ff70       __CrtReportBlockType       10060f70 f   LIBCMTD:dbgheap.obj
 0001:0005ffa0       __CrtSetDumpClient         10060fa0 f   LIBCMTD:dbgheap.obj
 0001:0005ffc0       __CrtGetDumpClient         10060fc0 f   LIBCMTD:dbgheap.obj
 0001:0005ffd0       __CrtMemCheckpoint         10060fd0 f   LIBCMTD:dbgheap.obj
 0001:000601f0       __CrtMemDifference         100611f0 f   LIBCMTD:dbgheap.obj
 0001:00060410       __CrtMemDumpAllObjectsSince 10061410 f   LIBCMTD:dbgheap.obj
 0001:00060900       __CrtDumpMemoryLeaks       10061900 f   LIBCMTD:dbgheap.obj
 0001:00060980       __CrtMemDumpStatistics     10061980 f   LIBCMTD:dbgheap.obj
 0001:00060a90       __aligned_malloc           10061a90 f   LIBCMTD:dbgheap.obj
 0001:00060ab0       __aligned_malloc_dbg       10061ab0 f   LIBCMTD:dbgheap.obj
 0001:00060ae0       __aligned_realloc          10061ae0 f   LIBCMTD:dbgheap.obj
 0001:00060b10       __aligned_recalloc         10061b10 f   LIBCMTD:dbgheap.obj
 0001:00060b40       __aligned_realloc_dbg      10061b40 f   LIBCMTD:dbgheap.obj
 0001:00060b70       __aligned_recalloc_dbg     10061b70 f   LIBCMTD:dbgheap.obj
 0001:00060ba0       __aligned_offset_malloc    10061ba0 f   LIBCMTD:dbgheap.obj
 0001:00060bc0       __aligned_offset_malloc_dbg 10061bc0 f   LIBCMTD:dbgheap.obj
 0001:00060d80       __aligned_offset_realloc   10061d80 f   LIBCMTD:dbgheap.obj
 0001:00060db0       __aligned_offset_recalloc  10061db0 f   LIBCMTD:dbgheap.obj
 0001:00060de0       __aligned_offset_realloc_dbg 10061de0 f   LIBCMTD:dbgheap.obj
 0001:000610d0       __aligned_offset_recalloc_dbg 100620d0 f   LIBCMTD:dbgheap.obj
 0001:00061190       __aligned_free             10062190 f   LIBCMTD:dbgheap.obj
 0001:000611b0       __aligned_free_dbg         100621b0 f   LIBCMTD:dbgheap.obj
 0001:00061260       __CrtSetDebugFillThreshold 10062260 f   LIBCMTD:dbgheap.obj
 0001:00061280       __CrtSetCheckCount         10062280 f   LIBCMTD:dbgheap.obj
 0001:000612a0       __CrtGetCheckCount         100622a0 f   LIBCMTD:dbgheap.obj
 0001:000612b0       __aligned_msize            100622b0 f   LIBCMTD:dbgheap.obj
 0001:000612d0       __aligned_msize_dbg        100622d0 f   LIBCMTD:dbgheap.obj
 0001:000613e0       __close                    100623e0 f   LIBCMTD:close.obj
 0001:000613e0       _close                     100623e0 f   LIBCMTD:close.obj
 0001:000615f0       __close_nolock             100625f0 f   LIBCMTD:close.obj
 0001:000616c0       _fileno                    100626c0 f   LIBCMTD:fileno.obj
 0001:000616c0       __fileno                   100626c0 f   LIBCMTD:fileno.obj
 0001:00061740       __freebuf                  10062740 f   LIBCMTD:_freebuf.obj
 0001:000617d0       __filbuf                   100627d0 f   LIBCMTD:_filbuf.obj
 0001:00061a20       __ioinit                   10062a20 f   LIBCMTD:ioinit.obj
 0001:00061e30       __ioterm                   10062e30 f   LIBCMTD:ioinit.obj
 0001:00061ed0       __openfile                 10062ed0 f   LIBCMTD:_open.obj
 0001:00062690       __getstream                10063690 f   LIBCMTD:stream.obj
 0001:000628f0       __local_unwind4            100638f0 f   LIBCMTD:exsup4.obj
 0001:000629c6       __seh_longjmp_unwind4@4    100639c6 f   LIBCMTD:exsup4.obj
 0001:000629e2       @_EH4_CallFilterFunc@8     100639e2 f   LIBCMTD:exsup4.obj
 0001:000629f9       @_EH4_TransferToHandler@8  100639f9 f   LIBCMTD:exsup4.obj
 0001:00062a12       @_EH4_GlobalUnwind2@8      10063a12 f   LIBCMTD:exsup4.obj
 0001:00062a2b       @_EH4_LocalUnwind@16       10063a2b f   LIBCMTD:exsup4.obj
 0001:00062a50       __fcloseall                10063a50 f   LIBCMTD:closeall.obj
 0001:00062b80       __cinit                    10063b80 f   LIBCMTD:crt0dat.obj
 0001:00062c20       _exit                      10063c20 f   LIBCMTD:crt0dat.obj
 0001:00062c40       __exit                     10063c40 f   LIBCMTD:crt0dat.obj
 0001:00062c60       __cexit                    10063c60 f   LIBCMTD:crt0dat.obj
 0001:00062c80       __c_exit                   10063c80 f   LIBCMTD:crt0dat.obj
 0001:00062ca0       __amsg_exit                10063ca0 f   LIBCMTD:crt0dat.obj
 0001:00062cd0       ___freeCrtMemory           10063cd0 f   LIBCMTD:crt0dat.obj
 0001:00063010       ___crtCorExitProcess       10064010 f   LIBCMTD:crt0dat.obj
 0001:00063050       ___crtExitProcess          10064050 f   LIBCMTD:crt0dat.obj
 0001:00063070       __lockexit                 10064070 f   LIBCMTD:crt0dat.obj
 0001:00063090       __unlockexit               10064090 f   LIBCMTD:crt0dat.obj
 0001:000630b0       __init_pointers            100640b0 f   LIBCMTD:crt0dat.obj
 0001:00063140       __initterm_e               10064140 f   LIBCMTD:crt0dat.obj
 0001:00063180       __get_wpgmptr              10064180 f   LIBCMTD:crt0dat.obj
 0001:00063270       __get_pgmptr               10064270 f   LIBCMTD:crt0dat.obj
 0001:00063360       __mtinitlocks              10064360 f   LIBCMTD:mlock.obj
 0001:000633f0       __mtdeletelocks            100643f0 f   LIBCMTD:mlock.obj
 0001:000634b0       __mtinitlocknum            100644b0 f   LIBCMTD:mlock.obj
 0001:00063600       __lock                     10064600 f   LIBCMTD:mlock.obj
 0001:00063640       __unlock                   10064640 f   LIBCMTD:mlock.obj
 0001:00063660       __lockerr_exit             10064660 f   LIBCMTD:mlock.obj
 0001:00063680       __stbuf                    10064680 f   LIBCMTD:_sftbuf.obj
 0001:000637e0       __ftbuf                    100647e0 f   LIBCMTD:_sftbuf.obj
 0001:00063870       ___CppXcptFilter           10064870 f   LIBCMTD:winxfltr.obj
 0001:000638a0       __XcptFilter               100648a0 f   LIBCMTD:winxfltr.obj
 0001:00063b00       __alloc_osfhnd             10064b00 f   LIBCMTD:osfinfo.obj
 0001:00063db0       __set_osfhnd               10064db0 f   LIBCMTD:osfinfo.obj
 0001:00063e80       __free_osfhnd              10064e80 f   LIBCMTD:osfinfo.obj
 0001:00063f70       __get_osfhandle            10064f70 f   LIBCMTD:osfinfo.obj
 0001:000640e0       __open_osfhandle           100650e0 f   LIBCMTD:osfinfo.obj
 0001:00064310       ___lock_fhandle            10065310 f   LIBCMTD:osfinfo.obj
 0001:00064410       __unlock_fhandle           10065410 f   LIBCMTD:osfinfo.obj
 0001:00064440       ___loctotime64_t           10065440 f   LIBCMTD:dtoxtm64.obj
 0001:000647c0       __flsbuf                   100657c0 f   LIBCMTD:_flsbuf.obj
 0001:00064a80       __write                    10065a80 f   LIBCMTD:write.obj
 0001:00064cb0       __write_nolock             10065cb0 f   LIBCMTD:write.obj
 0001:000657f0       _read                      100667f0 f   LIBCMTD:read.obj
 0001:000657f0       __read                     100667f0 f   LIBCMTD:read.obj
 0001:00065a80       __read_nolock              10066a80 f   LIBCMTD:read.obj
 0001:000669d0       _memcpy_s                  100679d0 f   LIBCMTD:memcpy_s.obj
 0001:00066b60       ___dtoxmode                10067b60 f   LIBCMTD:stat.obj
 0001:00066cb0       __stat32                   10067cb0 f   LIBCMTD:stat.obj
 0001:000674d0       __open                     100684d0 f   LIBCMTD:open.obj
 0001:000674d0       _open                      100684d0 f   LIBCMTD:open.obj
 0001:00067650       __sopen_helper             10068650 f   LIBCMTD:open.obj
 0001:000688b0       __sopen                    100698b0 f   LIBCMTD:open.obj
 0001:00068930       __sopen_s                  10069930 f   LIBCMTD:open.obj
 0001:00068960       __getdrive                 10069960 f   LIBCMTD:drive.obj
 0001:00068ae0       __chdrive                  10069ae0 f   LIBCMTD:drive.obj
 0001:00068c30       __mbctolower_l             10069c30 f   LIBCMTD:mbtolwr.obj
 0001:00068d80       __mbctolower               10069d80 f   LIBCMTD:mbtolwr.obj
 0001:00068da0       __mbspbrk_l                10069da0 f   LIBCMTD:mbspbrk.obj
 0001:00068fe0       __mbspbrk                  10069fe0 f   LIBCMTD:mbspbrk.obj
 0001:00069000       __fullpath                 1006a000 f   LIBCMTD:fullpath.obj
 0001:00069030       __fullpath_dbg             1006a030 f   LIBCMTD:fullpath.obj
 0001:000691e0       _strnlen                   1006a1e0 f   LIBCMTD:strlen_s.obj
 0001:00069220       __mbsnbicoll_l             1006a220 f   LIBCMTD:mbsnbico.obj
 0001:00069460       __mbsnbicoll               1006a460 f   LIBCMTD:mbsnbico.obj
 0001:00069480       ___wtomb_environ           1006a480 f   LIBCMTD:wtombenv.obj
 0001:00069570       _strcpy_s                  1006a570 f   LIBCMTD:strcpy_s.obj
 0001:00069850       __setdefaultprecision      1006a850 f   LIBCMTD:fp8.obj
 0001:00069890       __forcdecpt                1006a890 f   LIBCMTD:cvt.obj
 0001:000698b0       __forcdecpt_l              1006a8b0 f   LIBCMTD:cvt.obj
 0001:00069970       __cropzeros                1006a970 f   LIBCMTD:cvt.obj
 0001:00069990       __cropzeros_l              1006a990 f   LIBCMTD:cvt.obj
 0001:00069aa0       __positive                 1006aaa0 f   LIBCMTD:cvt.obj
 0001:00069ad0       __fassign_l                1006aad0 f   LIBCMTD:cvt.obj
 0001:00069b30       __fassign                  1006ab30 f   LIBCMTD:cvt.obj
 0001:00069b50       __cftoe_l                  1006ab50 f   LIBCMTD:cvt.obj
 0001:0006a0a0       __cftoe                    1006b0a0 f   LIBCMTD:cvt.obj
 0001:0006a0d0       __cftoa_l                  1006b0d0 f   LIBCMTD:cvt.obj
 0001:0006a8b0       ?strrchr@@YAPADPADH@Z      1006b8b0 f i LIBCMTD:cvt.obj
 0001:0006a8d0       __cftoa                    1006b8d0 f   LIBCMTD:cvt.obj
 0001:0006a900       __cftof_l                  1006b900 f   LIBCMTD:cvt.obj
 0001:0006ad10       __cftof                    1006bd10 f   LIBCMTD:cvt.obj
 0001:0006ad40       __cftog_l                  1006bd40 f   LIBCMTD:cvt.obj
 0001:0006af70       __cftog                    1006bf70 f   LIBCMTD:cvt.obj
 0001:0006afa0       __cfltcvt_l                1006bfa0 f   LIBCMTD:cvt.obj
 0001:0006b060       __cfltcvt                  1006c060 f   LIBCMTD:cvt.obj
 0001:0006b0c0       __initp_misc_cfltcvt_tab   1006c0c0 f   LIBCMTD:cmiscdat.obj
 0001:0006b100       ___crtLCMapStringA         1006c100 f   LIBCMTD:a_map.obj
 0001:0006b3f0       __MarkAllocaS              1006c3f0 f i LIBCMTD:a_map.obj
 0001:0006b420       __freea                    1006c420 f i LIBCMTD:a_map.obj
 0001:0006b4e0       __isleadbyte_l             1006c4e0 f i LIBCMTD:_wctype.obj
 0001:0006b530       _isleadbyte                1006c530 f i LIBCMTD:_wctype.obj
 0001:0006b550       __iswalpha_l               1006c550 f i LIBCMTD:_wctype.obj
 0001:0006b570       _iswalpha                  1006c570 f i LIBCMTD:_wctype.obj
 0001:0006b590       __iswupper_l               1006c590 f i LIBCMTD:_wctype.obj
 0001:0006b5b0       _iswupper                  1006c5b0 f i LIBCMTD:_wctype.obj
 0001:0006b5d0       __iswlower_l               1006c5d0 f i LIBCMTD:_wctype.obj
 0001:0006b5f0       _iswlower                  1006c5f0 f i LIBCMTD:_wctype.obj
 0001:0006b610       __iswdigit_l               1006c610 f i LIBCMTD:_wctype.obj
 0001:0006b630       _iswdigit                  1006c630 f i LIBCMTD:_wctype.obj
 0001:0006b650       __iswxdigit_l              1006c650 f i LIBCMTD:_wctype.obj
 0001:0006b670       _iswxdigit                 1006c670 f i LIBCMTD:_wctype.obj
 0001:0006b690       __iswspace_l               1006c690 f i LIBCMTD:_wctype.obj
 0001:0006b6b0       _iswspace                  1006c6b0 f i LIBCMTD:_wctype.obj
 0001:0006b6d0       __iswpunct_l               1006c6d0 f i LIBCMTD:_wctype.obj
 0001:0006b6f0       _iswpunct                  1006c6f0 f i LIBCMTD:_wctype.obj
 0001:0006b710       __iswalnum_l               1006c710 f i LIBCMTD:_wctype.obj
 0001:0006b730       _iswalnum                  1006c730 f i LIBCMTD:_wctype.obj
 0001:0006b750       __iswprint_l               1006c750 f i LIBCMTD:_wctype.obj
 0001:0006b770       _iswprint                  1006c770 f i LIBCMTD:_wctype.obj
 0001:0006b790       __iswgraph_l               1006c790 f i LIBCMTD:_wctype.obj
 0001:0006b7b0       _iswgraph                  1006c7b0 f i LIBCMTD:_wctype.obj
 0001:0006b7d0       __iswcntrl_l               1006c7d0 f i LIBCMTD:_wctype.obj
 0001:0006b7f0       _iswcntrl                  1006c7f0 f i LIBCMTD:_wctype.obj
 0001:0006b810       _iswascii                  1006c810 f i LIBCMTD:_wctype.obj
 0001:0006b830       __iswcsym_l                1006c830 f i LIBCMTD:_wctype.obj
 0001:0006b870       ___iswcsym                 1006c870 f i LIBCMTD:_wctype.obj
 0001:0006b8b0       __iswcsymf_l               1006c8b0 f i LIBCMTD:_wctype.obj
 0001:0006b8f0       ___iswcsymf                1006c8f0 f i LIBCMTD:_wctype.obj
 0001:0006b930       __output_l                 1006c930 f   LIBCMTD:output.obj
 0001:0006cda0       _get_int_arg               1006dda0 f i LIBCMTD:output.obj
 0001:0006cdc0       _get_int64_arg             1006ddc0 f i LIBCMTD:output.obj
 0001:0006cde0       _get_short_arg             1006dde0 f i LIBCMTD:output.obj
 0001:0006ce00       __vsprintf_l               1006de00 f   LIBCMTD:vsprintf.obj
 0001:0006cfa0       _vsprintf                  1006dfa0 f   LIBCMTD:vsprintf.obj
 0001:0006cfc0       __vscprintf_helper         1006dfc0 f   LIBCMTD:vsprintf.obj
 0001:0006d0a0       __vscprintf                1006e0a0 f   LIBCMTD:vsprintf.obj
 0001:0006d0c0       __vscprintf_l              1006e0c0 f   LIBCMTD:vsprintf.obj
 0001:0006d0e0       __vscprintf_p              1006e0e0 f   LIBCMTD:vsprintf.obj
 0001:0006d100       __vscprintf_p_l            1006e100 f   LIBCMTD:vsprintf.obj
 0001:0006d120       __vsnprintf_helper         1006e120 f   LIBCMTD:vsnprnc.obj
 0001:0006d310       __vsnprintf_c              1006e310 f   LIBCMTD:vsnprnc.obj
 0001:0006d360       __vsnprintf_c_l            1006e360 f   LIBCMTD:vsnprnc.obj
 0001:0006d3b0       __vsprintf_s_l             1006e3b0 f   LIBCMTD:vsnprnc.obj
 0001:0006d620       _vsprintf_s                1006e620 f   LIBCMTD:vsnprnc.obj
 0001:0006d650       __vsnprintf_s_l            1006e650 f   LIBCMTD:vsnprnc.obj
 0001:0006d9f0       __vsnprintf_s              1006e9f0 f   LIBCMTD:vsnprnc.obj
 0001:0006da20       __vsprintf_p               1006ea20 f   LIBCMTD:vsnprnc.obj
 0001:0006da70       __vsprintf_p_l             1006ea70 f   LIBCMTD:vsnprnc.obj
 0001:0006dac0       __gmtime32_s               1006eac0 f   LIBCMTD:gmtime.obj
 0001:0006dd80       ___getgmtimebuf            1006ed80 f   LIBCMTD:gmtime.obj
 0001:0006de00       __gmtime32                 1006ee00 f   LIBCMTD:gmtime.obj
 0001:0006de40       __commit                   1006ee40 f   LIBCMTD:commit.obj
 0001:0006e060       _strncpy_s                 1006f060 f   LIBCMTD:strncpy_s.obj
 0001:0006e450       __lseek                    1006f450 f   LIBCMTD:lseek.obj
 0001:0006e680       __lseek_nolock             1006f680 f   LIBCMTD:lseek.obj
 0001:0006e760       _ftell                     1006f760 f   LIBCMTD:ftell.obj
 0001:0006e850       __ftell_nolock             1006f850 f   LIBCMTD:ftell.obj
 0001:0006eb20       __setenvp                  1006fb20 f   LIBCMTD:stdenvp.obj
 0001:0006ecc0       __setargv                  1006fcc0 f   LIBCMTD:stdargv.obj
 0001:0006ede0       __set_pgmptr               1006fde0 f i LIBCMTD:stdargv.obj
 0001:0006f150       ___crtGetEnvironmentStringsA 10070150 f   LIBCMTD:a_env.obj
 0001:0006f250       __RTC_Initialize           10070250 f   LIBCMTD:_initsect_.obj
 0001:0006f280       __RTC_Terminate            10070280 f   LIBCMTD:_initsect_.obj
 0001:0006f2b0       __heap_init                100702b0 f   LIBCMTD:heapinit.obj
 0001:0006f2f0       __heap_term                100702f0 f   LIBCMTD:heapinit.obj
 0001:0006f310       __get_heap_handle          10070310 f   LIBCMTD:heapinit.obj
 0001:0006f350       ___security_init_cookie    10070350 f   LIBCMTD:gs_support.obj
 0001:0006f430       _DllMain@12                10070430 f   LIBCMTD:dllmain.obj
 0001:0006f440       __CrtSetReportHook2        10070440 f   LIBCMTD:dbgrpt.obj
 0001:0006f770       __CrtDbgReport             10070770 f   LIBCMTD:dbgrpt.obj
 0001:0006f7b0       __CrtDbgReportV            100707b0 f i LIBCMTD:dbgrpt.obj
 0001:0006f7e0       ___crtMessageWindowA       100707e0 f   LIBCMTD:dbgrpt.obj
 0001:0006fbe0       ?_RTC_GetSrcLine@@YAHPAEPA_WKPAH1K@Z 10070be0 f   LIBCMTD:_pdblkup_.obj
 0001:00070090       __CrtDefaultAllocHook      10071090 f   LIBCMTD:dbghook.obj
 0001:000700a0       __crt_debugger_hook        100710a0 f   LIBCMTD:dbghook.obj
 0001:000700c0       __CrtDbgBreak              100710c0 f   LIBCMTD:dbgrptt.obj
 0001:000700d0       __CrtSetReportMode         100710d0 f   LIBCMTD:dbgrptt.obj
 0001:00070210       __CrtSetReportFile         10071210 f   LIBCMTD:dbgrptt.obj
 0001:00070310       __CrtSetReportHook         10071310 f   LIBCMTD:dbgrptt.obj
 0001:00070330       __CrtGetReportHook         10071330 f   LIBCMTD:dbgrptt.obj
 0001:00070340       __VCrtDbgReportA           10071340 f   LIBCMTD:dbgrptt.obj
 0001:00070b70       __VCrtDbgReportW           10071b70 f   LIBCMTD:dbgrptt.obj
 0001:000714a0       __initp_misc_winsig        100724a0 f   LIBCMTD:winsig.obj
 0001:000714d0       _signal                    100724d0 f   LIBCMTD:winsig.obj
 0001:00071970       _raise                     10072970 f   LIBCMTD:winsig.obj
 0001:00071ce0       ___get_sigabrt             10072ce0 f   LIBCMTD:winsig.obj
 0001:00071d00       ___fpecode                 10072d00 f   LIBCMTD:winsig.obj
 0001:00071d10       ___pxcptinfoptrs           10072d10 f   LIBCMTD:winsig.obj
 0001:00071d20       ___crtMessageBoxW          10072d20 f   LIBCMTD:crtmboxw.obj
 0001:00071f40       __swprintf                 10072f40 f   LIBCMTD:swprintf.obj
 0001:00072140       ___swprintf_l              10073140 f   LIBCMTD:swprintf.obj
 0001:00072170       _swprintf_s                10073170 f   LIBCMTD:swprintf.obj
 0001:000721a0       __snwprintf_s              100731a0 f   LIBCMTD:swprintf.obj
 0001:000721d0       __swprintf_p               100731d0 f   LIBCMTD:swprintf.obj
 0001:00072200       __swprintf_s_l             10073200 f   LIBCMTD:swprintf.obj
 0001:00072230       __snwprintf_s_l            10073230 f   LIBCMTD:swprintf.obj
 0001:00072260       __swprintf_p_l             10073260 f   LIBCMTD:swprintf.obj
 0001:00072290       __scwprintf                10073290 f   LIBCMTD:swprintf.obj
 0001:000722b0       __scwprintf_p              100732b0 f   LIBCMTD:swprintf.obj
 0001:000722d0       __scwprintf_l              100732d0 f   LIBCMTD:swprintf.obj
 0001:00072300       __scwprintf_p_l            10073300 f   LIBCMTD:swprintf.obj
 0001:00072330       _wcslen                    10073330 f   LIBCMTD:wcslen.obj
 0001:00072360       _wcscpy_s                  10073360 f   LIBCMTD:wcscpy_s.obj
 0001:00072640       ___pwctype_func            10073640 f   LIBCMTD:ctype.obj
 0001:00072650       ___pctype_func             10073650 f   LIBCMTD:ctype.obj
 0001:000726a0       _localeconv                100736a0 f   LIBCMTD:lconv.obj
 0001:000726f0       ___init_time               100736f0 f   LIBCMTD:inittime.obj
 0001:00073420       ___free_lc_time            10074420 f   LIBCMTD:inittime.obj
 0001:00073a90       ___init_numeric            10074a90 f   LIBCMTD:initnum.obj
 0001:00073e40       ___free_lconv_num          10074e40 f   LIBCMTD:initnum.obj
 0001:00073ef0       ___init_monetary           10074ef0 f   LIBCMTD:initmon.obj
 0001:000744e0       ___free_lconv_mon          100754e0 f   LIBCMTD:initmon.obj
 0001:00074690       ___init_ctype              10075690 f   LIBCMTD:initctyp.obj
 0001:00074c40       ____mb_cur_max_func        10075c40 f   LIBCMTD:initctyp.obj
 0001:00074c90       ____mb_cur_max_l_func      10075c90 f   LIBCMTD:initctyp.obj
 0001:00074cc0       ____lc_codepage_func       10075cc0 f   LIBCMTD:initctyp.obj
 0001:00074d10       ____lc_collate_cp_func     10075d10 f   LIBCMTD:initctyp.obj
 0001:00074d60       ____lc_handle_func         10075d60 f   LIBCMTD:initctyp.obj
 0001:00074db0       ___init_collate            10075db0 f   LIBCMTD:initcoll.obj
 0001:00074dc0       _strcspn                   10075dc0 f   LIBCMTD:strcspn.obj
 0001:00074e10       _strpbrk                   10075e10 f   LIBCMTD:strpbrk.obj
 0001:00074e50       ___crtGetStringTypeA       10075e50 f   LIBCMTD:a_str.obj
 0001:00074fc0       _strcat_s                  10075fc0 f   LIBCMTD:strcat_s.obj
 0001:000753a0       ___get_qualified_locale    100763a0 f   LIBCMTD:getqloc.obj
 0001:00076200       ___InternalCxxFrameHandler 10077200 f   LIBCMTD:frame.obj
 0001:00076800       ??0bad_exception@std@@QAE@PBD@Z 10077800 f i LIBCMTD:frame.obj
 0001:00076830       ??1bad_exception@std@@UAE@XZ 10077830 f i LIBCMTD:frame.obj
 0001:00076850       ??_Gbad_exception@std@@UAEPAXI@Z 10077850 f i LIBCMTD:frame.obj
 0001:00076850       ??_Ebad_exception@std@@UAEPAXI@Z 10077850 f i LIBCMTD:frame.obj
 0001:00076880       ??0bad_exception@std@@QAE@ABV01@@Z 10077880 f i LIBCMTD:frame.obj
 0001:00076a40       ___TypeMatch               10077a40 f   LIBCMTD:frame.obj
 0001:00076af0       ___FrameUnwindFilter       10077af0 f   LIBCMTD:frame.obj
 0001:00076b70       ___FrameUnwindToState      10077b70 f   LIBCMTD:frame.obj
 0001:000770b0       ___BuildCatchObjectHelper  100780b0 f   LIBCMTD:frame.obj
 0001:00077320       ___BuildCatchObject        10078320 f   LIBCMTD:frame.obj
 0001:00077430       ___DestructExceptionObject 10078430 f   LIBCMTD:frame.obj
 0001:000774e0       ___AdjustPointer           100784e0 f   LIBCMTD:frame.obj
 0001:00077530       ?__uncaught_exception@@YA_NXZ 10078530 f   LIBCMTD:frame.obj
 0001:00077550       ___CxxExceptionFilter      10078550 f   LIBCMTD:frame.obj
 0001:00077750       ___CxxRegisterExceptionObject 10078750 f   LIBCMTD:frame.obj
 0001:00077880       ___CxxDetectRethrow        10078880 f   LIBCMTD:frame.obj
 0001:00077910       ___CxxUnregisterExceptionObject 10078910 f   LIBCMTD:frame.obj
 0001:00077a90       ___CxxQueryExceptionSize   10078a90 f   LIBCMTD:frame.obj
 0001:00077aa0       ___CxxCallUnwindDtor       10078aa0 f   LIBCMTD:frame.obj
 0001:00077b20       ___CxxCallUnwindDelDtor    10078b20 f   LIBCMTD:frame.obj
 0001:00077ba0       ___CxxCallUnwindStdDelDtor 10078ba0 f   LIBCMTD:frame.obj
 0001:00077c20       ___CxxCallUnwindVecDtor    10078c20 f   LIBCMTD:frame.obj
 0001:00077e50       ?_is_exception_typeof@@YAHABVtype_info@@PAU_EXCEPTION_POINTERS@@@Z 10078e50 f   LIBCMTD:frame.obj
 0001:00077f30       __CallSettingFrame@12      10078f30 f   LIBCMTD:lowhelpr.obj
 0001:00077f57       __NLG_Return               10078f57     LIBCMTD:lowhelpr.obj
 0001:00077f80       __initp_eh_hooks           10078f80 f   LIBCMTD:hooks.obj
 0001:00077fa0       ?terminate@@YAXXZ          10078fa0 f   LIBCMTD:hooks.obj
 0001:00078020       ?unexpected@@YAXXZ         10079020 f   LIBCMTD:hooks.obj
 0001:00078050       ?_inconsistency@@YAXXZ     10079050 f   LIBCMTD:hooks.obj
 0001:000780e0       __mbtowc_l                 100790e0 f   LIBCMTD:mbtowc.obj
 0001:00078300       _mbtowc                    10079300 f   LIBCMTD:mbtowc.obj
 0001:00078320       __allshl                   10079320 f   LIBCMTD:llshl.obj
 0001:00078340       _ungetc                    10079340 f   LIBCMTD:ungetc.obj
 0001:00078430       __ungetc_nolock            10079430 f   LIBCMTD:ungetc.obj
 0001:00078650       __ValidateImageBase        10079650 f   LIBCMTD:pesect.obj
 0001:000786b0       __FindPESection            100796b0 f   LIBCMTD:pesect.obj
 0001:00078730       __IsNonwritableInCurrentImage 10079730 f   LIBCMTD:pesect.obj
 0001:00078850       __initp_heap_handler       10079850 f   LIBCMTD:handler.obj
 0001:00078860       ?_set_new_handler@@YAP6AHI@ZP6AHI@Z@Z 10079860 f   LIBCMTD:handler.obj
 0001:000788a0       ?_set_new_handler@@YAP6AHI@ZH@Z 100798a0 f   LIBCMTD:handler.obj
 0001:000788e0       ?_query_new_handler@@YAP6AHI@ZXZ 100798e0 f   LIBCMTD:handler.obj
 0001:00078900       __callnewh                 10079900 f   LIBCMTD:handler.obj
 0001:00078940       __malloc_base              10079940 f   LIBCMTD:malloc.obj
 0001:000789d0       __heap_alloc_base          100799d0 f i LIBCMTD:malloc.obj
 0001:00078a30       __expand_base              10079a30 f   LIBCMTD:expand.obj
 0001:00078b90       __realloc_base             10079b90 f   LIBCMTD:realloc.obj
 0001:00078c90       __free_base                10079c90 f   LIBCMTD:free.obj
 0001:00078ce0       __heapchk                  10079ce0 f   LIBCMTD:heapchk.obj
 0001:00078d10       __heapset                  10079d10 f   LIBCMTD:heapchk.obj
 0001:00078d20       __getbuf                   10079d20 f   LIBCMTD:_getbuf.obj
 0001:00078df0       __mbsnbicmp_l              10079df0 f   LIBCMTD:mbsnbicm.obj
 0001:00079290       __mbsnbicmp                1007a290 f   LIBCMTD:mbsnbicm.obj
 0001:000792b0       __mbsnbcmp_l               1007a2b0 f   LIBCMTD:mbsnbcmp.obj
 0001:00079590       __mbsnbcmp                 1007a590 f   LIBCMTD:mbsnbcmp.obj
 0001:000795b0       __global_unwind2           1007a5b0 f   LIBCMTD:exsup.obj
[...]
 0001:0003a840       _set_remote_option         1003b840 f   telnet.obj
 0001:0003a9e0       _send_negotiation          1003b9e0 f   telnet.obj
 0001:0003aac0       _printoption               1003bac0 f   telnet.obj
 0001:0003ac50       _set_local_option          1003bc50 f   telnet.obj
 0001:0003ade0       _check_telnet_options      1003bde0 f   telnet.obj
 0001:0003b220       _telrcv                    1003c220 f   telnet.obj
 0001:0003b890       _rec_will                  1003c890 f   telnet.obj
 0001:0003ba10       _rec_wont                  1003ca10 f   telnet.obj
 0001:0003bb60       _rec_do                    1003cb60 f   telnet.obj
 0001:0003bd50       _rec_dont                  1003cd50 f   telnet.obj
 0001:0003be90       _suboption                 1003ce90 f   telnet.obj
 0001:0003c380       _printsub                  1003d380 f   telnet.obj
 0001:0003c810       _sendsuboption             1003d810 f   telnet.obj
 0001:0003cc20       _send_telnet_data          1003dc20 f   telnet.obj
 0001:0003cda0       _tftp_disconnect           1003dda0 f   tftp.obj
 0001:0003ce60       _tftp_connect              1003de60 f   tftp.obj
 0001:0003d0b0       _tftp_set_timeouts         1003e0b0 f   tftp.obj
 0001:0003d2e0       _time                      1003e2e0 f   tftp.obj
 0001:0003d300       _tftp_done                 1003e300 f   tftp.obj
 0001:0003d370       _tftp_translate_code       1003e370 f   tftp.obj
 0001:0003d4c0       _tftp_getsock              1003e4c0 f   tftp.obj
 0001:0003d4f0       _tftp_multi_statemach      1003e4f0 f   tftp.obj
 0001:0003d6f0       _tftp_state_machine        1003e6f0 f   tftp.obj
 0001:0003d7e0       _tftp_send_first           1003e7e0 f   tftp.obj
 0001:0003dca0       _setpacketevent            1003eca0 f   tftp.obj
 0001:0003dcd0       _tftp_option_add           1003ecd0 f   tftp.obj
 0001:0003dd20       _tftp_connect_for_tx       1003ed20 f   tftp.obj
 0001:0003dda0       _tftp_connect_for_rx       1003eda0 f   tftp.obj
 0001:0003de20       _tftp_rx                   1003ee20 f   tftp.obj
 0001:0003e230       _setpacketblock            1003f230 f   tftp.obj
 0001:0003e260       _getrpacketblock           1003f260 f   tftp.obj
 0001:0003e280       _tftp_tx                   1003f280 f   tftp.obj
 0001:0003e750       _tftp_receive_packet       1003f750 f   tftp.obj
 0001:0003eb10       _getrpacketevent           1003fb10 f   tftp.obj
 0001:0003eb30       _tftp_parse_option_ack     1003fb30 f   tftp.obj
 0001:0003edf0       _tftp_option_get           1003fdf0 f   tftp.obj
 0001:0003ee90       _Curl_strnlen              1003fe90 f   tftp.obj
 0001:0003eef0       _tftp_state_timeout        1003fef0 f   tftp.obj
 0001:0003f010       _tftp_doing                10040010 f   tftp.obj
 0001:0003f050       _tftp_do                   10040050 f   tftp.obj
 0001:0003f0f0       _tftp_perform              100400f0 f   tftp.obj
 0001:0003f1a0       _tftp_easy_statemach       100401a0 f   tftp.obj
 0001:0003f600       _tftp_setup_connection     10040600 f   tftp.obj
 0001:00040190       _readwrite_data            10041190 f   transfer.obj
 0001:00040cb0       _data_pending              10041cb0 f   transfer.obj
 0001:00040cf0       _read_rewind               10041cf0 f   transfer.obj
 0001:00040d20       _readwrite_upload          10041d20 f   transfer.obj
 0001:00041af0       _strlen_url                10042af0 f   transfer.obj
 0001:00041b80       _strcpy_url                10042b80 f   transfer.obj
 0001:00041c50       _is_absolute_url           10042c50 f   transfer.obj
 0001:00041cf0       _concat_url                10042cf0 f   transfer.obj
 0001:00042370       _Curl_do_perform           10043370 f   transfer.obj
 0001:00042730       _Transfer                  10043730 f   transfer.obj
 0001:00042c00       _connect_host              10043c00 f   transfer.obj
 0001:00043070       _setstropt                 10044070 f   url.obj
 0001:00043510       _close_connections         10044510 f   url.obj
 0001:00046610       _setstropt_userpwd         10047610 f   url.obj
 0001:00046790       _conn_free                 10047790 f   url.obj
 0001:00047120       _gethandleathead           10048120 f   url.obj
 0001:00047150       _signalPipeClose           10048150 f   url.obj
 0001:000471e0       _ConnectionKillOne         100481e0 f   url.obj
 0001:000479e0       _ConnectPlease             100489e0 f   url.obj
 0001:00047bf0       _create_conn               10048bf0 f   url.obj
 0001:000485f0       _ConnectionExists          100495f0 f   url.obj
 0001:00048bf0       _SocketIsDead              10049bf0 f   url.obj
 0001:00048c40       _IsPipeliningPossible      10049c40 f   url.obj
 0001:00048cb0       _ConnectionStore           10049cb0 f   url.obj
 0001:00048da0       _allocate_conn             10049da0 f   url.obj
 0001:00049220       _llist_dtor                1004a220 f   url.obj
 0001:00049230       _parseurlandfillconn       1004a230 f   url.obj
 0001:00049730       _findprotocol              1004a730 f   url.obj
 0001:00049800       _setup_range               1004a800 f   url.obj
 0001:00049960       _setup_connection_internals 1004a960 f   url.obj
 0001:00049a10       _check_noproxy             1004aa10 f   url.obj
 0001:00049bc0       _detect_proxy              1004abc0 f   url.obj
 0001:00049de0       _parse_proxy               1004ade0 f   url.obj
 0001:0004a280       _parse_proxy_auth          1004b280 f   url.obj
 0001:0004a420       _parse_url_userpass        1004b420 f   url.obj
 0001:0004a5d0       _parse_remote_port         1004b5d0 f   url.obj
 0001:0004a960       _override_userpass         1004b960 f   url.obj
 0001:0004aa50       _set_userpass              1004ba50 f   url.obj
 0001:0004ab60       _resolve_server            1004bb60 f   url.obj
 0001:0004ad80       _fix_hostname              1004bd80 f   url.obj
 0001:0004adc0       _is_ASCII_name             1004bdc0 f   url.obj
 0001:0004ae20       _reuse_conn                1004be20 f   url.obj
 0001:0004b4c0       _ConnectionDone            1004c4c0 f   url.obj
 0001:0004b4d0       _do_init                   1004c4d0 f   url.obj
 0001:0004b720       _do_complete               1004c720 f   url.obj
 0001:0004c840       ?strtoxq@@YA_KPAUlocaleinfo_struct@@PBDPAPBDHH@Z 1004d840 f   LIBCMTD:strtoq.obj
 0001:0004d040       ?strtoxl@@YAKPAUlocaleinfo_struct@@PBDPAPBDHH@Z 1004e040 f   LIBCMTD:strtol.obj
 0001:0004d600       _vscan_fn                  1004e600 f   LIBCMTD:sscanf.obj
 0001:0004e970       _shortsort                 1004f970 f   LIBCMTD:qsort.obj
 0001:0004e9e0       _swap                      1004f9e0 f   LIBCMTD:qsort.obj
 0001:0004f900       __threadstartex@4          10050900 f   LIBCMTD:threadex.obj
 0001:0004f990       __callthreadstartex        10050990 f   LIBCMTD:threadex.obj
 0001:00051820       _IsRootUNCName             10052820 f   LIBCMTD:stat64.obj
 0001:00051930       __fullpath_helper          10052930 f   LIBCMTD:stat64.obj
 0001:00051de0       __getenv_s_helper          10052de0 f   LIBCMTD:getenv.obj
 0001:00052080       __dupenv_s_helper          10053080 f   LIBCMTD:getenv.obj
 0001:000524a0       _cmpBYTE                   100534a0 f   LIBCMTD:memcmp.obj
 0001:000524d0       _cmpResult                 100534d0 f   LIBCMTD:memcmp.obj
 0001:000524f0       _unaligned_memcmp          100534f0 f   LIBCMTD:memcmp.obj
 0001:00052c00       _cmpWORD                   10053c00 f   LIBCMTD:memcmp.obj
 0001:00052c80       _cmpDWORD                  10053c80 f   LIBCMTD:memcmp.obj
 0001:00054350       _flsall                    10055350 f   LIBCMTD:fflush.obj
 0001:00054ee0       ___DllMainCRTStartup       10055ee0 f   LIBCMTD:dllcrt0.obj
 0001:00055220       ?failwithmessage@@YAXPAXHHPBD@Z 10056220 f   LIBCMTD:_error_.obj
 0001:00055440       ?DebuggerProbe@@YAHK@Z     10056440 f   LIBCMTD:_error_.obj
 0001:000554d0       ?DebuggerRuntime@@YAHKHPAXPB_W@Z 100564d0 f   LIBCMTD:_error_.obj
 0001:000557b0       ?_getMemBlockDataString@@YAXPAD00I@Z 100567b0 f   LIBCMTD:_error_.obj
 0001:000573e0       __copytlocinfo_nolock      100583e0 f   LIBCMTD:setlocal.obj
 0001:000577e0       _sync_legacy_variables_lk  100587e0 f   LIBCMTD:setlocal.obj
 0001:00057820       __setlocale_nolock         10058820 f   LIBCMTD:setlocal.obj
 0001:00057c10       __setlocale_set_cat        10058c10 f   LIBCMTD:setlocal.obj
 0001:00058140       __setlocale_get_all        10059140 f   LIBCMTD:setlocal.obj
 0001:00058ea0       ?CatchGuardHandler@@YA?AW4_EXCEPTION_DISPOSITION@@PAUEHExceptionRecord@@PAUCatchGuardRN@@PAX2@Z 10059ea0 f   LIBCMTD:_trnsctrl_.obj
 0001:00058fe0       ?TranslatorGuardHandler@@YA?AW4_EXCEPTION_DISPOSITION@@PAUEHExceptionRecord@@PAUTranslatorGuardRN@@PAX2@Z 10059fe0 f   LIBCMTD:_trnsctrl_.obj
 0001:00059580       ?getSystemCP@@YAHH@Z       1005a580 f   LIBCMTD:mbctype.obj
 0001:000599e0       ?CPtoLCID@@YAHH@Z          1005a9e0 f   LIBCMTD:mbctype.obj
 0001:00059a60       ?setSBCS@@YAXPAUthreadmbcinfostruct@@@Z 1005aa60 f   LIBCMTD:mbctype.obj
 0001:00059b40       ?setSBUpLow@@YAXPAUthreadmbcinfostruct@@@Z 1005ab40 f   LIBCMTD:mbctype.obj
 0001:0005bd20       ___check_float_string      1005cd20 f   LIBCMTD:input.obj
 0001:0005be40       __hextodec                 1005ce40 f   LIBCMTD:input.obj
 0001:0005be80       __inc                      1005ce80 f   LIBCMTD:input.obj
 0001:0005bee0       __un_inc                   1005cee0 f   LIBCMTD:input.obj
 0001:0005bf00       __whiteout                 1005cf00 f   LIBCMTD:input.obj
 0001:0005da80       ___check_float_string      1005ea80 f   LIBCMTD:inputs.obj
 0001:0005db80       __hextodec                 1005eb80 f   LIBCMTD:inputs.obj
 0001:0005dbc0       __inc                      1005ebc0 f   LIBCMTD:inputs.obj
 0001:0005dc20       __un_inc                   1005ec20 f   LIBCMTD:inputs.obj
 0001:0005dc40       __whiteout                 1005ec40 f   LIBCMTD:inputs.obj
 0001:0005de50       _ValidateLocalCookies      1005ee50 f   LIBCMTD:chandler4.obj
 0001:0005df60       __nh_malloc_dbg_impl       1005ef60 f   LIBCMTD:dbgheap.obj
 0001:0005e000       __heap_alloc_dbg_impl      1005f000 f   LIBCMTD:dbgheap.obj
 0001:0005e5d0       _realloc_help              1005f5d0 f   LIBCMTD:dbgheap.obj
 0001:0005f690       _CheckBytes                10060690 f   LIBCMTD:dbgheap.obj
 0001:00060450       ?_CrtMemDumpAllObjectsSince_stat@@YAXPBU_CrtMemState@@PAUlocaleinfo_struct@@@Z 10061450 f   LIBCMTD:dbgheap.obj
 0001:00060760       __printMemBlockData        10061760 f   LIBCMTD:dbgheap.obj
 0001:00062980       __unwind_handler4          10063980 f   LIBCMTD:exsup4.obj
 0001:00062e20       _doexit                    10063e20 f   LIBCMTD:crt0dat.obj
 0001:00063110       __initterm                 10064110 f   LIBCMTD:crt0dat.obj
 0001:00063aa0       _xcptlookup                10064aa0 f   LIBCMTD:winxfltr.obj
 0001:00067340       _IsRootUNCName             10068340 f   LIBCMTD:stat.obj
 0001:00067450       __fullpath_helper          10068450 f   LIBCMTD:stat.obj
 0001:000678a0       __tsopen_nolock            100688a0 f   LIBCMTD:open.obj
 0001:00069d10       __cftoe2_l                 1006ad10 f   LIBCMTD:cvt.obj
 0001:0006aab0       __cftof2_l                 1006bab0 f   LIBCMTD:cvt.obj
 0001:0006b090       __shift                    1006c090 f   LIBCMTD:cvt.obj
 0001:0006b160       ?__crtLCMapStringA_stat@@YAHPAUlocaleinfo_struct@@KKPBDHPADHHH@Z 1006c160 f   LIBCMTD:a_map.obj
 0001:0006b490       ?strncnt@@YAHPBDH@Z        1006c490 f   LIBCMTD:a_map.obj
 0001:0006cbf0       _write_char                1006dbf0 f   LIBCMTD:output.obj
 0001:0006cca0       _write_multi_char          1006dca0 f   LIBCMTD:output.obj
 0001:0006cce0       _write_string              1006dce0 f   LIBCMTD:output.obj
 0001:0006edf0       _parse_cmdline             1006fdf0 f   LIBCMTD:stdargv.obj
 0001:0006fea0       ?GetPdbDll@@YAPAUHINSTANCE__@@XZ 10070ea0 f   LIBCMTD:_pdblkup_.obj
 0001:00071880       _ctrlevent_capture@4       10072880 f   LIBCMTD:winsig.obj
 0001:00071c80       _siglookup                 10072c80 f   LIBCMTD:winsig.obj
 0001:000727e0       __get_lc_time              100737e0 f   LIBCMTD:inittime.obj
 0001:00073dc0       _fix_grouping              10074dc0 f   LIBCMTD:initnum.obj
 0001:00074460       _fix_grouping              10075460 f   LIBCMTD:initmon.obj
 0001:00074eb0       ?__crtGetStringTypeA_stat@@YAHPAUlocaleinfo_struct@@KPBDHPAGHHH@Z 10075eb0 f   LIBCMTD:a_str.obj
 0001:00075650       _TranslateName             10076650 f   LIBCMTD:getqloc.obj
 0001:000756e0       _GetLcidFromLangCountry    100766e0 f   LIBCMTD:getqloc.obj
 0001:000757a0       _LangCountryEnumProc@4     100767a0 f   LIBCMTD:getqloc.obj
 0001:00075be0       _GetLcidFromLanguage       10076be0 f   LIBCMTD:getqloc.obj
 0001:00075c60       _LanguageEnumProc@4        10076c60 f   LIBCMTD:getqloc.obj
 0001:00075e00       _GetLcidFromCountry        10076e00 f   LIBCMTD:getqloc.obj
 0001:00075e50       _CountryEnumProc@4         10076e50 f   LIBCMTD:getqloc.obj
 0001:00075f50       _GetLcidFromDefault        10076f50 f   LIBCMTD:getqloc.obj
 0001:00075f90       _ProcessCodePage           10076f90 f   LIBCMTD:getqloc.obj
 0001:00076040       _TestDefaultCountry        10077040 f   LIBCMTD:getqloc.obj
 0001:00076090       _TestDefaultLanguage       10077090 f   LIBCMTD:getqloc.obj
 0001:00076110       _LcidFromHexString         10077110 f   LIBCMTD:getqloc.obj
 0001:00076190       _GetPrimaryLen             10077190 f   LIBCMTD:getqloc.obj
 0001:00076360       ?FindHandler@@YAXPAUEHExceptionRecord@@PAUEHRegistrationNode@@PAU_CONTEXT@@PAXPBU_s_FuncInfo@@EH1@Z 10077360 f   LIBCMTD:frame.obj
 0001:000768b0       ?FindHandlerForForeignException@@YAXPAUEHExceptionRecord@@PAUEHRegistrationNode@@PAU_CONTEXT@@PAXPBU_s_FuncInfo@@HH1@Z 100778b0 f   LIBCMTD:frame.obj
 0001:00076cf0       ?CatchIt@@YAXPAUEHExceptionRecord@@PAUEHRegistrationNode@@PAU_CONTEXT@@PAXPBU_s_FuncInfo@@PBU_s_HandlerType@@PBU_s_CatchableType@@PBU_s_TryBlockMapEntry@@H1E@Z 10077cf0 f   LIBCMTD:frame.obj
 0001:00076db0       ?CallCatchBlock@@YAPAXPAUEHExceptionRecord@@PAUEHRegistrationNode@@PAU_CONTEXT@@PBU_s_FuncInfo@@PAXHK@Z 10077db0 f   LIBCMTD:frame.obj
 0001:00077040       ?ExFilterRethrow@@YAHPAU_EXCEPTION_POINTERS@@@Z 10078040 f   LIBCMTD:frame.obj
 0001:00077cb0       ?IsInExceptionSpec@@YAEPAUEHExceptionRecord@@PBU_s_ESTypeList@@@Z 10078cb0 f   LIBCMTD:frame.obj
 0001:00077d70       ?CallUnexpected@@YAXPBU_s_ESTypeList@@@Z 10078d70 f   LIBCMTD:frame.obj
 0001:00077dbe       __catch$?CallUnexpected@@YAXPBU_s_ESTypeList@@@Z$0 10078dbe f   LIBCMTD:frame.obj
 0001:00077e00       ?Is_bad_exception_allowed@@YAEPBU_s_ESTypeList@@@Z 10078e00 f   LIBCMTD:frame.obj
 0001:00078b40       __is_LFH_enabled           10079b40 f   LIBCMTD:expand.obj
 0001:000795d0       __unwind_handler           1007a5d0 f   LIBCMTD:exsup.obj
 0001:00079770       __onexit_nolock            1007a770 f   LIBCMTD:onexit.obj
 0001:0007a420       __tzset_nolock             1007b420 f   LIBCMTD:tzset.obj
 0001:0007aa30       __isindst_nolock           1007ba30 f   LIBCMTD:tzset.obj
 0001:0007ad90       _cvtdate                   1007bd90 f   LIBCMTD:tzset.obj
 0001:0007d520       ?__crtCompareStringA_stat@@YAHPAUlocaleinfo_struct@@KKPBDH1HH@Z 1007e520 f   LIBCMTD:a_cmp.obj
 0001:0007d8b0       ?strncnt@@YAHPBDH@Z        1007e8b0 f   LIBCMTD:a_cmp.obj
 0001:0007e070       _findenv                   1007f070 f   LIBCMTD:setenv.obj
 0001:0007e0f0       _copy_environ              1007f0f0 f   LIBCMTD:setenv.obj
 0001:00083010       _write_char                10084010 f   LIBCMTD:outputp.obj
 0001:000830c0       _write_multi_char          100840c0 f   LIBCMTD:outputp.obj
 0001:00083100       _write_string              10084100 f   LIBCMTD:outputp.obj
 0001:000845f0       _write_char                100855f0 f   LIBCMTD:outputs.obj
 0001:000846a0       _write_multi_char          100856a0 f   LIBCMTD:outputs.obj
 0001:000846e0       _write_string              100856e0 f   LIBCMTD:outputs.obj
 0001:00084ab0       ?x_ismbbtype_l@@YAHPAUlocaleinfo_struct@@IHH@Z 10085ab0 f   LIBCMTD:ismbbyte.obj
 0001:00085570       _xtoa_s@20                 10086570 f   LIBCMTD:xtoas.obj
 0001:00085990       @x64toa_s@24               10086990 f   LIBCMTD:xtoas.obj
 0001:00086240       ?wcsncnt@@YAIPB_WI@Z       10087240 f   LIBCMTD:wcstombs.obj
 0001:000874b0       _xtow_s@20                 100884b0 f   LIBCMTD:xtows.obj
 0001:000878e0       @x64tow_s@24               100888e0 f   LIBCMTD:xtows.obj
 0001:00088d70       _write_char                10089d70 f   LIBCMTD:woutput.obj
 0001:00088dd0       _write_multi_char          10089dd0 f   LIBCMTD:woutput.obj
 0001:00088e10       _write_string              10089e10 f   LIBCMTD:woutput.obj
 0001:0008a730       ?__crtGetLocaleInfoA_stat@@YAHPAUlocaleinfo_struct@@KKPADH@Z 1008b730 f   LIBCMTD:a_loc.obj
 0001:0008ada0       __abstract_cw              1008bda0 f   LIBCMTD:_ieee87_.obj
 0001:0008aef0       __hw_cw                    1008bef0 f   LIBCMTD:_ieee87_.obj
 0001:0008b050       __abstract_sw              1008c050 f   LIBCMTD:_ieee87_.obj
 0001:0008b0e0       ___statusfp_sse2           1008c0e0 f   LIBCMTD:_ieee87_.obj
 0001:0008b100       ___clearfp_sse2            1008c100 f   LIBCMTD:_ieee87_.obj
 0001:0008b130       ___control87_sse2          1008c130 f   LIBCMTD:_ieee87_.obj
 0001:0008b1b0       ___abstract_cw_sse2        1008c1b0 f   LIBCMTD:_ieee87_.obj
 0001:0008b300       ___hw_cw_sse2              1008c300 f   LIBCMTD:_ieee87_.obj
 0001:0008b450       ___abstract_sw_sse2        1008c450 f   LIBCMTD:_ieee87_.obj
 0001:0008b4e0       ___fpreset_sse2            1008c4e0 f   LIBCMTD:_ieee87_.obj
 0001:0008e7a0       _write_char                1008f7a0 f   LIBCMTD:woutputs.obj
 0001:0008e800       _write_multi_char          1008f800 f   LIBCMTD:woutputs.obj
 0001:0008e840       _write_string              1008f840 f   LIBCMTD:woutputs.obj
 0001:00092190       _write_char                10093190 f   LIBCMTD:woutputp.obj
 0001:000921f0       _write_multi_char          100931f0 f   LIBCMTD:woutputp.obj
 0001:00092230       _write_string              10093230 f   LIBCMTD:woutputp.obj
 0001:00093290       ?wcstoxl@@YAKPB_WPAPB_WHH@Z 10094290 f   LIBCMTD:wcstol.obj
 0001:0009d0c0       ?und_strlen@@YAIPBD@Z      1009e0c0 f   LIBCMTD:undname.obj
 0001:0009d100       ?und_memcpy@@YAXPADPBDI@Z  1009e100 f   LIBCMTD:undname.obj
 0001:0009d140       ?und_strncmp@@YAIPBD0I@Z   1009e140 f   LIBCMTD:undname.obj
 0001:0009d820       __unwindfunclet$?strtoxq@@YA_KPAUlocaleinfo_struct@@PBDPAPBDHH@Z$0 1009e820 f   LIBCMTD:strtoq.obj
 0001:0009d828       __ehhandler$?strtoxq@@YA_KPAUlocaleinfo_struct@@PBDPAPBDHH@Z 1009e828 f   LIBCMTD:strtoq.obj
 0001:0009d850       __unwindfunclet$?strtoxl@@YAKPAUlocaleinfo_struct@@PBDPAPBDHH@Z$0 1009e850 f   LIBCMTD:strtol.obj
 0001:0009d858       __ehhandler$?strtoxl@@YAKPAUlocaleinfo_struct@@PBDPAPBDHH@Z 1009e858 f   LIBCMTD:strtol.obj
 0001:0009d880       __unwindfunclet$?getSystemCP@@YAHH@Z$0 1009e880 f   LIBCMTD:mbctype.obj
 0001:0009d888       __ehhandler$?getSystemCP@@YAHH@Z 1009e888 f   LIBCMTD:mbctype.obj
 0001:0009d8b0       __ehhandler$?CallUnexpected@@YAXPBU_s_ESTypeList@@@Z 1009e8b0 f   LIBCMTD:frame.obj
 0001:0009d8d0       __unwindfunclet$?x_ismbbtype_l@@YAHPAUlocaleinfo_struct@@IHH@Z$0 1009e8d0 f   LIBCMTD:ismbbyte.obj
 0001:0009d8d8       __ehhandler$?x_ismbbtype_l@@YAHPAUlocaleinfo_struct@@IHH@Z 1009e8d8 f   LIBCMTD:ismbbyte.obj
 0001:0009d900       __unwindfunclet$?make@DNameStatusNode@@SAPAV1@W4DNameStatus@@@Z$0 1009e900 f   LIBCMTD:undname.obj
 0001:0009d90e       __ehhandler$?make@DNameStatusNode@@SAPAV1@W4DNameStatus@@@Z 1009e90e f   LIBCMTD:undname.obj
